<html>
<body>
<pre>
<h1>礦ision Build Log</h1>
<h2>Tool Versions:</h2>
IDE-Version: μVision V5.18.0.0
Copyright (C) 2016 ARM Ltd and ARM Germany GmbH. All rights reserved.
License Information: bai 2396536, HP Inc., LIC=FQQBS-L3K00-ILBCB-2YTQF-A0NQ6-I4NQ8
 
Tool Versions:
Toolchain:       MDK-ARM Professional  Version: 5.18
Toolchain Path:  D:\KeilMDK5\ARM\ARMCC\Bin
C Compiler:      Armcc.exe V5.06 update 1 (build 61)
Assembler:       Armasm.exe V5.06 update 1 (build 61)
Linker/Locator:  ArmLink.exe V5.06 update 1 (build 61)
Library Manager: ArmAr.exe V5.06 update 1 (build 61)
Hex Converter:   FromElf.exe V5.06 update 1 (build 61)
CPU DLL:         SARMCM3.DLL V5.18
Dialog DLL:      DARMSTM.DLL V1.65.0.0
Target DLL:      STLink\ST-LINKIII-KEIL_SWO.dll V2.0.18.0
Dialog DLL:      TARMSTM.DLL V1.64.0.0
 
<h2>Project:</h2>
F:\电子设计竞赛\21-8-4国赛\训练项目\code\dcp\PWM-Driver\USER\PWM.uvprojx
Project File Date:  07/24/2021

<h2>Output:</h2>
*** Using Compiler 'V5.06 update 1 (build 61)', folder: 'D:\KeilMDK5\ARM\ARMCC\Bin'
Rebuild target 'PWM'
compiling led.c...
compiling stm32f10x_it.c...
compiling key.c...
compiling delay.c...
compiling system_stm32f10x.c...
assembling startup_stm32f10x_hd.s...
compiling timer.c...
compiling main.c...
main.c(21): warning:  #177-D: variable "led0pwmval" was declared but never referenced
   	u16 led0pwmval=0;
main.c(22): warning:  #177-D: variable "duty_cycle_high" was declared but never referenced
  	u16 duty_cycle_high = 15;//占?毡炔??叩?平????时??; 占?毡? = ?叩?平时?? / ????
main.c(23): warning:  #177-D: variable "dir" was declared but never referenced
  	u8 dir=1;	
main.c: 3 warnings, 0 errors
compiling misc.c...
compiling stm32f10x_gpio.c...
compiling usart.c...
compiling core_cm3.c...
compiling stm32f10x_tim.c...
compiling stm32f10x_rcc.c...
compiling sys.c...
compiling stm32f10x_usart.c...
linking...
Program Size: Code=8460 RO-data=336 RW-data=52 ZI-data=1836  
FromELF: creating hex file...
"..\OBJ\PWM.axf" - 0 Error(s), 3 Warning(s).

<h2>Collection of Component include folders:</h2>
  F:\电子设计竞赛\21-8-4国赛\训练项目\code\dcp\PWM-Driver\USER\RTE
  D:\KeilMDK5\ARM\PACK\Keil\STM32F1xx_DFP\1.0.5\Device\Include

<h2>Collection of Component Files used:</h2>
Build Time Elapsed:  00:00:05
</pre>
</body>
</html>
