Component: ARM Compiler 5.06 update 1 (build 61) Tool: armlink [4d35a8]

==============================================================================

Section Cross References

    main.o(i.main) refers to _printf_percent.o(.ARM.Collect$$_printf_percent$$00000000) for _printf_percent
    main.o(i.main) refers to _printf_f.o(.ARM.Collect$$_printf_percent$$00000003) for _printf_f
    main.o(i.main) refers to printf1.o(x$fpl$printf1) for _printf_fp_dec
    main.o(i.main) refers to delay.o(i.delay_init) for delay_init
    main.o(i.main) refers to oled.o(i.OLED_Init) for OLED_Init
    main.o(i.main) refers to oled.o(i.OLED_ColorTurn) for OLED_ColorTurn
    main.o(i.main) refers to oled.o(i.OLED_DisplayTurn) for OLED_DisplayTurn
    main.o(i.main) refers to mpu6050.o(i.MPU_Init) for MPU_Init
    main.o(i.main) refers to uart.o(i.USART1_Init) for USART1_Init
    main.o(i.main) refers to oled.o(i.OLED_ShowString) for OLED_ShowString
    main.o(i.main) refers to oled.o(i.OLED_Refresh) for OLED_Refresh
    main.o(i.main) refers to oled.o(i.OLED_Clear) for OLED_Clear
    main.o(i.main) refers to inv_mpu.o(i.mpu_dmp_init) for mpu_dmp_init
    main.o(i.main) refers to inv_mpu.o(i.mpu_dmp_get_data) for mpu_dmp_get_data
    main.o(i.main) refers to mpu6050.o(i.MPU_Get_Temperature) for MPU_Get_Temperature
    main.o(i.main) refers to mpu6050.o(i.MPU_Get_Accelerometer) for MPU_Get_Accelerometer
    main.o(i.main) refers to mpu6050.o(i.MPU_Get_Gyroscope) for MPU_Get_Gyroscope
    main.o(i.main) refers to f2d.o(x$fpl$f2d) for __aeabi_f2d
    main.o(i.main) refers to noretval__2printf.o(.text) for __2printf
    main.o(i.main) refers to oled.o(i.OLED_ShowFloat) for OLED_ShowFloat
    system_stm32f10x.o(i.SetSysClock) refers to system_stm32f10x.o(i.SetSysClockTo72) for SetSysClockTo72
    system_stm32f10x.o(i.SystemCoreClockUpdate) refers to system_stm32f10x.o(.data) for SystemCoreClock
    system_stm32f10x.o(i.SystemInit) refers to system_stm32f10x.o(i.SetSysClock) for SetSysClock
    startup_stm32f10x_hd.o(STACK) refers (Special) to heapauxi.o(.text) for __use_two_region_memory
    startup_stm32f10x_hd.o(HEAP) refers (Special) to heapauxi.o(.text) for __use_two_region_memory
    startup_stm32f10x_hd.o(RESET) refers (Special) to heapauxi.o(.text) for __use_two_region_memory
    startup_stm32f10x_hd.o(RESET) refers to startup_stm32f10x_hd.o(STACK) for __initial_sp
    startup_stm32f10x_hd.o(RESET) refers to startup_stm32f10x_hd.o(.text) for Reset_Handler
    startup_stm32f10x_hd.o(RESET) refers to stm32f10x_it.o(i.NMI_Handler) for NMI_Handler
    startup_stm32f10x_hd.o(RESET) refers to stm32f10x_it.o(i.HardFault_Handler) for HardFault_Handler
    startup_stm32f10x_hd.o(RESET) refers to stm32f10x_it.o(i.MemManage_Handler) for MemManage_Handler
    startup_stm32f10x_hd.o(RESET) refers to stm32f10x_it.o(i.BusFault_Handler) for BusFault_Handler
    startup_stm32f10x_hd.o(RESET) refers to stm32f10x_it.o(i.UsageFault_Handler) for UsageFault_Handler
    startup_stm32f10x_hd.o(RESET) refers to stm32f10x_it.o(i.SVC_Handler) for SVC_Handler
    startup_stm32f10x_hd.o(RESET) refers to stm32f10x_it.o(i.DebugMon_Handler) for DebugMon_Handler
    startup_stm32f10x_hd.o(RESET) refers to stm32f10x_it.o(i.PendSV_Handler) for PendSV_Handler
    startup_stm32f10x_hd.o(RESET) refers to stm32f10x_it.o(i.SysTick_Handler) for SysTick_Handler
    startup_stm32f10x_hd.o(RESET) refers to uart.o(i.USART1_IRQHandler) for USART1_IRQHandler
    startup_stm32f10x_hd.o(.text) refers (Special) to heapauxi.o(.text) for __use_two_region_memory
    startup_stm32f10x_hd.o(.text) refers to system_stm32f10x.o(i.SystemInit) for SystemInit
    startup_stm32f10x_hd.o(.text) refers to __main.o(!!!main) for __main
    startup_stm32f10x_hd.o(.text) refers to startup_stm32f10x_hd.o(HEAP) for Heap_Mem
    startup_stm32f10x_hd.o(.text) refers to startup_stm32f10x_hd.o(STACK) for Stack_Mem
    stm32f10x_adc.o(i.ADC_DeInit) refers to stm32f10x_rcc.o(i.RCC_APB2PeriphResetCmd) for RCC_APB2PeriphResetCmd
    stm32f10x_bkp.o(i.BKP_DeInit) refers to stm32f10x_rcc.o(i.RCC_BackupResetCmd) for RCC_BackupResetCmd
    stm32f10x_can.o(i.CAN_DeInit) refers to stm32f10x_rcc.o(i.RCC_APB1PeriphResetCmd) for RCC_APB1PeriphResetCmd
    stm32f10x_can.o(i.CAN_GetITStatus) refers to stm32f10x_can.o(i.CheckITStatus) for CheckITStatus
    stm32f10x_cec.o(i.CEC_DeInit) refers to stm32f10x_rcc.o(i.RCC_APB1PeriphResetCmd) for RCC_APB1PeriphResetCmd
    stm32f10x_dac.o(i.DAC_DeInit) refers to stm32f10x_rcc.o(i.RCC_APB1PeriphResetCmd) for RCC_APB1PeriphResetCmd
    stm32f10x_flash.o(i.FLASH_EnableWriteProtection) refers to stm32f10x_flash.o(i.FLASH_WaitForLastOperation) for FLASH_WaitForLastOperation
    stm32f10x_flash.o(i.FLASH_EraseAllBank1Pages) refers to stm32f10x_flash.o(i.FLASH_WaitForLastBank1Operation) for FLASH_WaitForLastBank1Operation
[...]
    i.fputc                                  0x08003f9c   Section        0  usart.o(i.fputc)
    i.get_accel_prod_shift                   0x08003fb8   Section        0  inv_mpu.o(i.get_accel_prod_shift)
    get_accel_prod_shift                     0x08003fb9   Thumb Code   168  inv_mpu.o(i.get_accel_prod_shift)
    i.get_st_biases                          0x0800406c   Section        0  inv_mpu.o(i.get_st_biases)
    get_st_biases                            0x0800406d   Thumb Code  1132  inv_mpu.o(i.get_st_biases)
    i.gyro_self_test                         0x080044dc   Section        0  inv_mpu.o(i.gyro_self_test)
    gyro_self_test                           0x080044dd   Thumb Code   256  inv_mpu.o(i.gyro_self_test)
    i.inv_orientation_matrix_to_scalar       0x080045ec   Section        0  inv_mpu.o(i.inv_orientation_matrix_to_scalar)
    i.inv_row_2_scale                        0x08004614   Section        0  inv_mpu.o(i.inv_row_2_scale)
    i.main                                   0x08004664   Section        0  main.o(i.main)
    i.mget_ms                                0x080047a4   Section        0  inv_mpu.o(i.mget_ms)
    i.mpu_configure_fifo                     0x080047a8   Section        0  inv_mpu.o(i.mpu_configure_fifo)
    i.mpu_dmp_get_data                       0x08004818   Section        0  inv_mpu.o(i.mpu_dmp_get_data)
    i.mpu_dmp_init                           0x08004a3c   Section        0  inv_mpu.o(i.mpu_dmp_init)
    i.mpu_get_accel_fsr                      0x08004adc   Section        0  inv_mpu.o(i.mpu_get_accel_fsr)
    i.mpu_get_accel_sens                     0x08004b28   Section        0  inv_mpu.o(i.mpu_get_accel_sens)
    i.mpu_get_fifo_config                    0x08004b7c   Section        0  inv_mpu.o(i.mpu_get_fifo_config)
    i.mpu_get_gyro_fsr                       0x08004b8c   Section        0  inv_mpu.o(i.mpu_get_gyro_fsr)
    i.mpu_get_gyro_sens                      0x08004bd0   Section        0  inv_mpu.o(i.mpu_get_gyro_sens)
    i.mpu_get_lpf                            0x08004c20   Section        0  inv_mpu.o(i.mpu_get_lpf)
    i.mpu_get_sample_rate                    0x08004c70   Section        0  inv_mpu.o(i.mpu_get_sample_rate)
    i.mpu_init                               0x08004c90   Section        0  inv_mpu.o(i.mpu_init)
    i.mpu_load_firmware                      0x08004e80   Section        0  inv_mpu.o(i.mpu_load_firmware)
    i.mpu_lp_accel_mode                      0x08004f38   Section        0  inv_mpu.o(i.mpu_lp_accel_mode)
    i.mpu_read_fifo_stream                   0x08005018   Section        0  inv_mpu.o(i.mpu_read_fifo_stream)
    i.mpu_read_mem                           0x080050d8   Section        0  inv_mpu.o(i.mpu_read_mem)
    i.mpu_reset_fifo                         0x08005158   Section        0  inv_mpu.o(i.mpu_reset_fifo)
    i.mpu_run_self_test                      0x08005320   Section        0  inv_mpu.o(i.mpu_run_self_test)
    i.mpu_set_accel_fsr                      0x0800543c   Section        0  inv_mpu.o(i.mpu_set_accel_fsr)
    i.mpu_set_bypass                         0x080054c0   Section        0  inv_mpu.o(i.mpu_set_bypass)
    i.mpu_set_dmp_state                      0x0800560c   Section        0  inv_mpu.o(i.mpu_set_dmp_state)
    i.mpu_set_gyro_fsr                       0x0800569c   Section        0  inv_mpu.o(i.mpu_set_gyro_fsr)
    i.mpu_set_int_latched                    0x08005724   Section        0  inv_mpu.o(i.mpu_set_int_latched)
    i.mpu_set_lpf                            0x08005790   Section        0  inv_mpu.o(i.mpu_set_lpf)
    i.mpu_set_sample_rate                    0x08005814   Section        0  inv_mpu.o(i.mpu_set_sample_rate)
    i.mpu_set_sensors                        0x080058b0   Section        0  inv_mpu.o(i.mpu_set_sensors)
    i.mpu_write_mem                          0x08005980   Section        0  inv_mpu.o(i.mpu_write_mem)
    i.run_self_test                          0x08005a00   Section        0  inv_mpu.o(i.run_self_test)
    i.set_int_enable                         0x08005a94   Section        0  inv_mpu.o(i.set_int_enable)
    set_int_enable                           0x08005a95   Thumb Code   138  inv_mpu.o(i.set_int_enable)
    i.sqrt                                   0x08005b24   Section        0  sqrt.o(i.sqrt)
    locale$$code                             0x08005b70   Section       44  lc_numeric_c.o(locale$$code)
    x$fpl$d2f                                0x08005b9c   Section       98  d2f.o(x$fpl$d2f)
    x$fpl$dadd                               0x08005c00   Section      336  daddsub_clz.o(x$fpl$dadd)
    _dadd1                                   0x08005c11   Thumb Code     0  daddsub_clz.o(x$fpl$dadd)
    x$fpl$dcheck1                            0x08005d50   Section       16  dcheck1.o(x$fpl$dcheck1)
    x$fpl$ddiv                               0x08005d60   Section      688  ddiv.o(x$fpl$ddiv)
    ddiv_entry                               0x08005d67   Thumb Code     0  ddiv.o(x$fpl$ddiv)
    x$fpl$dflt                               0x08006010   Section       46  dflt_clz.o(x$fpl$dflt)
    x$fpl$dmul                               0x08006040   Section      340  dmul.o(x$fpl$dmul)
    x$fpl$dnaninf                            0x08006194   Section      156  dnaninf.o(x$fpl$dnaninf)
    x$fpl$dretinf                            0x08006230   Section       12  dretinf.o(x$fpl$dretinf)
    x$fpl$drsb                               0x0800623c   Section       22  daddsub_clz.o(x$fpl$drsb)
    x$fpl$dsqrt                              0x08006254   Section      460  dsqrt_noumaal.o(x$fpl$dsqrt)
    x$fpl$dsub                               0x08006420   Section      468  daddsub_clz.o(x$fpl$dsub)
    _dsub1                                   0x08006431   Thumb Code     0  daddsub_clz.o(x$fpl$dsub)
    x$fpl$f2d                                0x080065f4   Section       86  f2d.o(x$fpl$f2d)
    x$fpl$fadd                               0x0800664c   Section      196  faddsub_clz.o(x$fpl$fadd)
    _fadd1                                   0x0800665b   Thumb Code     0  faddsub_clz.o(x$fpl$fadd)
    x$fpl$fcmpinf                            0x08006710   Section       24  fcmpi.o(x$fpl$fcmpinf)
    x$fpl$fdiv                               0x08006728   Section      388  fdiv.o(x$fpl$fdiv)
    _fdiv1                                   0x08006729   Thumb Code     0  fdiv.o(x$fpl$fdiv)
    x$fpl$feqf                               0x080068ac   Section      104  feqf.o(x$fpl$feqf)
    x$fpl$ffix                               0x08006914   Section       54  ffix.o(x$fpl$ffix)
    x$fpl$ffixu                              0x0800694c   Section       62  ffixu.o(x$fpl$ffixu)
    x$fpl$fflt                               0x0800698c   Section       48  fflt_clz.o(x$fpl$fflt)
    x$fpl$ffltu                              0x080069bc   Section       38  fflt_clz.o(x$fpl$ffltu)
    x$fpl$fleqf                              0x080069e4   Section      104  fleqf.o(x$fpl$fleqf)
    x$fpl$fmul                               0x08006a4c   Section      258  fmul.o(x$fpl$fmul)
    x$fpl$fnaninf                            0x08006b4e   Section      140  fnaninf.o(x$fpl$fnaninf)
    x$fpl$fretinf                            0x08006bda   Section       10  fretinf.o(x$fpl$fretinf)
    x$fpl$frleqf                             0x08006be4   Section       98  frleqf.o(x$fpl$frleqf)
    x$fpl$frsb                               0x08006c46   Section       20  faddsub_clz.o(x$fpl$frsb)
    x$fpl$fsub                               0x08006c5c   Section      234  faddsub_clz.o(x$fpl$fsub)
    _fsub1                                   0x08006c6b   Thumb Code     0  faddsub_clz.o(x$fpl$fsub)
    x$fpl$printf1                            0x08006d46   Section        4  printf1.o(x$fpl$printf1)
    x$fpl$retnan                             0x08006d4a   Section      100  retnan.o(x$fpl$retnan)
    x$fpl$scalbn                             0x08006dae   Section       92  scalbn.o(x$fpl$scalbn)
    x$fpl$trapveneer                         0x08006e0a   Section       48  trapv.o(x$fpl$trapveneer)
    .constdata                               0x08006e3a   Section     3062  inv_mpu_dmp_motion_driver.o(.constdata)
    x$fpl$usenofp                            0x08006e3a   Section        0  usenofp.o(x$fpl$usenofp)
    dmp_memory                               0x08006e3a   Data        3062  inv_mpu_dmp_motion_driver.o(.constdata)
    .constdata                               0x08007a30   Section       80  inv_mpu.o(.constdata)
    .constdata                               0x08007a80   Section     7696  oled.o(.constdata)
    .constdata                               0x08009890   Section       17  __printf_flags_wp.o(.constdata)
    maptable                                 0x08009890   Data          17  __printf_flags_wp.o(.constdata)
    .constdata                               0x080098a8   Section       80  asin.o(.constdata)
    pS                                       0x080098a8   Data          48  asin.o(.constdata)
    qS                                       0x080098d8   Data          32  asin.o(.constdata)
    .constdata                               0x080098f8   Section      152  atan.o(.constdata)
    atanhi                                   0x080098f8   Data          32  atan.o(.constdata)
    atanlo                                   0x08009918   Data          32  atan.o(.constdata)
    aTodd                                    0x08009938   Data          40  atan.o(.constdata)
    aTeven                                   0x08009960   Data          48  atan.o(.constdata)
    .constdata                               0x08009990   Section        8  qnan.o(.constdata)
    .constdata                               0x08009998   Section      148  bigflt0.o(.constdata)
    tenpwrs_x                                0x08009998   Data          60  bigflt0.o(.constdata)
    tenpwrs_i                                0x080099d4   Data          64  bigflt0.o(.constdata)
    .conststring                             0x08009a2c   Section       77  inv_mpu.o(.conststring)
    locale$$data                             0x08009a9c   Section       28  lc_numeric_c.o(locale$$data)
    __lcnum_c_name                           0x08009aa0   Data           2  lc_numeric_c.o(locale$$data)
    __lcnum_c_start                          0x08009aa8   Data           0  lc_numeric_c.o(locale$$data)
    __lcnum_c_point                          0x08009ab4   Data           0  lc_numeric_c.o(locale$$data)
    __lcnum_c_thousands                      0x08009ab6   Data           0  lc_numeric_c.o(locale$$data)
    __lcnum_c_grouping                       0x08009ab7   Data           0  lc_numeric_c.o(locale$$data)
    __lcnum_c_end                            0x08009ab8   Data           0  lc_numeric_c.o(locale$$data)
    .data                                    0x20000000   Section       20  system_stm32f10x.o(.data)
    .data                                    0x20000014   Section       20  stm32f10x_rcc.o(.data)
    APBAHBPrescTable                         0x20000014   Data          16  stm32f10x_rcc.o(.data)
    ADCPrescTable                            0x20000024   Data           4  stm32f10x_rcc.o(.data)
    .data                                    0x20000028   Section        4  delay.o(.data)
    fac_us                                   0x20000028   Data           1  delay.o(.data)
    fac_ms                                   0x2000002a   Data           2  delay.o(.data)
    .data                                    0x2000002c   Section        6  usart.o(.data)
    .data                                    0x20000034   Section       53  inv_mpu.o(.data)
    st                                       0x20000034   Data          44  inv_mpu.o(.data)
    gyro_orientation                         0x20000060   Data           9  inv_mpu.o(.data)
    .bss                                     0x2000006c   Section       16  inv_mpu_dmp_motion_driver.o(.bss)
    dmp                                      0x2000006c   Data          16  inv_mpu_dmp_motion_driver.o(.bss)
    .bss                                     0x2000007c   Section     1152  oled.o(.bss)
    .bss                                     0x200004fc   Section       96  libspace.o(.bss)
    HEAP                                     0x20000560   Section      512  startup_stm32f10x_hd.o(HEAP)
    Heap_Mem                                 0x20000560   Data         512  startup_stm32f10x_hd.o(HEAP)
    STACK                                    0x20000760   Section     1024  startup_stm32f10x_hd.o(STACK)
    Stack_Mem                                0x20000760   Data        1024  startup_stm32f10x_hd.o(STACK)
    __initial_sp                             0x20000b60   Data           0  startup_stm32f10x_hd.o(STACK)

    Global Symbols

    Symbol Name                              Value     Ov Type        Size  Object(Section)

    BuildAttributes$$THM_ISAv4$P$D$K$B$S$PE$A:L22UL41UL21$X:L11$S22US41US21$IEEE1$IW$USESV6$~STKCKD$USESV7$~SHL$OTIME$ROPI$IEEEX$EBA8$UX$STANDARDLIB$REQ8$PRES8$EABIv2 0x00000000   Number         0  anon$$obj.o ABSOLUTE
    __ARM_use_no_argv                        0x00000000   Number         0  main.o ABSOLUTE
    _printf_flags                            0x00000000   Number         0  printf_stubs.o ABSOLUTE
    _printf_return_value                     0x00000000   Number         0  printf_stubs.o ABSOLUTE
    _printf_sizespec                         0x00000000   Number         0  printf_stubs.o ABSOLUTE
    _printf_widthprec                        0x00000000   Number         0  printf_stubs.o ABSOLUTE
    __ARM_exceptions_init                     - Undefined Weak Reference
    __alloca_initialize                       - Undefined Weak Reference
    __arm_preinit_                            - Undefined Weak Reference
    __cpp_initialize__aeabi_                  - Undefined Weak Reference
    __cxa_finalize                            - Undefined Weak Reference
    __sigvec_lookup                           - Undefined Weak Reference
    _atexit_init                              - Undefined Weak Reference
    _call_atexit_fns                          - Undefined Weak Reference
    _clock_init                               - Undefined Weak Reference
    _fp_trap_init                             - Undefined Weak Reference
    _fp_trap_shutdown                         - Undefined Weak Reference
    _get_lc_collate                           - Undefined Weak Reference
    _get_lc_ctype                             - Undefined Weak Reference
    _get_lc_monetary                          - Undefined Weak Reference
    _get_lc_time                              - Undefined Weak Reference
    _getenv_init                              - Undefined Weak Reference
    _handle_redirection                       - Undefined Weak Reference
    _init_alloc                               - Undefined Weak Reference
    _init_user_alloc                          - Undefined Weak Reference
    _initio                                   - Undefined Weak Reference
    _mutex_acquire                            - Undefined Weak Reference
    _mutex_release                            - Undefined Weak Reference
    _printf_truncate_signed                   - Undefined Weak Reference
    _printf_truncate_unsigned                 - Undefined Weak Reference
    _rand_init                                - Undefined Weak Reference
    _signal_finish                            - Undefined Weak Reference
    _signal_init                              - Undefined Weak Reference
    _terminate_alloc                          - Undefined Weak Reference
    _terminate_user_alloc                     - Undefined Weak Reference
    _terminateio                              - Undefined Weak Reference
    __Vectors_Size                           0x00000130   Number         0  startup_stm32f10x_hd.o ABSOLUTE
    __Vectors                                0x08000000   Data           4  startup_stm32f10x_hd.o(RESET)
    __Vectors_End                            0x08000130   Data           0  startup_stm32f10x_hd.o(RESET)
    __main                                   0x08000131   Thumb Code     8  __main.o(!!!main)
    __scatterload                            0x08000139   Thumb Code     0  __scatter.o(!!!scatter)
    __scatterload_rt2                        0x08000139   Thumb Code    44  __scatter.o(!!!scatter)
    __scatterload_rt2_thumb_only             0x08000139   Thumb Code     0  __scatter.o(!!!scatter)
    __scatterload_null                       0x08000147   Thumb Code     0  __scatter.o(!!!scatter)
    __scatterload_copy                       0x0800016d   Thumb Code    26  __scatter_copy.o(!!handler_copy)
    __scatterload_zeroinit                   0x08000189   Thumb Code    28  __scatter_zi.o(!!handler_zi)
    _printf_f                                0x080001a5   Thumb Code     0  _printf_f.o(.ARM.Collect$$_printf_percent$$00000003)
    _printf_percent                          0x080001a5   Thumb Code     0  _printf_percent.o(.ARM.Collect$$_printf_percent$$00000000)
    _printf_d                                0x080001ab   Thumb Code     0  _printf_d.o(.ARM.Collect$$_printf_percent$$00000009)
    _printf_percent_end                      0x080001b1   Thumb Code     0  _printf_percent_end.o(.ARM.Collect$$_printf_percent$$00000017)
    __rt_lib_init                            0x080001b5   Thumb Code     0  libinit.o(.ARM.Collect$$libinit$$00000000)
    __rt_lib_init_fp_1                       0x080001b7   Thumb Code     0  libinit2.o(.ARM.Collect$$libinit$$00000002)
    __rt_lib_init_heap_1                     0x080001b7   Thumb Code     0  libinit2.o(.ARM.Collect$$libinit$$0000000A)
    __rt_lib_init_lc_common                  0x080001b7   Thumb Code     0  libinit2.o(.ARM.Collect$$libinit$$0000000F)
    __rt_lib_init_preinit_1                  0x080001b7   Thumb Code     0  libinit2.o(.ARM.Collect$$libinit$$00000004)
    __rt_lib_init_rand_1                     0x080001b7   Thumb Code     0  libinit2.o(.ARM.Collect$$libinit$$0000000E)
    __rt_lib_init_user_alloc_1               0x080001b7   Thumb Code     0  libinit2.o(.ARM.Collect$$libinit$$0000000C)
    __rt_lib_init_lc_collate_1               0x080001bd   Thumb Code     0  libinit2.o(.ARM.Collect$$libinit$$00000011)
    __rt_lib_init_lc_ctype_1                 0x080001bd   Thumb Code     0  libinit2.o(.ARM.Collect$$libinit$$00000013)
    __rt_lib_init_lc_monetary_1              0x080001bd   Thumb Code     0  libinit2.o(.ARM.Collect$$libinit$$00000015)
    __rt_lib_init_lc_numeric_2               0x080001bd   Thumb Code     0  libinit2.o(.ARM.Collect$$libinit$$00000016)
    __rt_lib_init_alloca_1                   0x080001c7   Thumb Code     0  libinit2.o(.ARM.Collect$$libinit$$0000002E)
    __rt_lib_init_argv_1                     0x080001c7   Thumb Code     0  libinit2.o(.ARM.Collect$$libinit$$0000002C)
    __rt_lib_init_atexit_1                   0x080001c7   Thumb Code     0  libinit2.o(.ARM.Collect$$libinit$$0000001B)
    __rt_lib_init_clock_1                    0x080001c7   Thumb Code     0  libinit2.o(.ARM.Collect$$libinit$$00000021)
    __rt_lib_init_cpp_1                      0x080001c7   Thumb Code     0  libinit2.o(.ARM.Collect$$libinit$$00000032)
    __rt_lib_init_exceptions_1               0x080001c7   Thumb Code     0  libinit2.o(.ARM.Collect$$libinit$$00000030)
    __rt_lib_init_fp_trap_1                  0x080001c7   Thumb Code     0  libinit2.o(.ARM.Collect$$libinit$$0000001F)
    __rt_lib_init_getenv_1                   0x080001c7   Thumb Code     0  libinit2.o(.ARM.Collect$$libinit$$00000023)
    __rt_lib_init_lc_numeric_1               0x080001c7   Thumb Code     0  libinit2.o(.ARM.Collect$$libinit$$00000017)
    __rt_lib_init_lc_time_1                  0x080001c7   Thumb Code     0  libinit2.o(.ARM.Collect$$libinit$$00000019)
    __rt_lib_init_return                     0x080001c7   Thumb Code     0  libinit2.o(.ARM.Collect$$libinit$$00000033)
    __rt_lib_init_signal_1                   0x080001c7   Thumb Code     0  libinit2.o(.ARM.Collect$$libinit$$0000001D)
    __rt_lib_init_stdio_1                    0x080001c7   Thumb Code     0  libinit2.o(.ARM.Collect$$libinit$$00000025)
    __rt_lib_shutdown                        0x080001c9   Thumb Code     0  libshutdown.o(.ARM.Collect$$libshutdown$$00000000)
    __rt_lib_shutdown_cpp_1                  0x080001cb   Thumb Code     0  libshutdown2.o(.ARM.Collect$$libshutdown$$00000002)
    __rt_lib_shutdown_fp_trap_1              0x080001cb   Thumb Code     0  libshutdown2.o(.ARM.Collect$$libshutdown$$00000007)
    __rt_lib_shutdown_heap_1                 0x080001cb   Thumb Code     0  libshutdown2.o(.ARM.Collect$$libshutdown$$0000000F)
    __rt_lib_shutdown_return                 0x080001cb   Thumb Code     0  libshutdown2.o(.ARM.Collect$$libshutdown$$00000010)
    __rt_lib_shutdown_signal_1               0x080001cb   Thumb Code     0  libshutdown2.o(.ARM.Collect$$libshutdown$$0000000A)
    __rt_lib_shutdown_stdio_1                0x080001cb   Thumb Code     0  libshutdown2.o(.ARM.Collect$$libshutdown$$00000004)
    __rt_lib_shutdown_user_alloc_1           0x080001cb   Thumb Code     0  libshutdown2.o(.ARM.Collect$$libshutdown$$0000000C)
    __rt_entry                               0x080001cd   Thumb Code     0  __rtentry.o(.ARM.Collect$$rtentry$$00000000)
    __rt_entry_presh_1                       0x080001cd   Thumb Code     0  __rtentry2.o(.ARM.Collect$$rtentry$$00000002)
    __rt_entry_sh                            0x080001cd   Thumb Code     0  __rtentry4.o(.ARM.Collect$$rtentry$$00000004)
    __rt_entry_li                            0x080001d3   Thumb Code     0  __rtentry2.o(.ARM.Collect$$rtentry$$0000000A)
    __rt_entry_postsh_1                      0x080001d3   Thumb Code     0  __rtentry2.o(.ARM.Collect$$rtentry$$00000009)
    __rt_entry_main                          0x080001d7   Thumb Code     0  __rtentry2.o(.ARM.Collect$$rtentry$$0000000D)
    __rt_entry_postli_1                      0x080001d7   Thumb Code     0  __rtentry2.o(.ARM.Collect$$rtentry$$0000000C)
    __rt_exit                                0x080001df   Thumb Code     0  rtexit.o(.ARM.Collect$$rtexit$$00000000)
    __rt_exit_ls                             0x080001e1   Thumb Code     0  rtexit2.o(.ARM.Collect$$rtexit$$00000003)
    __rt_exit_prels_1                        0x080001e1   Thumb Code     0  rtexit2.o(.ARM.Collect$$rtexit$$00000002)
    __rt_exit_exit                           0x080001e5   Thumb Code     0  rtexit2.o(.ARM.Collect$$rtexit$$00000004)
    Reset_Handler                            0x080001ed   Thumb Code     8  startup_stm32f10x_hd.o(.text)
    ADC1_2_IRQHandler                        0x08000207   Thumb Code     0  startup_stm32f10x_hd.o(.text)
    ADC3_IRQHandler                          0x08000207   Thumb Code     0  startup_stm32f10x_hd.o(.text)
    CAN1_RX1_IRQHandler                      0x08000207   Thumb Code     0  startup_stm32f10x_hd.o(.text)
    CAN1_SCE_IRQHandler                      0x08000207   Thumb Code     0  startup_stm32f10x_hd.o(.text)
    DMA1_Channel1_IRQHandler                 0x08000207   Thumb Code     0  startup_stm32f10x_hd.o(.text)
    DMA1_Channel2_IRQHandler                 0x08000207   Thumb Code     0  startup_stm32f10x_hd.o(.text)
    DMA1_Channel3_IRQHandler                 0x08000207   Thumb Code     0  startup_stm32f10x_hd.o(.text)
    DMA1_Channel4_IRQHandler                 0x08000207   Thumb Code     0  startup_stm32f10x_hd.o(.text)
    DMA1_Channel5_IRQHandler                 0x08000207   Thumb Code     0  startup_stm32f10x_hd.o(.text)
    DMA1_Channel6_IRQHandler                 0x08000207   Thumb Code     0  startup_stm32f10x_hd.o(.text)
    DMA1_Channel7_IRQHandler                 0x08000207   Thumb Code     0  startup_stm32f10x_hd.o(.text)
    DMA2_Channel1_IRQHandler                 0x08000207   Thumb Code     0  startup_stm32f10x_hd.o(.text)
    DMA2_Channel2_IRQHandler                 0x08000207   Thumb Code     0  startup_stm32f10x_hd.o(.text)
    DMA2_Channel3_IRQHandler                 0x08000207   Thumb Code     0  startup_stm32f10x_hd.o(.text)
    DMA2_Channel4_5_IRQHandler               0x08000207   Thumb Code     0  startup_stm32f10x_hd.o(.text)
    EXTI0_IRQHandler                         0x08000207   Thumb Code     0  startup_stm32f10x_hd.o(.text)
    EXTI15_10_IRQHandler                     0x08000207   Thumb Code     0  startup_stm32f10x_hd.o(.text)
    EXTI1_IRQHandler                         0x08000207   Thumb Code     0  startup_stm32f10x_hd.o(.text)
    EXTI2_IRQHandler                         0x08000207   Thumb Code     0  startup_stm32f10x_hd.o(.text)
    EXTI3_IRQHandler                         0x08000207   Thumb Code     0  startup_stm32f10x_hd.o(.text)
    EXTI4_IRQHandler                         0x08000207   Thumb Code     0  startup_stm32f10x_hd.o(.text)
    EXTI9_5_IRQHandler                       0x08000207   Thumb Code     0  startup_stm32f10x_hd.o(.text)
    FLASH_IRQHandler                         0x08000207   Thumb Code     0  startup_stm32f10x_hd.o(.text)
    FSMC_IRQHandler                          0x08000207   Thumb Code     0  startup_stm32f10x_hd.o(.text)
    I2C1_ER_IRQHandler                       0x08000207   Thumb Code     0  startup_stm32f10x_hd.o(.text)
    I2C1_EV_IRQHandler                       0x08000207   Thumb Code     0  startup_stm32f10x_hd.o(.text)
    I2C2_ER_IRQHandler                       0x08000207   Thumb Code     0  startup_stm32f10x_hd.o(.text)
    I2C2_EV_IRQHandler                       0x08000207   Thumb Code     0  startup_stm32f10x_hd.o(.text)
    PVD_IRQHandler                           0x08000207   Thumb Code     0  startup_stm32f10x_hd.o(.text)
    RCC_IRQHandler                           0x08000207   Thumb Code     0  startup_stm32f10x_hd.o(.text)
    RTCAlarm_IRQHandler                      0x08000207   Thumb Code     0  startup_stm32f10x_hd.o(.text)
    RTC_IRQHandler                           0x08000207   Thumb Code     0  startup_stm32f10x_hd.o(.text)
    SDIO_IRQHandler                          0x08000207   Thumb Code     0  startup_stm32f10x_hd.o(.text)
    SPI1_IRQHandler                          0x08000207   Thumb Code     0  startup_stm32f10x_hd.o(.text)
    SPI2_IRQHandler                          0x08000207   Thumb Code     0  startup_stm32f10x_hd.o(.text)
    SPI3_IRQHandler                          0x08000207   Thumb Code     0  startup_stm32f10x_hd.o(.text)
    TAMPER_IRQHandler                        0x08000207   Thumb Code     0  startup_stm32f10x_hd.o(.text)
    TIM1_BRK_IRQHandler                      0x08000207   Thumb Code     0  startup_stm32f10x_hd.o(.text)
    TIM1_CC_IRQHandler                       0x08000207   Thumb Code     0  startup_stm32f10x_hd.o(.text)
    TIM1_TRG_COM_IRQHandler                  0x08000207   Thumb Code     0  startup_stm32f10x_hd.o(.text)
    TIM1_UP_IRQHandler                       0x08000207   Thumb Code     0  startup_stm32f10x_hd.o(.text)
    TIM2_IRQHandler                          0x08000207   Thumb Code     0  startup_stm32f10x_hd.o(.text)
    TIM3_IRQHandler                          0x08000207   Thumb Code     0  startup_stm32f10x_hd.o(.text)
    TIM4_IRQHandler                          0x08000207   Thumb Code     0  startup_stm32f10x_hd.o(.text)
    TIM5_IRQHandler                          0x08000207   Thumb Code     0  startup_stm32f10x_hd.o(.text)
    TIM6_IRQHandler                          0x08000207   Thumb Code     0  startup_stm32f10x_hd.o(.text)
    TIM7_IRQHandler                          0x08000207   Thumb Code     0  startup_stm32f10x_hd.o(.text)
    TIM8_BRK_IRQHandler                      0x08000207   Thumb Code     0  startup_stm32f10x_hd.o(.text)
    TIM8_CC_IRQHandler                       0x08000207   Thumb Code     0  startup_stm32f10x_hd.o(.text)
    TIM8_TRG_COM_IRQHandler                  0x08000207   Thumb Code     0  startup_stm32f10x_hd.o(.text)
    TIM8_UP_IRQHandler                       0x08000207   Thumb Code     0  startup_stm32f10x_hd.o(.text)
    UART4_IRQHandler                         0x08000207   Thumb Code     0  startup_stm32f10x_hd.o(.text)
    UART5_IRQHandler                         0x08000207   Thumb Code     0  startup_stm32f10x_hd.o(.text)
    USART2_IRQHandler                        0x08000207   Thumb Code     0  startup_stm32f10x_hd.o(.text)
    USART3_IRQHandler                        0x08000207   Thumb Code     0  startup_stm32f10x_hd.o(.text)
    USBWakeUp_IRQHandler                     0x08000207   Thumb Code     0  startup_stm32f10x_hd.o(.text)
    USB_HP_CAN1_TX_IRQHandler                0x08000207   Thumb Code     0  startup_stm32f10x_hd.o(.text)
    USB_LP_CAN1_RX0_IRQHandler               0x08000207   Thumb Code     0  startup_stm32f10x_hd.o(.text)
    WWDG_IRQHandler                          0x08000207   Thumb Code     0  startup_stm32f10x_hd.o(.text)
    __user_initial_stackheap                 0x08000209   Thumb Code     0  startup_stm32f10x_hd.o(.text)
    __use_no_semihosting                     0x0800022d   Thumb Code     2  use_no_semi_2.o(.text)
    __aeabi_ldivmod                          0x0800022f   Thumb Code     0  llsdiv.o(.text)
    _ll_sdiv                                 0x0800022f   Thumb Code    72  llsdiv.o(.text)
    __2printf                                0x08000279   Thumb Code    20  noretval__2printf.o(.text)
    _printf_int_dec                          0x08000291   Thumb Code   104  _printf_dec.o(.text)
    __printf                                 0x08000309   Thumb Code   308  __printf_flags_wp.o(.text)
    memcmp                                   0x08000441   Thumb Code    88  memcmp.o(.text)
    __aeabi_memset                           0x08000499   Thumb Code    16  aeabi_memset.o(.text)
    __use_two_region_memory                  0x080004a9   Thumb Code     2  heapauxi.o(.text)
    __rt_heap_escrow$2region                 0x080004ab   Thumb Code     2  heapauxi.o(.text)
    __rt_heap_expand$2region                 0x080004ad   Thumb Code     2  heapauxi.o(.text)
    __I$use$semihosting                      0x080004af   Thumb Code     0  use_no_semi.o(.text)
    __use_no_semihosting_swi                 0x080004af   Thumb Code     2  use_no_semi.o(.text)
    __aeabi_uldivmod                         0x080004b1   Thumb Code     0  lludivv7m.o(.text)
    _ll_udiv                                 0x080004b1   Thumb Code   238  lludivv7m.o(.text)
    __read_errno                             0x0800059f   Thumb Code    10  _rserrno.o(.text)
    __set_errno                              0x080005a9   Thumb Code    12  _rserrno.o(.text)
    _printf_int_common                       0x080005b5   Thumb Code   178  _printf_intcommon.o(.text)
    __lib_sel_fp_printf                      0x08000667   Thumb Code     2  _printf_fp_dec.o(.text)
    _printf_fp_dec_real                      0x08000815   Thumb Code   620  _printf_fp_dec.o(.text)
    _printf_char_file                        0x08000a81   Thumb Code    32  _printf_char_file.o(.text)
    __aeabi_memclr                           0x08000aa5   Thumb Code     0  rt_memclr.o(.text)
    __rt_memclr                              0x08000aa5   Thumb Code    68  rt_memclr.o(.text)
    _memset                                  0x08000aa9   Thumb Code     0  rt_memclr.o(.text)
    __rt_locale                              0x08000ae9   Thumb Code     8  rt_locale_intlibspace.o(.text)
    __aeabi_errno_addr                       0x08000af1   Thumb Code     8  rt_errno_addr_intlibspace.o(.text)
    __errno$intlibspace                      0x08000af1   Thumb Code     0  rt_errno_addr_intlibspace.o(.text)
    __rt_errno_addr$intlibspace              0x08000af1   Thumb Code     0  rt_errno_addr_intlibspace.o(.text)
    _ll_udiv10                               0x08000af9   Thumb Code   138  lludiv10.o(.text)
    _printf_char_common                      0x08000b8f   Thumb Code    32  _printf_char_common.o(.text)
    _printf_fp_infnan                        0x08000bb5   Thumb Code   112  _printf_fp_infnan.o(.text)
    _btod_etento                             0x08000c35   Thumb Code   216  bigflt0.o(.text)
    ferror                                   0x08000d11   Thumb Code     8  ferror.o(.text)
    __aeabi_memclr4                          0x08000d19   Thumb Code     0  rt_memclr_w.o(.text)
    __aeabi_memclr8                          0x08000d19   Thumb Code     0  rt_memclr_w.o(.text)
    __rt_memclr_w                            0x08000d19   Thumb Code    78  rt_memclr_w.o(.text)
    _memset_w                                0x08000d1d   Thumb Code     0  rt_memclr_w.o(.text)
    __user_libspace                          0x08000d69   Thumb Code     8  libspace.o(.text)
    __user_perproc_libspace                  0x08000d69   Thumb Code     0  libspace.o(.text)
    __user_perthread_libspace                0x08000d69   Thumb Code     0  libspace.o(.text)
    __user_setup_stackheap                   0x08000d71   Thumb Code    74  sys_stackheap_outer.o(.text)
    exit                                     0x08000dbb   Thumb Code    18  exit.o(.text)
    strcmp                                   0x08000dcd   Thumb Code   128  strcmpv7m.o(.text)
    _btod_d2e                                0x08000e4d   Thumb Code    62  btod.o(CL$$btod_d2e)
    _d2e_denorm_low                          0x08000e8b   Thumb Code    70  btod.o(CL$$btod_d2e_denorm_low)
    _d2e_norm_op1                            0x08000ed1   Thumb Code    96  btod.o(CL$$btod_d2e_norm_op1)
    __btod_div_common                        0x08000f31   Thumb Code   696  btod.o(CL$$btod_div_common)
    _e2e                                     0x08001269   Thumb Code   198  btod.o(CL$$btod_e2e)
    _btod_ediv                               0x0800132f   Thumb Code    40  btod.o(CL$$btod_ediv)
    _btod_emul                               0x08001357   Thumb Code    40  btod.o(CL$$btod_emul)
    __btod_mult_common                       0x0800137f   Thumb Code   580  btod.o(CL$$btod_mult_common)
    BusFault_Handler                         0x080015c3   Thumb Code     4  stm32f10x_it.o(i.BusFault_Handler)
    DebugMon_Handler                         0x080015c7   Thumb Code     2  stm32f10x_it.o(i.DebugMon_Handler)
    GPIO_Init                                0x080015c9   Thumb Code   278  stm32f10x_gpio.o(i.GPIO_Init)
    GPIO_PinRemapConfig                      0x080016e1   Thumb Code   138  stm32f10x_gpio.o(i.GPIO_PinRemapConfig)
    GPIO_ResetBits                           0x08001771   Thumb Code     4  stm32f10x_gpio.o(i.GPIO_ResetBits)
    GPIO_SetBits                             0x08001775   Thumb Code     4  stm32f10x_gpio.o(i.GPIO_SetBits)
    HardFault_Handler                        0x08001779   Thumb Code     4  stm32f10x_it.o(i.HardFault_Handler)
    I2C_Start                                0x0800177d   Thumb Code    48  olediic.o(i.I2C_Start)
    I2C_Stop                                 0x080017b1   Thumb Code    32  olediic.o(i.I2C_Stop)
    I2C_WaitAck                              0x080017d5   Thumb Code    40  olediic.o(i.I2C_WaitAck)
    IIC_delay                                0x08001801   Thumb Code    16  olediic.o(i.IIC_delay)
    MPU_Get_Accelerometer                    0x08001811   Thumb Code    80  mpu6050.o(i.MPU_Get_Accelerometer)
    MPU_Get_Gyroscope                        0x08001861   Thumb Code    80  mpu6050.o(i.MPU_Get_Gyroscope)
    MPU_Get_Temperature                      0x080018b1   Thumb Code    86  mpu6050.o(i.MPU_Get_Temperature)
    MPU_IIC_Ack                              0x08001919   Thumb Code    62  mpuiic.o(i.MPU_IIC_Ack)
    MPU_IIC_Delay                            0x08001965   Thumb Code    10  mpuiic.o(i.MPU_IIC_Delay)
    MPU_IIC_Init                             0x08001971   Thumb Code    50  mpuiic.o(i.MPU_IIC_Init)
    MPU_IIC_NAck                             0x080019a9   Thumb Code    62  mpuiic.o(i.MPU_IIC_NAck)
    MPU_IIC_Read_Byte                        0x080019f5   Thumb Code    94  mpuiic.o(i.MPU_IIC_Read_Byte)
    MPU_IIC_Send_Byte                        0x08001a61   Thumb Code    80  mpuiic.o(i.MPU_IIC_Send_Byte)
    MPU_IIC_Start                            0x08001abd   Thumb Code    60  mpuiic.o(i.MPU_IIC_Start)
    MPU_IIC_Stop                             0x08001b05   Thumb Code    58  mpuiic.o(i.MPU_IIC_Stop)
    MPU_IIC_Wait_Ack                         0x08001b4d   Thumb Code    86  mpuiic.o(i.MPU_IIC_Wait_Ack)
    MPU_Init                                 0x08001bb1   Thumb Code   180  mpu6050.o(i.MPU_Init)
    MPU_Read_Byte                            0x08001c71   Thumb Code    58  mpu6050.o(i.MPU_Read_Byte)
    MPU_Read_Len                             0x08001cab   Thumb Code   116  mpu6050.o(i.MPU_Read_Len)
    MPU_Set_Accel_Fsr                        0x08001d1f   Thumb Code    16  mpu6050.o(i.MPU_Set_Accel_Fsr)
    MPU_Set_Gyro_Fsr                         0x08001d2f   Thumb Code    16  mpu6050.o(i.MPU_Set_Gyro_Fsr)
    MPU_Set_LPF                              0x08001d3f   Thumb Code    58  mpu6050.o(i.MPU_Set_LPF)
    MPU_Set_Rate                             0x08001d79   Thumb Code    58  mpu6050.o(i.MPU_Set_Rate)
    MPU_Write_Byte                           0x08001db3   Thumb Code    68  mpu6050.o(i.MPU_Write_Byte)
    MPU_Write_Len                            0x08001df7   Thumb Code    96  mpu6050.o(i.MPU_Write_Len)
    MemManage_Handler                        0x08001e57   Thumb Code     4  stm32f10x_it.o(i.MemManage_Handler)
    My_abs                                   0x08001e5b   Thumb Code    24  oled.o(i.My_abs)
    NMI_Handler                              0x08001e73   Thumb Code     2  stm32f10x_it.o(i.NMI_Handler)
    NVIC_Init                                0x08001e75   Thumb Code   100  misc.o(i.NVIC_Init)
    OLED_Clear                               0x08001ee5   Thumb Code    42  oled.o(i.OLED_Clear)
    OLED_ColorTurn                           0x08001f15   Thumb Code    28  oled.o(i.OLED_ColorTurn)
    OLED_DisplayTurn                         0x08001f31   Thumb Code    44  oled.o(i.OLED_DisplayTurn)
    OLED_DrawPoint                           0x08001f5d   Thumb Code   114  oled.o(i.OLED_DrawPoint)
    OLED_Init                                0x08001fd5   Thumb Code   258  oled.o(i.OLED_Init)
    OLED_Pow                                 0x080020dd   Thumb Code    22  oled.o(i.OLED_Pow)
    OLED_Refresh                             0x080020f5   Thumb Code   100  oled.o(i.OLED_Refresh)
    OLED_ShowChar                            0x0800215d   Thumb Code   300  oled.o(i.OLED_ShowChar)
    OLED_ShowFloat                           0x08002299   Thumb Code   482  oled.o(i.OLED_ShowFloat)
    OLED_ShowNum                             0x08002485   Thumb Code   140  oled.o(i.OLED_ShowNum)
    OLED_ShowString                          0x08002511   Thumb Code    74  oled.o(i.OLED_ShowString)
    OLED_WR_Byte                             0x0800255b   Thumb Code    56  oled.o(i.OLED_WR_Byte)
    PendSV_Handler                           0x08002593   Thumb Code     2  stm32f10x_it.o(i.PendSV_Handler)
    RCC_APB2PeriphClockCmd                   0x08002595   Thumb Code    26  stm32f10x_rcc.o(i.RCC_APB2PeriphClockCmd)
    RCC_GetClocksFreq                        0x080025b5   Thumb Code   192  stm32f10x_rcc.o(i.RCC_GetClocksFreq)
    SVC_Handler                              0x08002689   Thumb Code     2  stm32f10x_it.o(i.SVC_Handler)
    Send_Byte                                0x0800268d   Thumb Code    70  olediic.o(i.Send_Byte)
    SysTick_CLKSourceConfig                  0x080027c1   Thumb Code    40  misc.o(i.SysTick_CLKSourceConfig)
    SysTick_Handler                          0x080027e9   Thumb Code     2  stm32f10x_it.o(i.SysTick_Handler)
    SystemInit                               0x080027ed   Thumb Code    78  system_stm32f10x.o(i.SystemInit)
    USART1_IRQHandler                        0x0800284d   Thumb Code    26  uart.o(i.USART1_IRQHandler)
    USART1_Init                              0x0800286d   Thumb Code   170  uart.o(i.USART1_Init)
    USART_ClearFlag                          0x08002921   Thumb Code    18  stm32f10x_usart.o(i.USART_ClearFlag)
    USART_ClearITPendingBit                  0x08002933   Thumb Code    30  stm32f10x_usart.o(i.USART_ClearITPendingBit)
    USART_Cmd                                0x08002951   Thumb Code    24  stm32f10x_usart.o(i.USART_Cmd)
    USART_GetITStatus                        0x08002969   Thumb Code    84  stm32f10x_usart.o(i.USART_GetITStatus)
    USART_ITConfig                           0x080029bd   Thumb Code    74  stm32f10x_usart.o(i.USART_ITConfig)
    USART_Init                               0x08002a09   Thumb Code   210  stm32f10x_usart.o(i.USART_Init)
    UsageFault_Handler                       0x08002ae1   Thumb Code     4  stm32f10x_it.o(i.UsageFault_Handler)
    __ARM_fpclassify                         0x08002ae5   Thumb Code    40  fpclassify.o(i.__ARM_fpclassify)
    __kernel_poly                            0x08002b0d   Thumb Code   170  poly.o(i.__kernel_poly)
    __mathlib_dbl_infnan                     0x08002bb7   Thumb Code     6  dunder.o(i.__mathlib_dbl_infnan)
    __mathlib_dbl_infnan2                    0x08002bbd   Thumb Code     4  dunder.o(i.__mathlib_dbl_infnan2)
    __mathlib_dbl_invalid                    0x08002bc1   Thumb Code    12  dunder.o(i.__mathlib_dbl_invalid)
    __mathlib_dbl_underflow                  0x08002bcd   Thumb Code    10  dunder.o(i.__mathlib_dbl_underflow)
    _is_digit                                0x08002bdd   Thumb Code    14  __printf_wp.o(i._is_digit)
    _sys_exit                                0x08002beb   Thumb Code     4  usart.o(i._sys_exit)
    asin                                     0x08002c99   Thumb Code   572  asin.o(i.asin)
    atan                                     0x08002f09   Thumb Code   474  atan.o(i.atan)
    atan2                                    0x08003129   Thumb Code   346  atan2.o(i.atan2)
    delay_init                               0x0800330d   Thumb Code    50  delay.o(i.delay_init)
    delay_ms                                 0x08003351   Thumb Code    72  delay.o(i.delay_ms)
    delay_us                                 0x0800339d   Thumb Code    72  delay.o(i.delay_us)
    dmp_enable_6x_lp_quat                    0x080033e9   Thumb Code    60  inv_mpu_dmp_motion_driver.o(i.dmp_enable_6x_lp_quat)
    dmp_enable_feature                       0x08003425   Thumb Code   530  inv_mpu_dmp_motion_driver.o(i.dmp_enable_feature)
    dmp_enable_gyro_cal                      0x08003641   Thumb Code    62  inv_mpu_dmp_motion_driver.o(i.dmp_enable_gyro_cal)
    dmp_enable_lp_quat                       0x08003699   Thumb Code    60  inv_mpu_dmp_motion_driver.o(i.dmp_enable_lp_quat)
    dmp_load_motion_driver_firmware          0x080036d5   Thumb Code    20  inv_mpu_dmp_motion_driver.o(i.dmp_load_motion_driver_firmware)
    dmp_read_fifo                            0x080036ed   Thumb Code   456  inv_mpu_dmp_motion_driver.o(i.dmp_read_fifo)
    dmp_set_accel_bias                       0x080038b9   Thumb Code   300  inv_mpu_dmp_motion_driver.o(i.dmp_set_accel_bias)
    dmp_set_fifo_rate                        0x080039e9   Thumb Code    96  inv_mpu_dmp_motion_driver.o(i.dmp_set_fifo_rate)
    dmp_set_gyro_bias                        0x08003a59   Thumb Code   294  inv_mpu_dmp_motion_driver.o(i.dmp_set_gyro_bias)
    dmp_set_orientation                      0x08003b89   Thumb Code   290  inv_mpu_dmp_motion_driver.o(i.dmp_set_orientation)
    dmp_set_shake_reject_thresh              0x08003cc1   Thumb Code    56  inv_mpu_dmp_motion_driver.o(i.dmp_set_shake_reject_thresh)
    dmp_set_shake_reject_time                0x08003cf9   Thumb Code    38  inv_mpu_dmp_motion_driver.o(i.dmp_set_shake_reject_time)
    dmp_set_shake_reject_timeout             0x08003d1f   Thumb Code    38  inv_mpu_dmp_motion_driver.o(i.dmp_set_shake_reject_timeout)
    dmp_set_tap_axes                         0x08003d45   Thumb Code    70  inv_mpu_dmp_motion_driver.o(i.dmp_set_tap_axes)
    dmp_set_tap_count                        0x08003d8b   Thumb Code    38  inv_mpu_dmp_motion_driver.o(i.dmp_set_tap_count)
    dmp_set_tap_thresh                       0x08003db1   Thumb Code   396  inv_mpu_dmp_motion_driver.o(i.dmp_set_tap_thresh)
    dmp_set_tap_time                         0x08003f51   Thumb Code    38  inv_mpu_dmp_motion_driver.o(i.dmp_set_tap_time)
    dmp_set_tap_time_multi                   0x08003f77   Thumb Code    38  inv_mpu_dmp_motion_driver.o(i.dmp_set_tap_time_multi)
    fputc                                    0x08003f9d   Thumb Code    24  usart.o(i.fputc)
    inv_orientation_matrix_to_scalar         0x080045ed   Thumb Code    40  inv_mpu.o(i.inv_orientation_matrix_to_scalar)
    inv_row_2_scale                          0x08004615   Thumb Code    78  inv_mpu.o(i.inv_row_2_scale)
    main                                     0x08004665   Thumb Code   256  main.o(i.main)
    mget_ms                                  0x080047a5   Thumb Code     2  inv_mpu.o(i.mget_ms)
    mpu_configure_fifo                       0x080047a9   Thumb Code   106  inv_mpu.o(i.mpu_configure_fifo)
    mpu_dmp_get_data                         0x08004819   Thumb Code   544  inv_mpu.o(i.mpu_dmp_get_data)
    mpu_dmp_init                             0x08004a3d   Thumb Code   154  inv_mpu.o(i.mpu_dmp_init)
    mpu_get_accel_fsr                        0x08004add   Thumb Code    72  inv_mpu.o(i.mpu_get_accel_fsr)
    mpu_get_accel_sens                       0x08004b29   Thumb Code    78  inv_mpu.o(i.mpu_get_accel_sens)
    mpu_get_fifo_config                      0x08004b7d   Thumb Code    12  inv_mpu.o(i.mpu_get_fifo_config)
    mpu_get_gyro_fsr                         0x08004b8d   Thumb Code    64  inv_mpu.o(i.mpu_get_gyro_fsr)
    mpu_get_gyro_sens                        0x08004bd1   Thumb Code    58  inv_mpu.o(i.mpu_get_gyro_sens)
    mpu_get_lpf                              0x08004c21   Thumb Code    74  inv_mpu.o(i.mpu_get_lpf)
    mpu_get_sample_rate                      0x08004c71   Thumb Code    26  inv_mpu.o(i.mpu_get_sample_rate)
    mpu_init                                 0x08004c91   Thumb Code   416  inv_mpu.o(i.mpu_init)
    mpu_load_firmware                        0x08004e81   Thumb Code   180  inv_mpu.o(i.mpu_load_firmware)
    mpu_lp_accel_mode                        0x08004f39   Thumb Code   218  inv_mpu.o(i.mpu_lp_accel_mode)
    mpu_read_fifo_stream                     0x08005019   Thumb Code   186  inv_mpu.o(i.mpu_read_fifo_stream)
    mpu_read_mem                             0x080050d9   Thumb Code   122  inv_mpu.o(i.mpu_read_mem)
    mpu_reset_fifo                           0x08005159   Thumb Code   450  inv_mpu.o(i.mpu_reset_fifo)
    mpu_run_self_test                        0x08005321   Thumb Code   278  inv_mpu.o(i.mpu_run_self_test)
    mpu_set_accel_fsr                        0x0800543d   Thumb Code   126  inv_mpu.o(i.mpu_set_accel_fsr)
    mpu_set_bypass                           0x080054c1   Thumb Code   328  inv_mpu.o(i.mpu_set_bypass)
    mpu_set_dmp_state                        0x0800560d   Thumb Code   138  inv_mpu.o(i.mpu_set_dmp_state)
    mpu_set_gyro_fsr                         0x0800569d   Thumb Code   132  inv_mpu.o(i.mpu_set_gyro_fsr)
    mpu_set_int_latched                      0x08005725   Thumb Code   102  inv_mpu.o(i.mpu_set_int_latched)
    mpu_set_lpf                              0x08005791   Thumb Code   126  inv_mpu.o(i.mpu_set_lpf)
    mpu_set_sample_rate                      0x08005815   Thumb Code   152  inv_mpu.o(i.mpu_set_sample_rate)
    mpu_set_sensors                          0x080058b1   Thumb Code   202  inv_mpu.o(i.mpu_set_sensors)
    mpu_write_mem                            0x08005981   Thumb Code   122  inv_mpu.o(i.mpu_write_mem)
    run_self_test                            0x08005a01   Thumb Code   148  inv_mpu.o(i.run_self_test)
    sqrt                                     0x08005b25   Thumb Code    76  sqrt.o(i.sqrt)
    _get_lc_numeric                          0x08005b71   Thumb Code    44  lc_numeric_c.o(locale$$code)
    __aeabi_d2f                              0x08005b9d   Thumb Code     0  d2f.o(x$fpl$d2f)
    _d2f                                     0x08005b9d   Thumb Code    98  d2f.o(x$fpl$d2f)
    __aeabi_dadd                             0x08005c01   Thumb Code     0  daddsub_clz.o(x$fpl$dadd)
    _dadd                                    0x08005c01   Thumb Code   332  daddsub_clz.o(x$fpl$dadd)
    __fpl_dcheck_NaN1                        0x08005d51   Thumb Code    10  dcheck1.o(x$fpl$dcheck1)
    __aeabi_ddiv                             0x08005d61   Thumb Code     0  ddiv.o(x$fpl$ddiv)
    _ddiv                                    0x08005d61   Thumb Code   552  ddiv.o(x$fpl$ddiv)
    __aeabi_i2d                              0x08006011   Thumb Code     0  dflt_clz.o(x$fpl$dflt)
    _dflt                                    0x08006011   Thumb Code    46  dflt_clz.o(x$fpl$dflt)
    __aeabi_dmul                             0x08006041   Thumb Code     0  dmul.o(x$fpl$dmul)
    _dmul                                    0x08006041   Thumb Code   332  dmul.o(x$fpl$dmul)
    __fpl_dnaninf                            0x08006195   Thumb Code   156  dnaninf.o(x$fpl$dnaninf)
    __fpl_dretinf                            0x08006231   Thumb Code    12  dretinf.o(x$fpl$dretinf)
    __aeabi_drsub                            0x0800623d   Thumb Code     0  daddsub_clz.o(x$fpl$drsb)
    _drsb                                    0x0800623d   Thumb Code    22  daddsub_clz.o(x$fpl$drsb)
    _dsqrt                                   0x08006255   Thumb Code   456  dsqrt_noumaal.o(x$fpl$dsqrt)
    __aeabi_dsub                             0x08006421   Thumb Code     0  daddsub_clz.o(x$fpl$dsub)
    _dsub                                    0x08006421   Thumb Code   464  daddsub_clz.o(x$fpl$dsub)
    __aeabi_f2d                              0x080065f5   Thumb Code     0  f2d.o(x$fpl$f2d)
    _f2d                                     0x080065f5   Thumb Code    86  f2d.o(x$fpl$f2d)
    __aeabi_fadd                             0x0800664d   Thumb Code     0  faddsub_clz.o(x$fpl$fadd)
    _fadd                                    0x0800664d   Thumb Code   196  faddsub_clz.o(x$fpl$fadd)
    __fpl_fcmp_Inf                           0x08006711   Thumb Code    24  fcmpi.o(x$fpl$fcmpinf)
    __aeabi_fdiv                             0x08006729   Thumb Code     0  fdiv.o(x$fpl$fdiv)
    _fdiv                                    0x08006729   Thumb Code   384  fdiv.o(x$fpl$fdiv)
    __aeabi_cfcmpeq                          0x080068ad   Thumb Code     0  feqf.o(x$fpl$feqf)
    _fcmpeq                                  0x080068ad   Thumb Code   104  feqf.o(x$fpl$feqf)
    __aeabi_f2iz                             0x08006915   Thumb Code     0  ffix.o(x$fpl$ffix)
    _ffix                                    0x08006915   Thumb Code    54  ffix.o(x$fpl$ffix)
    __aeabi_f2uiz                            0x0800694d   Thumb Code     0  ffixu.o(x$fpl$ffixu)
    _ffixu                                   0x0800694d   Thumb Code    62  ffixu.o(x$fpl$ffixu)
    __aeabi_i2f                              0x0800698d   Thumb Code     0  fflt_clz.o(x$fpl$fflt)
    _fflt                                    0x0800698d   Thumb Code    48  fflt_clz.o(x$fpl$fflt)
    __aeabi_ui2f                             0x080069bd   Thumb Code     0  fflt_clz.o(x$fpl$ffltu)
    _ffltu                                   0x080069bd   Thumb Code    38  fflt_clz.o(x$fpl$ffltu)
    __aeabi_cfcmple                          0x080069e5   Thumb Code     0  fleqf.o(x$fpl$fleqf)
    _fcmple                                  0x080069e5   Thumb Code   104  fleqf.o(x$fpl$fleqf)
    __fpl_fcmple_InfNaN                      0x08006a37   Thumb Code     0  fleqf.o(x$fpl$fleqf)
    __aeabi_fmul                             0x08006a4d   Thumb Code     0  fmul.o(x$fpl$fmul)
    _fmul                                    0x08006a4d   Thumb Code   258  fmul.o(x$fpl$fmul)
    __fpl_fnaninf                            0x08006b4f   Thumb Code   140  fnaninf.o(x$fpl$fnaninf)
    __fpl_fretinf                            0x08006bdb   Thumb Code    10  fretinf.o(x$fpl$fretinf)
    __aeabi_cfrcmple                         0x08006be5   Thumb Code     0  frleqf.o(x$fpl$frleqf)
    _frcmple                                 0x08006be5   Thumb Code    98  frleqf.o(x$fpl$frleqf)
    __aeabi_frsub                            0x08006c47   Thumb Code     0  faddsub_clz.o(x$fpl$frsb)
    _frsb                                    0x08006c47   Thumb Code    20  faddsub_clz.o(x$fpl$frsb)
    __aeabi_fsub                             0x08006c5d   Thumb Code     0  faddsub_clz.o(x$fpl$fsub)
    _fsub                                    0x08006c5d   Thumb Code   234  faddsub_clz.o(x$fpl$fsub)
    _printf_fp_dec                           0x08006d47   Thumb Code     4  printf1.o(x$fpl$printf1)
    __fpl_return_NaN                         0x08006d4b   Thumb Code   100  retnan.o(x$fpl$retnan)
    __ARM_scalbn                             0x08006daf   Thumb Code    92  scalbn.o(x$fpl$scalbn)
    __fpl_cmpreturn                          0x08006e0b   Thumb Code    48  trapv.o(x$fpl$trapveneer)
    __I$use$fp                               0x08006e3a   Number         0  usenofp.o(x$fpl$usenofp)
    reg                                      0x08007a30   Data          27  inv_mpu.o(.constdata)
    hw                                       0x08007a4c   Data          12  inv_mpu.o(.constdata)
    test                                     0x08007a58   Data          40  inv_mpu.o(.constdata)
    asc2_0806                                0x08007a80   Data         552  oled.o(.constdata)
    asc2_1206                                0x08007ca8   Data        1140  oled.o(.constdata)
    asc2_1608                                0x0800811c   Data        1520  oled.o(.constdata)
    asc2_2412                                0x0800870c   Data        3420  oled.o(.constdata)
    Hzk1                                     0x08009468   Data         352  oled.o(.constdata)
    Hzk2                                     0x080095c8   Data          72  oled.o(.constdata)
    Hzk3                                     0x08009610   Data         128  oled.o(.constdata)
    Hzk4                                     0x08009690   Data         512  oled.o(.constdata)
    __mathlib_zero                           0x08009990   Data           8  qnan.o(.constdata)
    Region$$Table$$Base                      0x08009a7c   Number         0  anon$$obj.o(Region$$Table)
    Region$$Table$$Limit                     0x08009a9c   Number         0  anon$$obj.o(Region$$Table)
    SystemCoreClock                          0x20000000   Data           4  system_stm32f10x.o(.data)
    AHBPrescTable                            0x20000004   Data          16  system_stm32f10x.o(.data)
    __stdout                                 0x2000002c   Data           4  usart.o(.data)
    USART_RX_STA                             0x20000030   Data           2  usart.o(.data)
    OLED_GRAM                                0x2000007c   Data        1152  oled.o(.bss)
    __libspace_start                         0x200004fc   Data          96  libspace.o(.bss)
    __temporary_stack_top$libspace           0x2000055c   Data           0  libspace.o(.bss)



==============================================================================

Memory Map of the image

  Image Entry point : 0x08000131

  Load Region LR_IROM1 (Base: 0x08000000, Size: 0x00009b24, Max: 0x00010000, ABSOLUTE)

    Execution Region ER_IROM1 (Base: 0x08000000, Size: 0x00009ab8, Max: 0x00010000, ABSOLUTE)

    Base Addr    Size         Type   Attr      Idx    E Section Name        Object

    0x08000000   0x00000130   Data   RO          261    RESET               startup_stm32f10x_hd.o
    0x08000130   0x00000008   Code   RO         4249  * !!!main             c_w.l(__main.o)
    0x08000138   0x00000034   Code   RO         4619    !!!scatter          c_w.l(__scatter.o)
    0x0800016c   0x0000001a   Code   RO         4621    !!handler_copy      c_w.l(__scatter_copy.o)
    0x08000186   0x00000002   PAD
    0x08000188   0x0000001c   Code   RO         4623    !!handler_zi        c_w.l(__scatter_zi.o)
    0x080001a4   0x00000000   Code   RO         4242    .ARM.Collect$$_printf_percent$$00000000  c_w.l(_printf_percent.o)
    0x080001a4   0x00000006   Code   RO         4241    .ARM.Collect$$_printf_percent$$00000003  c_w.l(_printf_f.o)
    0x080001aa   0x00000006   Code   RO         4240    .ARM.Collect$$_printf_percent$$00000009  c_w.l(_printf_d.o)
    0x080001b0   0x00000004   Code   RO         4338    .ARM.Collect$$_printf_percent$$00000017  c_w.l(_printf_percent_end.o)
    0x080001b4   0x00000002   Code   RO         4486    .ARM.Collect$$libinit$$00000000  c_w.l(libinit.o)
    0x080001b6   0x00000000   Code   RO         4488    .ARM.Collect$$libinit$$00000002  c_w.l(libinit2.o)
    0x080001b6   0x00000000   Code   RO         4490    .ARM.Collect$$libinit$$00000004  c_w.l(libinit2.o)
    0x080001b6   0x00000000   Code   RO         4493    .ARM.Collect$$libinit$$0000000A  c_w.l(libinit2.o)
    0x080001b6   0x00000000   Code   RO         4495    .ARM.Collect$$libinit$$0000000C  c_w.l(libinit2.o)
    0x080001b6   0x00000000   Code   RO         4497    .ARM.Collect$$libinit$$0000000E  c_w.l(libinit2.o)
    0x080001b6   0x00000006   Code   RO         4498    .ARM.Collect$$libinit$$0000000F  c_w.l(libinit2.o)
    0x080001bc   0x00000000   Code   RO         4500    .ARM.Collect$$libinit$$00000011  c_w.l(libinit2.o)
    0x080001bc   0x00000000   Code   RO         4502    .ARM.Collect$$libinit$$00000013  c_w.l(libinit2.o)
    0x080001bc   0x00000000   Code   RO         4504    .ARM.Collect$$libinit$$00000015  c_w.l(libinit2.o)
    0x080001bc   0x0000000a   Code   RO         4505    .ARM.Collect$$libinit$$00000016  c_w.l(libinit2.o)
    0x080001c6   0x00000000   Code   RO         4506    .ARM.Collect$$libinit$$00000017  c_w.l(libinit2.o)
    0x080001c6   0x00000000   Code   RO         4508    .ARM.Collect$$libinit$$00000019  c_w.l(libinit2.o)
    0x080001c6   0x00000000   Code   RO         4510    .ARM.Collect$$libinit$$0000001B  c_w.l(libinit2.o)
    0x080001c6   0x00000000   Code   RO         4512    .ARM.Collect$$libinit$$0000001D  c_w.l(libinit2.o)
    0x080001c6   0x00000000   Code   RO         4514    .ARM.Collect$$libinit$$0000001F  c_w.l(libinit2.o)
    0x080001c6   0x00000000   Code   RO         4516    .ARM.Collect$$libinit$$00000021  c_w.l(libinit2.o)
    0x080001c6   0x00000000   Code   RO         4518    .ARM.Collect$$libinit$$00000023  c_w.l(libinit2.o)
    0x080001c6   0x00000000   Code   RO         4520    .ARM.Collect$$libinit$$00000025  c_w.l(libinit2.o)
    0x080001c6   0x00000000   Code   RO         4524    .ARM.Collect$$libinit$$0000002C  c_w.l(libinit2.o)
    0x080001c6   0x00000000   Code   RO         4526    .ARM.Collect$$libinit$$0000002E  c_w.l(libinit2.o)
    0x080001c6   0x00000000   Code   RO         4528    .ARM.Collect$$libinit$$00000030  c_w.l(libinit2.o)
    0x080001c6   0x00000000   Code   RO         4530    .ARM.Collect$$libinit$$00000032  c_w.l(libinit2.o)
    0x080001c6   0x00000002   Code   RO         4531    .ARM.Collect$$libinit$$00000033  c_w.l(libinit2.o)
    0x080001c8   0x00000002   Code   RO         4579    .ARM.Collect$$libshutdown$$00000000  c_w.l(libshutdown.o)
    0x080001ca   0x00000000   Code   RO         4588    .ARM.Collect$$libshutdown$$00000002  c_w.l(libshutdown2.o)
    0x080001ca   0x00000000   Code   RO         4590    .ARM.Collect$$libshutdown$$00000004  c_w.l(libshutdown2.o)
    0x080001ca   0x00000000   Code   RO         4593    .ARM.Collect$$libshutdown$$00000007  c_w.l(libshutdown2.o)
    0x080001ca   0x00000000   Code   RO         4596    .ARM.Collect$$libshutdown$$0000000A  c_w.l(libshutdown2.o)
    0x080001ca   0x00000000   Code   RO         4598    .ARM.Collect$$libshutdown$$0000000C  c_w.l(libshutdown2.o)
    0x080001ca   0x00000000   Code   RO         4601    .ARM.Collect$$libshutdown$$0000000F  c_w.l(libshutdown2.o)
    0x080001ca   0x00000002   Code   RO         4602    .ARM.Collect$$libshutdown$$00000010  c_w.l(libshutdown2.o)
    0x080001cc   0x00000000   Code   RO         4327    .ARM.Collect$$rtentry$$00000000  c_w.l(__rtentry.o)
    0x080001cc   0x00000000   Code   RO         4392    .ARM.Collect$$rtentry$$00000002  c_w.l(__rtentry2.o)
    0x080001cc   0x00000006   Code   RO         4404    .ARM.Collect$$rtentry$$00000004  c_w.l(__rtentry4.o)
    0x080001d2   0x00000000   Code   RO         4394    .ARM.Collect$$rtentry$$00000009  c_w.l(__rtentry2.o)
    0x080001d2   0x00000004   Code   RO         4395    .ARM.Collect$$rtentry$$0000000A  c_w.l(__rtentry2.o)
    0x080001d6   0x00000000   Code   RO         4397    .ARM.Collect$$rtentry$$0000000C  c_w.l(__rtentry2.o)
    0x080001d6   0x00000008   Code   RO         4398    .ARM.Collect$$rtentry$$0000000D  c_w.l(__rtentry2.o)
    0x080001de   0x00000002   Code   RO         4536    .ARM.Collect$$rtexit$$00000000  c_w.l(rtexit.o)
    0x080001e0   0x00000000   Code   RO         4549    .ARM.Collect$$rtexit$$00000002  c_w.l(rtexit2.o)
    0x080001e0   0x00000004   Code   RO         4550    .ARM.Collect$$rtexit$$00000003  c_w.l(rtexit2.o)
    0x080001e4   0x00000006   Code   RO         4551    .ARM.Collect$$rtexit$$00000004  c_w.l(rtexit2.o)
    0x080001ea   0x00000002   PAD
    0x080001ec   0x00000040   Code   RO          262    .text               startup_stm32f10x_hd.o
    0x0800022c   0x00000002   Code   RO         4184    .text               c_w.l(use_no_semi_2.o)
    0x0800022e   0x00000048   Code   RO         4186    .text               c_w.l(llsdiv.o)
    0x08000276   0x00000002   PAD
    0x08000278   0x00000018   Code   RO         4190    .text               c_w.l(noretval__2printf.o)
    0x08000290   0x00000078   Code   RO         4196    .text               c_w.l(_printf_dec.o)
    0x08000308   0x00000138   Code   RO         4231    .text               c_w.l(__printf_flags_wp.o)
    0x08000440   0x00000058   Code   RO         4243    .text               c_w.l(memcmp.o)
    0x08000498   0x00000010   Code   RO         4245    .text               c_w.l(aeabi_memset.o)
    0x080004a8   0x00000006   Code   RO         4247    .text               c_w.l(heapauxi.o)
    0x080004ae   0x00000002   Code   RO         4325    .text               c_w.l(use_no_semi.o)
    0x080004b0   0x000000ee   Code   RO         4328    .text               c_w.l(lludivv7m.o)
    0x0800059e   0x00000016   Code   RO         4330    .text               c_w.l(_rserrno.o)
    0x080005b4   0x000000b2   Code   RO         4332    .text               c_w.l(_printf_intcommon.o)
    0x08000666   0x0000041a   Code   RO         4334    .text               c_w.l(_printf_fp_dec.o)
    0x08000a80   0x00000024   Code   RO         4336    .text               c_w.l(_printf_char_file.o)
    0x08000aa4   0x00000044   Code   RO         4339    .text               c_w.l(rt_memclr.o)
    0x08000ae8   0x00000008   Code   RO         4413    .text               c_w.l(rt_locale_intlibspace.o)
    0x08000af0   0x00000008   Code   RO         4418    .text               c_w.l(rt_errno_addr_intlibspace.o)
    0x08000af8   0x0000008a   Code   RO         4420    .text               c_w.l(lludiv10.o)
    0x08000b82   0x00000002   PAD
    0x08000b84   0x00000030   Code   RO         4422    .text               c_w.l(_printf_char_common.o)
    0x08000bb4   0x00000080   Code   RO         4424    .text               c_w.l(_printf_fp_infnan.o)
    0x08000c34   0x000000dc   Code   RO         4426    .text               c_w.l(bigflt0.o)
    0x08000d10   0x00000008   Code   RO         4451    .text               c_w.l(ferror.o)
    0x08000d18   0x0000004e   Code   RO         4458    .text               c_w.l(rt_memclr_w.o)
    0x08000d66   0x00000002   PAD
    0x08000d68   0x00000008   Code   RO         4468    .text               c_w.l(libspace.o)
    0x08000d70   0x0000004a   Code   RO         4471    .text               c_w.l(sys_stackheap_outer.o)
    0x08000dba   0x00000012   Code   RO         4477    .text               c_w.l(exit.o)
    0x08000dcc   0x00000080   Code   RO         4479    .text               c_w.l(strcmpv7m.o)
    0x08000e4c   0x0000003e   Code   RO         4429    CL$$btod_d2e        c_w.l(btod.o)
    0x08000e8a   0x00000046   Code   RO         4431    CL$$btod_d2e_denorm_low  c_w.l(btod.o)
    0x08000ed0   0x00000060   Code   RO         4430    CL$$btod_d2e_norm_op1  c_w.l(btod.o)
    0x08000f30   0x00000338   Code   RO         4439    CL$$btod_div_common  c_w.l(btod.o)
    0x08001268   0x000000c6   Code   RO         4436    CL$$btod_e2e        c_w.l(btod.o)
    0x0800132e   0x00000028   Code   RO         4433    CL$$btod_ediv       c_w.l(btod.o)
    0x08001356   0x00000028   Code   RO         4432    CL$$btod_emul       c_w.l(btod.o)
    0x0800137e   0x00000244   Code   RO         4438    CL$$btod_mult_common  c_w.l(btod.o)
    0x080015c2   0x00000004   Code   RO          136    i.BusFault_Handler  stm32f10x_it.o
    0x080015c6   0x00000002   Code   RO          137    i.DebugMon_Handler  stm32f10x_it.o
    0x080015c8   0x00000116   Code   RO         1428    i.GPIO_Init         stm32f10x_gpio.o
    0x080016de   0x00000002   PAD
    0x080016e0   0x00000090   Code   RO         1430    i.GPIO_PinRemapConfig  stm32f10x_gpio.o
    0x08001770   0x00000004   Code   RO         1435    i.GPIO_ResetBits    stm32f10x_gpio.o
    0x08001774   0x00000004   Code   RO         1436    i.GPIO_SetBits      stm32f10x_gpio.o
    0x08001778   0x00000004   Code   RO          138    i.HardFault_Handler  stm32f10x_it.o
    0x0800177c   0x00000034   Code   RO         4128    i.I2C_Start         olediic.o
    0x080017b0   0x00000024   Code   RO         4129    i.I2C_Stop          olediic.o
    0x080017d4   0x0000002c   Code   RO         4130    i.I2C_WaitAck       olediic.o
    0x08001800   0x00000010   Code   RO         4131    i.IIC_delay         olediic.o
    0x08001810   0x00000050   Code   RO         3333    i.MPU_Get_Accelerometer  mpu6050.o
    0x08001860   0x00000050   Code   RO         3334    i.MPU_Get_Gyroscope  mpu6050.o
    0x080018b0   0x00000068   Code   RO         3335    i.MPU_Get_Temperature  mpu6050.o
    0x08001918   0x0000004c   Code   RO         3415    i.MPU_IIC_Ack       mpuiic.o
    0x08001964   0x0000000a   Code   RO         3416    i.MPU_IIC_Delay     mpuiic.o
    0x0800196e   0x00000002   PAD
    0x08001970   0x00000038   Code   RO         3417    i.MPU_IIC_Init      mpuiic.o
    0x080019a8   0x0000004c   Code   RO         3418    i.MPU_IIC_NAck      mpuiic.o
    0x080019f4   0x0000006c   Code   RO         3419    i.MPU_IIC_Read_Byte  mpuiic.o
    0x08001a60   0x0000005c   Code   RO         3420    i.MPU_IIC_Send_Byte  mpuiic.o
    0x08001abc   0x00000048   Code   RO         3421    i.MPU_IIC_Start     mpuiic.o
    0x08001b04   0x00000048   Code   RO         3422    i.MPU_IIC_Stop      mpuiic.o
    0x08001b4c   0x00000064   Code   RO         3423    i.MPU_IIC_Wait_Ack  mpuiic.o
    0x08001bb0   0x000000c0   Code   RO         3336    i.MPU_Init          mpu6050.o
    0x08001c70   0x0000003a   Code   RO         3337    i.MPU_Read_Byte     mpu6050.o
    0x08001caa   0x00000074   Code   RO         3338    i.MPU_Read_Len      mpu6050.o
    0x08001d1e   0x00000010   Code   RO         3339    i.MPU_Set_Accel_Fsr  mpu6050.o
    0x08001d2e   0x00000010   Code   RO         3340    i.MPU_Set_Gyro_Fsr  mpu6050.o
    0x08001d3e   0x0000003a   Code   RO         3341    i.MPU_Set_LPF       mpu6050.o
    0x08001d78   0x0000003a   Code   RO         3342    i.MPU_Set_Rate      mpu6050.o
    0x08001db2   0x00000044   Code   RO         3343    i.MPU_Write_Byte    mpu6050.o
    0x08001df6   0x00000060   Code   RO         3344    i.MPU_Write_Len     mpu6050.o
    0x08001e56   0x00000004   Code   RO          139    i.MemManage_Handler  stm32f10x_it.o
    0x08001e5a   0x00000018   Code   RO         3992    i.My_abs            oled.o
    0x08001e72   0x00000002   Code   RO          140    i.NMI_Handler       stm32f10x_it.o
    0x08001e74   0x00000070   Code   RO          277    i.NVIC_Init         misc.o
    0x08001ee4   0x00000030   Code   RO         3993    i.OLED_Clear        oled.o
    0x08001f14   0x0000001c   Code   RO         3994    i.OLED_ColorTurn    oled.o
    0x08001f30   0x0000002c   Code   RO         3997    i.OLED_DisplayTurn  oled.o
    0x08001f5c   0x00000078   Code   RO         4000    i.OLED_DrawPoint    oled.o
    0x08001fd4   0x00000108   Code   RO         4001    i.OLED_Init         oled.o
    0x080020dc   0x00000016   Code   RO         4002    i.OLED_Pow          oled.o
    0x080020f2   0x00000002   PAD
    0x080020f4   0x00000068   Code   RO         4003    i.OLED_Refresh      oled.o
    0x0800215c   0x0000013c   Code   RO         4005    i.OLED_ShowChar     oled.o
    0x08002298   0x000001ec   Code   RO         4007    i.OLED_ShowFloat    oled.o
    0x08002484   0x0000008c   Code   RO         4008    i.OLED_ShowNum      oled.o
    0x08002510   0x0000004a   Code   RO         4010    i.OLED_ShowString   oled.o
    0x0800255a   0x00000038   Code   RO         4011    i.OLED_WR_Byte      oled.o
    0x08002592   0x00000002   Code   RO          141    i.PendSV_Handler    stm32f10x_it.o
    0x08002594   0x00000020   Code   RO         1846    i.RCC_APB2PeriphClockCmd  stm32f10x_rcc.o
    0x080025b4   0x000000d4   Code   RO         1854    i.RCC_GetClocksFreq  stm32f10x_rcc.o
    0x08002688   0x00000002   Code   RO          142    i.SVC_Handler       stm32f10x_it.o
    0x0800268a   0x00000002   PAD
    0x0800268c   0x0000004c   Code   RO         4132    i.Send_Byte         olediic.o
    0x080026d8   0x00000008   Code   RO          225    i.SetSysClock       system_stm32f10x.o
    0x080026e0   0x000000e0   Code   RO          226    i.SetSysClockTo72   system_stm32f10x.o
    0x080027c0   0x00000028   Code   RO          281    i.SysTick_CLKSourceConfig  misc.o
    0x080027e8   0x00000002   Code   RO          143    i.SysTick_Handler   stm32f10x_it.o
    0x080027ea   0x00000002   PAD
    0x080027ec   0x00000060   Code   RO          228    i.SystemInit        system_stm32f10x.o
    0x0800284c   0x00000020   Code   RO         4164    i.USART1_IRQHandler  uart.o
    0x0800286c   0x000000b4   Code   RO         4165    i.USART1_Init       uart.o
    0x08002920   0x00000012   Code   RO         3010    i.USART_ClearFlag   stm32f10x_usart.o
    0x08002932   0x0000001e   Code   RO         3011    i.USART_ClearITPendingBit  stm32f10x_usart.o
    0x08002950   0x00000018   Code   RO         3014    i.USART_Cmd         stm32f10x_usart.o
    0x08002968   0x00000054   Code   RO         3018    i.USART_GetITStatus  stm32f10x_usart.o
    0x080029bc   0x0000004a   Code   RO         3020    i.USART_ITConfig    stm32f10x_usart.o
    0x08002a06   0x00000002   PAD
    0x08002a08   0x000000d8   Code   RO         3021    i.USART_Init        stm32f10x_usart.o
    0x08002ae0   0x00000004   Code   RO          144    i.UsageFault_Handler  stm32f10x_it.o
    0x08002ae4   0x00000028   Code   RO         4378    i.__ARM_fpclassify  m_ws.l(fpclassify.o)
    0x08002b0c   0x000000aa   Code   RO         4380    i.__kernel_poly     m_ws.l(poly.o)
    0x08002bb6   0x00000006   Code   RO         4365    i.__mathlib_dbl_infnan  m_ws.l(dunder.o)
    0x08002bbc   0x00000004   Code   RO         4366    i.__mathlib_dbl_infnan2  m_ws.l(dunder.o)
    0x08002bc0   0x0000000c   Code   RO         4367    i.__mathlib_dbl_invalid  m_ws.l(dunder.o)
    0x08002bcc   0x00000010   Code   RO         4370    i.__mathlib_dbl_underflow  m_ws.l(dunder.o)
    0x08002bdc   0x0000000e   Code   RO         4229    i._is_digit         c_w.l(__printf_wp.o)
    0x08002bea   0x00000004   Code   RO         3298    i._sys_exit         usart.o
    0x08002bee   0x00000002   PAD
    0x08002bf0   0x000000a8   Code   RO         3667    i.accel_self_test   inv_mpu.o
    0x08002c98   0x00000270   Code   RO         4308    i.asin              m_ws.l(asin.o)
    0x08002f08   0x00000220   Code   RO         4355    i.atan              m_ws.l(atan.o)
    0x08003128   0x00000180   Code   RO         4318    i.atan2             m_ws.l(atan2.o)
    0x080032a8   0x00000064   Code   RO         3475    i.decode_gesture    inv_mpu_dmp_motion_driver.o
    0x0800330c   0x00000044   Code   RO         3244    i.delay_init        delay.o
    0x08003350   0x0000004c   Code   RO         3245    i.delay_ms          delay.o
    0x0800339c   0x0000004c   Code   RO         3246    i.delay_us          delay.o
    0x080033e8   0x0000003c   Code   RO         3476    i.dmp_enable_6x_lp_quat  inv_mpu_dmp_motion_driver.o
    0x08003424   0x0000021c   Code   RO         3477    i.dmp_enable_feature  inv_mpu_dmp_motion_driver.o
    0x08003640   0x00000058   Code   RO         3478    i.dmp_enable_gyro_cal  inv_mpu_dmp_motion_driver.o
    0x08003698   0x0000003c   Code   RO         3479    i.dmp_enable_lp_quat  inv_mpu_dmp_motion_driver.o
    0x080036d4   0x00000018   Code   RO         3484    i.dmp_load_motion_driver_firmware  inv_mpu_dmp_motion_driver.o
    0x080036ec   0x000001cc   Code   RO         3485    i.dmp_read_fifo     inv_mpu_dmp_motion_driver.o
    0x080038b8   0x00000130   Code   RO         3488    i.dmp_set_accel_bias  inv_mpu_dmp_motion_driver.o
    0x080039e8   0x00000070   Code   RO         3489    i.dmp_set_fifo_rate  inv_mpu_dmp_motion_driver.o
    0x08003a58   0x00000130   Code   RO         3490    i.dmp_set_gyro_bias  inv_mpu_dmp_motion_driver.o
    0x08003b88   0x00000138   Code   RO         3492    i.dmp_set_orientation  inv_mpu_dmp_motion_driver.o
    0x08003cc0   0x00000038   Code   RO         3495    i.dmp_set_shake_reject_thresh  inv_mpu_dmp_motion_driver.o
    0x08003cf8   0x00000026   Code   RO         3496    i.dmp_set_shake_reject_time  inv_mpu_dmp_motion_driver.o
    0x08003d1e   0x00000026   Code   RO         3497    i.dmp_set_shake_reject_timeout  inv_mpu_dmp_motion_driver.o
    0x08003d44   0x00000046   Code   RO         3498    i.dmp_set_tap_axes  inv_mpu_dmp_motion_driver.o
    0x08003d8a   0x00000026   Code   RO         3499    i.dmp_set_tap_count  inv_mpu_dmp_motion_driver.o
    0x08003db0   0x000001a0   Code   RO         3500    i.dmp_set_tap_thresh  inv_mpu_dmp_motion_driver.o
    0x08003f50   0x00000026   Code   RO         3501    i.dmp_set_tap_time  inv_mpu_dmp_motion_driver.o
    0x08003f76   0x00000026   Code   RO         3502    i.dmp_set_tap_time_multi  inv_mpu_dmp_motion_driver.o
    0x08003f9c   0x0000001c   Code   RO         3299    i.fputc             usart.o
    0x08003fb8   0x000000b4   Code   RO         3668    i.get_accel_prod_shift  inv_mpu.o
    0x0800406c   0x00000470   Code   RO         3669    i.get_st_biases     inv_mpu.o
    0x080044dc   0x00000110   Code   RO         3670    i.gyro_self_test    inv_mpu.o
    0x080045ec   0x00000028   Code   RO         3671    i.inv_orientation_matrix_to_scalar  inv_mpu.o
    0x08004614   0x0000004e   Code   RO         3672    i.inv_row_2_scale   inv_mpu.o
    0x08004662   0x00000002   PAD
    0x08004664   0x00000140   Code   RO            1    i.main              main.o
    0x080047a4   0x00000002   Code   RO         3673    i.mget_ms           inv_mpu.o
    0x080047a6   0x00000002   PAD
    0x080047a8   0x00000070   Code   RO         3674    i.mpu_configure_fifo  inv_mpu.o
    0x08004818   0x00000224   Code   RO         3675    i.mpu_dmp_get_data  inv_mpu.o
    0x08004a3c   0x000000a0   Code   RO         3676    i.mpu_dmp_init      inv_mpu.o
    0x08004adc   0x0000004c   Code   RO         3677    i.mpu_get_accel_fsr  inv_mpu.o
    0x08004b28   0x00000054   Code   RO         3679    i.mpu_get_accel_sens  inv_mpu.o
    0x08004b7c   0x00000010   Code   RO         3684    i.mpu_get_fifo_config  inv_mpu.o
    0x08004b8c   0x00000044   Code   RO         3685    i.mpu_get_gyro_fsr  inv_mpu.o
    0x08004bd0   0x00000050   Code   RO         3687    i.mpu_get_gyro_sens  inv_mpu.o
    0x08004c20   0x00000050   Code   RO         3689    i.mpu_get_lpf       inv_mpu.o
    0x08004c70   0x00000020   Code   RO         3691    i.mpu_get_sample_rate  inv_mpu.o
    0x08004c90   0x000001f0   Code   RO         3693    i.mpu_init          inv_mpu.o
    0x08004e80   0x000000b8   Code   RO         3694    i.mpu_load_firmware  inv_mpu.o
    0x08004f38   0x000000e0   Code   RO         3695    i.mpu_lp_accel_mode  inv_mpu.o
    0x08005018   0x000000c0   Code   RO         3698    i.mpu_read_fifo_stream  inv_mpu.o
    0x080050d8   0x00000080   Code   RO         3699    i.mpu_read_mem      inv_mpu.o
    0x08005158   0x000001c8   Code   RO         3702    i.mpu_reset_fifo    inv_mpu.o
    0x08005320   0x0000011c   Code   RO         3703    i.mpu_run_self_test  inv_mpu.o
    0x0800543c   0x00000084   Code   RO         3705    i.mpu_set_accel_fsr  inv_mpu.o
    0x080054c0   0x0000014c   Code   RO         3706    i.mpu_set_bypass    inv_mpu.o
    0x0800560c   0x00000090   Code   RO         3708    i.mpu_set_dmp_state  inv_mpu.o
    0x0800569c   0x00000088   Code   RO         3709    i.mpu_set_gyro_fsr  inv_mpu.o
    0x08005724   0x0000006c   Code   RO         3710    i.mpu_set_int_latched  inv_mpu.o
    0x08005790   0x00000084   Code   RO         3712    i.mpu_set_lpf       inv_mpu.o
    0x08005814   0x0000009c   Code   RO         3713    i.mpu_set_sample_rate  inv_mpu.o
    0x080058b0   0x000000d0   Code   RO         3714    i.mpu_set_sensors   inv_mpu.o
    0x08005980   0x00000080   Code   RO         3715    i.mpu_write_mem     inv_mpu.o
    0x08005a00   0x00000094   Code   RO         3716    i.run_self_test     inv_mpu.o
    0x08005a94   0x00000090   Code   RO         3717    i.set_int_enable    inv_mpu.o
    0x08005b24   0x0000004c   Code   RO         4384    i.sqrt              m_ws.l(sqrt.o)
    0x08005b70   0x0000002c   Code   RO         4456    locale$$code        c_w.l(lc_numeric_c.o)
    0x08005b9c   0x00000062   Code   RO         4251    x$fpl$d2f           fz_ws.l(d2f.o)
    0x08005bfe   0x00000002   PAD
    0x08005c00   0x00000150   Code   RO         4253    x$fpl$dadd          fz_ws.l(daddsub_clz.o)
    0x08005d50   0x00000010   Code   RO         4460    x$fpl$dcheck1       fz_ws.l(dcheck1.o)
    0x08005d60   0x000002b0   Code   RO         4260    x$fpl$ddiv          fz_ws.l(ddiv.o)
    0x08006010   0x0000002e   Code   RO         4264    x$fpl$dflt          fz_ws.l(dflt_clz.o)
    0x0800603e   0x00000002   PAD
    0x08006040   0x00000154   Code   RO         4269    x$fpl$dmul          fz_ws.l(dmul.o)
    0x08006194   0x0000009c   Code   RO         4341    x$fpl$dnaninf       fz_ws.l(dnaninf.o)
    0x08006230   0x0000000c   Code   RO         4343    x$fpl$dretinf       fz_ws.l(dretinf.o)
    0x0800623c   0x00000016   Code   RO         4254    x$fpl$drsb          fz_ws.l(daddsub_clz.o)
    0x08006252   0x00000002   PAD
    0x08006254   0x000001cc   Code   RO         4464    x$fpl$dsqrt         fz_ws.l(dsqrt_noumaal.o)
    0x08006420   0x000001d4   Code   RO         4255    x$fpl$dsub          fz_ws.l(daddsub_clz.o)
    0x080065f4   0x00000056   Code   RO         4271    x$fpl$f2d           fz_ws.l(f2d.o)
    0x0800664a   0x00000002   PAD
    0x0800664c   0x000000c4   Code   RO         4273    x$fpl$fadd          fz_ws.l(faddsub_clz.o)
    0x08006710   0x00000018   Code   RO         4345    x$fpl$fcmpinf       fz_ws.l(fcmpi.o)
    0x08006728   0x00000184   Code   RO         4280    x$fpl$fdiv          fz_ws.l(fdiv.o)
    0x080068ac   0x00000068   Code   RO         4283    x$fpl$feqf          fz_ws.l(feqf.o)
    0x08006914   0x00000036   Code   RO         4285    x$fpl$ffix          fz_ws.l(ffix.o)
    0x0800694a   0x00000002   PAD
    0x0800694c   0x0000003e   Code   RO         4289    x$fpl$ffixu         fz_ws.l(ffixu.o)
    0x0800698a   0x00000002   PAD
    0x0800698c   0x00000030   Code   RO         4294    x$fpl$fflt          fz_ws.l(fflt_clz.o)
    0x080069bc   0x00000026   Code   RO         4293    x$fpl$ffltu         fz_ws.l(fflt_clz.o)
    0x080069e2   0x00000002   PAD
    0x080069e4   0x00000068   Code   RO         4299    x$fpl$fleqf         fz_ws.l(fleqf.o)
    0x08006a4c   0x00000102   Code   RO         4301    x$fpl$fmul          fz_ws.l(fmul.o)
    0x08006b4e   0x0000008c   Code   RO         4347    x$fpl$fnaninf       fz_ws.l(fnaninf.o)
    0x08006bda   0x0000000a   Code   RO         4349    x$fpl$fretinf       fz_ws.l(fretinf.o)
    0x08006be4   0x00000062   Code   RO         4303    x$fpl$frleqf        fz_ws.l(frleqf.o)
    0x08006c46   0x00000014   Code   RO         4274    x$fpl$frsb          fz_ws.l(faddsub_clz.o)
    0x08006c5a   0x00000002   PAD
    0x08006c5c   0x000000ea   Code   RO         4275    x$fpl$fsub          fz_ws.l(faddsub_clz.o)
    0x08006d46   0x00000004   Code   RO         4305    x$fpl$printf1       fz_ws.l(printf1.o)
    0x08006d4a   0x00000064   Code   RO         4534    x$fpl$retnan        fz_ws.l(retnan.o)
    0x08006dae   0x0000005c   Code   RO         4351    x$fpl$scalbn        fz_ws.l(scalbn.o)
    0x08006e0a   0x00000030   Code   RO         4546    x$fpl$trapveneer    fz_ws.l(trapv.o)
    0x08006e3a   0x00000000   Code   RO         4353    x$fpl$usenofp       fz_ws.l(usenofp.o)
    0x08006e3a   0x00000bf6   Data   RO         3504    .constdata          inv_mpu_dmp_motion_driver.o
    0x08007a30   0x00000050   Data   RO         3719    .constdata          inv_mpu.o
    0x08007a80   0x00001e10   Data   RO         4013    .constdata          oled.o
    0x08009890   0x00000011   Data   RO         4232    .constdata          c_w.l(__printf_flags_wp.o)
    0x080098a1   0x00000007   PAD
    0x080098a8   0x00000050   Data   RO         4309    .constdata          m_ws.l(asin.o)
    0x080098f8   0x00000098   Data   RO         4356    .constdata          m_ws.l(atan.o)
    0x08009990   0x00000008   Data   RO         4382    .constdata          m_ws.l(qnan.o)
    0x08009998   0x00000094   Data   RO         4427    .constdata          c_w.l(bigflt0.o)
    0x08009a2c   0x0000004d   Data   RO         3720    .conststring        inv_mpu.o
    0x08009a79   0x00000003   PAD
    0x08009a7c   0x00000020   Data   RO         4617    Region$$Table       anon$$obj.o
    0x08009a9c   0x0000001c   Data   RO         4455    locale$$data        c_w.l(lc_numeric_c.o)


    Execution Region RW_IRAM1 (Base: 0x20000000, Size: 0x00000b60, Max: 0x00005000, ABSOLUTE)

    Base Addr    Size         Type   Attr      Idx    E Section Name        Object

    0x20000000   0x00000014   Data   RW          229    .data               system_stm32f10x.o
    0x20000014   0x00000014   Data   RW         1874    .data               stm32f10x_rcc.o
    0x20000028   0x00000004   Data   RW         3247    .data               delay.o
    0x2000002c   0x00000006   Data   RW         3302    .data               usart.o
    0x20000032   0x00000002   PAD
    0x20000034   0x00000035   Data   RW         3721    .data               inv_mpu.o
    0x20000069   0x00000003   PAD
    0x2000006c   0x00000010   Zero   RW         3503    .bss                inv_mpu_dmp_motion_driver.o
    0x2000007c   0x00000480   Zero   RW         4012    .bss                oled.o
    0x200004fc   0x00000060   Zero   RW         4469    .bss                c_w.l(libspace.o)
    0x2000055c   0x00000004   PAD
    0x20000560   0x00000200   Zero   RW          260    HEAP                startup_stm32f10x_hd.o
    0x20000760   0x00000400   Zero   RW          259    STACK               startup_stm32f10x_hd.o


==============================================================================

Image component sizes


      Code (inc. data)   RO Data    RW Data    ZI Data      Debug   Object Name

       220         26          0          4          0       1803   delay.o
      6864        290        157         53          0      32028   inv_mpu.o
      3096        122       3062          0         16      21230   inv_mpu_dmp_motion_driver.o
       320         64          0          0          0     231875   main.o
       152         12          0          0          0       1606   misc.o
       942         30          0          0          0       8561   mpu6050.o
       662        100          0          0          0       5034   mpuiic.o
      1732         48       7696          0       1152      10530   oled.o
       224         18          0          0          0       2529   olediic.o
        64         26        304          0       1536        848   startup_stm32f10x_hd.o
       430          6          0          0          0       3978   stm32f10x_gpio.o
        26          0          0          0          0       3906   stm32f10x_it.o
       244         26          0         20          0       3953   stm32f10x_rcc.o
       446          6          0          0          0       5790   stm32f10x_usart.o
       328         28          0         20          0       2197   system_stm32f10x.o
       212         16          0          0          0       1174   uart.o
        32          4          0          6          0       2932   usart.o

    ----------------------------------------------------------------------
     16012        822      11254        108       2704     339974   Object Totals
         0          0         32          0          0          0   (incl. Generated)
        18          0          3          5          0          0   (incl. Padding)

    ----------------------------------------------------------------------

      Code (inc. data)   RO Data    RW Data    ZI Data      Debug   Library Member Name

         8          0          0          0          0         68   __main.o
       312          4         17          0          0         92   __printf_flags_wp.o
        14          0          0          0          0         68   __printf_wp.o
         0          0          0          0          0          0   __rtentry.o
        12          0          0          0          0          0   __rtentry2.o
         6          0          0          0          0          0   __rtentry4.o
        52          8          0          0          0          0   __scatter.o
        26          0          0          0          0          0   __scatter_copy.o
        28          0          0          0          0          0   __scatter_zi.o
        48          6          0          0          0         96   _printf_char_common.o
        36          4          0          0          0         80   _printf_char_file.o
         6          0          0          0          0          0   _printf_d.o
       120         16          0          0          0         92   _printf_dec.o
         6          0          0          0          0          0   _printf_f.o
      1050          0          0          0          0        216   _printf_fp_dec.o
       128         16          0          0          0         84   _printf_fp_infnan.o
       178          0          0          0          0         88   _printf_intcommon.o
         0          0          0          0          0          0   _printf_percent.o
         4          0          0          0          0          0   _printf_percent_end.o
        22          0          0          0          0        100   _rserrno.o
        16          0          0          0          0         68   aeabi_memset.o
       220          4        148          0          0         96   bigflt0.o
      1910        128          0          0          0        672   btod.o
        18          0          0          0          0         80   exit.o
         8          0          0          0          0         68   ferror.o
         6          0          0          0          0        152   heapauxi.o
        44         10         28          0          0         76   lc_numeric_c.o
         2          0          0          0          0          0   libinit.o
        18          0          0          0          0          0   libinit2.o
         2          0          0          0          0          0   libshutdown.o
         2          0          0          0          0          0   libshutdown2.o
         8          4          0          0         96         68   libspace.o
        72          0          0          0          0         76   llsdiv.o
       138          0          0          0          0         80   lludiv10.o
       238          0          0          0          0        100   lludivv7m.o
        88          0          0          0          0         76   memcmp.o
        24          4          0          0          0         84   noretval__2printf.o
         8          4          0          0          0         68   rt_errno_addr_intlibspace.o
         8          4          0          0          0         68   rt_locale_intlibspace.o
        68          0          0          0          0         68   rt_memclr.o
        78          0          0          0          0         80   rt_memclr_w.o
         2          0          0          0          0          0   rtexit.o
        10          0          0          0          0          0   rtexit2.o
       128          0          0          0          0         68   strcmpv7m.o
        74          0          0          0          0         80   sys_stackheap_outer.o
         2          0          0          0          0         68   use_no_semi.o
         2          0          0          0          0         68   use_no_semi_2.o
        98          4          0          0          0         92   d2f.o
       826         16          0          0          0        348   daddsub_clz.o
        16          4          0          0          0         68   dcheck1.o
       688        140          0          0          0        208   ddiv.o
        46          0          0          0          0         68   dflt_clz.o
       340         12          0          0          0        104   dmul.o
       156          4          0          0          0         92   dnaninf.o
        12          0          0          0          0         68   dretinf.o
       460         56          0          0          0        120   dsqrt_noumaal.o
        86          4          0          0          0         84   f2d.o
       450          8          0          0          0        236   faddsub_clz.o
        24          0          0          0          0         68   fcmpi.o
       388         76          0          0          0         96   fdiv.o
       104          4          0          0          0         84   feqf.o
        54          4          0          0          0         84   ffix.o
        62          4          0          0          0         84   ffixu.o
        86          0          0          0          0        136   fflt_clz.o
       104          4          0          0          0         84   fleqf.o
       258          4          0          0          0         84   fmul.o
       140          4          0          0          0         84   fnaninf.o
        10          0          0          0          0         68   fretinf.o
        98          0          0          0          0         68   frleqf.o
         4          0          0          0          0         68   printf1.o
       100          0          0          0          0         68   retnan.o
        92          0          0          0          0         68   scalbn.o
        48          0          0          0          0         68   trapv.o
         0          0          0          0          0          0   usenofp.o
       624         52         80          0          0        168   asin.o
       544         70        152          0          0        124   atan.o
       384         38          0          0          0        144   atan2.o
        38          6          0          0          0        272   dunder.o
        40          0          0          0          0         68   fpclassify.o
       170          0          0          0          0         96   poly.o
         0          0          8          0          0          0   qnan.o
        76          0          0          0          0         84   sqrt.o

    ----------------------------------------------------------------------
     11902        726        440          0        100       6904   Library Totals
        26          0          7          0          4          0   (incl. Padding)

    ----------------------------------------------------------------------

      Code (inc. data)   RO Data    RW Data    ZI Data      Debug   Library Name

      5250        212        193          0         96       3248   c_w.l
      4750        348          0          0          0       2700   fz_ws.l
      1876        166        240          0          0        956   m_ws.l

    ----------------------------------------------------------------------
     11902        726        440          0        100       6904   Library Totals

    ----------------------------------------------------------------------

==============================================================================


      Code (inc. data)   RO Data    RW Data    ZI Data      Debug   

     27914       1548      11694        108       2804     336578   Grand Totals
     27914       1548      11694        108       2804     336578   ELF Image Totals
     27914       1548      11694        108          0          0   ROM Totals

==============================================================================

    Total RO  Size (Code + RO Data)                39608 (  38.68kB)
    Total RW  Size (RW Data + ZI Data)              2912 (   2.84kB)
    Total ROM Size (Code + RO Data + RW Data)      39716 (  38.79kB)

==============================================================================

