Component: ARM Compiler 5.06 update 1 (build 61) Tool: armlink [4d35a8]

==============================================================================

Section Cross References

    main.o(i.main) refers to delay.o(i.delay_init) for delay_init
    main.o(i.main) refers to misc.o(i.NVIC_PriorityGroupConfig) for NVIC_PriorityGroupConfig
    main.o(i.main) refers to led.o(i.LED_Init) for LED_Init
    main.o(i.main) refers to beep.o(i.BEEP_Init) for BEEP_Init
    main.o(i.main) refers to oled.o(i.OLED_Init) for OLED_Init
    main.o(i.main) refers to oled.o(i.OLED_ColorTurn) for OLED_ColorTurn
    main.o(i.main) refers to oled.o(i.OLED_DisplayTurn) for OLED_DisplayTurn
    main.o(i.main) refers to mpu6050.o(i.MPU_Init) for MPU_Init
    main.o(i.main) refers to usart.o(i.Usart1_Init) for Usart1_Init
    main.o(i.main) refers to timer.o(i.TIM3_PWM_Init) for TIM3_PWM_Init
    main.o(i.main) refers to timer.o(i.TIM1_PWM_Init) for TIM1_PWM_Init
    main.o(i.main) refers to oled.o(i.OLED_ShowString) for OLED_ShowString
    main.o(i.main) refers to oled.o(i.OLED_Refresh) for OLED_Refresh
    main.o(i.main) refers to stm32f10x_tim.o(i.TIM_SetCompare1) for TIM_SetCompare1
    main.o(i.main) refers to delay.o(i.delay_ms) for delay_ms
    main.o(i.main) refers to stm32f10x_tim.o(i.TIM_SetCompare2) for TIM_SetCompare2
    main.o(i.main) refers to oled.o(i.OLED_Clear) for OLED_Clear
    main.o(i.main) refers to inv_mpu.o(i.mpu_dmp_init) for mpu_dmp_init
    main.o(i.main) refers to inv_mpu.o(i.mpu_dmp_get_data) for mpu_dmp_get_data
    main.o(i.main) refers to mpu6050.o(i.MPU_Get_Accelerometer) for MPU_Get_Accelerometer
    main.o(i.main) refers to mpu6050.o(i.MPU_Get_Gyroscope) for MPU_Get_Gyroscope
    main.o(i.main) refers to f2d.o(x$fpl$f2d) for __aeabi_f2d
    main.o(i.main) refers to usart.o(i.UsartPrintf) for UsartPrintf
    main.o(i.main) refers to oled.o(i.OLED_ShowFloat) for OLED_ShowFloat
    system_stm32f10x.o(i.SetSysClock) refers to system_stm32f10x.o(i.SetSysClockTo72) for SetSysClockTo72
    system_stm32f10x.o(i.SystemCoreClockUpdate) refers to system_stm32f10x.o(.data) for SystemCoreClock
    system_stm32f10x.o(i.SystemInit) refers to system_stm32f10x.o(i.SetSysClock) for SetSysClock
    mpu6050.o(i.MPU_Get_Accelerometer) refers to mpu6050.o(i.MPU_Read_Len) for MPU_Read_Len
    mpu6050.o(i.MPU_Get_Gyroscope) refers to mpu6050.o(i.MPU_Read_Len) for MPU_Read_Len
    mpu6050.o(i.MPU_Get_Temperature) refers to mpu6050.o(i.MPU_Read_Len) for MPU_Read_Len
    mpu6050.o(i.MPU_Get_Temperature) refers to dflt_clz.o(x$fpl$dflt) for __aeabi_i2d
    mpu6050.o(i.MPU_Get_Temperature) refers to ddiv.o(x$fpl$ddiv) for __aeabi_ddiv
    mpu6050.o(i.MPU_Get_Temperature) refers to daddsub_clz.o(x$fpl$dadd) for __aeabi_dadd
    mpu6050.o(i.MPU_Get_Temperature) refers to d2f.o(x$fpl$d2f) for __aeabi_d2f
    mpu6050.o(i.MPU_Get_Temperature) refers to fmul.o(x$fpl$fmul) for __aeabi_fmul
    mpu6050.o(i.MPU_Get_Temperature) refers to ffix.o(x$fpl$ffix) for __aeabi_f2iz
    mpu6050.o(i.MPU_Init) refers to stm32f10x_rcc.o(i.RCC_APB2PeriphClockCmd) for RCC_APB2PeriphClockCmd
    mpu6050.o(i.MPU_Init) refers to stm32f10x_gpio.o(i.GPIO_Init) for GPIO_Init
    mpu6050.o(i.MPU_Init) refers to stm32f10x_gpio.o(i.GPIO_PinRemapConfig) for GPIO_PinRemapConfig
    mpu6050.o(i.MPU_Init) refers to mpuiic.o(i.MPU_IIC_Init) for MPU_IIC_Init
    mpu6050.o(i.MPU_Init) refers to mpu6050.o(i.MPU_Write_Byte) for MPU_Write_Byte
    mpu6050.o(i.MPU_Init) refers to delay.o(i.delay_ms) for delay_ms
    mpu6050.o(i.MPU_Init) refers to mpu6050.o(i.MPU_Set_Gyro_Fsr) for MPU_Set_Gyro_Fsr
    mpu6050.o(i.MPU_Init) refers to mpu6050.o(i.MPU_Set_Accel_Fsr) for MPU_Set_Accel_Fsr
    mpu6050.o(i.MPU_Init) refers to mpu6050.o(i.MPU_Set_Rate) for MPU_Set_Rate
    mpu6050.o(i.MPU_Init) refers to mpu6050.o(i.MPU_Read_Byte) for MPU_Read_Byte
    mpu6050.o(i.MPU_Read_Byte) refers to mpuiic.o(i.MPU_IIC_Start) for MPU_IIC_Start
    mpu6050.o(i.MPU_Read_Byte) refers to mpuiic.o(i.MPU_IIC_Send_Byte) for MPU_IIC_Send_Byte
    mpu6050.o(i.MPU_Read_Byte) refers to mpuiic.o(i.MPU_IIC_Wait_Ack) for MPU_IIC_Wait_Ack
    mpu6050.o(i.MPU_Read_Byte) refers to mpuiic.o(i.MPU_IIC_Read_Byte) for MPU_IIC_Read_Byte
    mpu6050.o(i.MPU_Read_Byte) refers to mpuiic.o(i.MPU_IIC_Stop) for MPU_IIC_Stop
    mpu6050.o(i.MPU_Read_Len) refers to mpuiic.o(i.MPU_IIC_Start) for MPU_IIC_Start
    mpu6050.o(i.MPU_Read_Len) refers to mpuiic.o(i.MPU_IIC_Send_Byte) for MPU_IIC_Send_Byte
    mpu6050.o(i.MPU_Read_Len) refers to mpuiic.o(i.MPU_IIC_Wait_Ack) for MPU_IIC_Wait_Ack
    mpu6050.o(i.MPU_Read_Len) refers to mpuiic.o(i.MPU_IIC_Stop) for MPU_IIC_Stop
    mpu6050.o(i.MPU_Read_Len) refers to mpuiic.o(i.MPU_IIC_Read_Byte) for MPU_IIC_Read_Byte
    mpu6050.o(i.MPU_Set_Accel_Fsr) refers to mpu6050.o(i.MPU_Write_Byte) for MPU_Write_Byte
    mpu6050.o(i.MPU_Set_Gyro_Fsr) refers to mpu6050.o(i.MPU_Write_Byte) for MPU_Write_Byte
[...]
    _printf_n                                0x080001a5   Thumb Code     0  _printf_n.o(.ARM.Collect$$_printf_percent$$00000001)
    _printf_percent                          0x080001a5   Thumb Code     0  _printf_percent.o(.ARM.Collect$$_printf_percent$$00000000)
    _printf_p                                0x080001ab   Thumb Code     0  _printf_p.o(.ARM.Collect$$_printf_percent$$00000002)
    _printf_f                                0x080001b1   Thumb Code     0  _printf_f.o(.ARM.Collect$$_printf_percent$$00000003)
    _printf_e                                0x080001b7   Thumb Code     0  _printf_e.o(.ARM.Collect$$_printf_percent$$00000004)
    _printf_g                                0x080001bd   Thumb Code     0  _printf_g.o(.ARM.Collect$$_printf_percent$$00000005)
    _printf_a                                0x080001c3   Thumb Code     0  _printf_a.o(.ARM.Collect$$_printf_percent$$00000006)
    _printf_ll                               0x080001c9   Thumb Code     0  _printf_ll.o(.ARM.Collect$$_printf_percent$$00000007)
    _printf_i                                0x080001d3   Thumb Code     0  _printf_i.o(.ARM.Collect$$_printf_percent$$00000008)
    _printf_d                                0x080001d9   Thumb Code     0  _printf_d.o(.ARM.Collect$$_printf_percent$$00000009)
    _printf_u                                0x080001df   Thumb Code     0  _printf_u.o(.ARM.Collect$$_printf_percent$$0000000A)
    _printf_o                                0x080001e5   Thumb Code     0  _printf_o.o(.ARM.Collect$$_printf_percent$$0000000B)
    _printf_x                                0x080001eb   Thumb Code     0  _printf_x.o(.ARM.Collect$$_printf_percent$$0000000C)
    _printf_lli                              0x080001f1   Thumb Code     0  _printf_lli.o(.ARM.Collect$$_printf_percent$$0000000D)
    _printf_lld                              0x080001f7   Thumb Code     0  _printf_lld.o(.ARM.Collect$$_printf_percent$$0000000E)
    _printf_llu                              0x080001fd   Thumb Code     0  _printf_llu.o(.ARM.Collect$$_printf_percent$$0000000F)
    _printf_llo                              0x08000203   Thumb Code     0  _printf_llo.o(.ARM.Collect$$_printf_percent$$00000010)
    _printf_llx                              0x08000209   Thumb Code     0  _printf_llx.o(.ARM.Collect$$_printf_percent$$00000011)
    _printf_l                                0x0800020f   Thumb Code     0  _printf_l.o(.ARM.Collect$$_printf_percent$$00000012)
    _printf_c                                0x08000219   Thumb Code     0  _printf_c.o(.ARM.Collect$$_printf_percent$$00000013)
    _printf_s                                0x0800021f   Thumb Code     0  _printf_s.o(.ARM.Collect$$_printf_percent$$00000014)
    _printf_lc                               0x08000225   Thumb Code     0  _printf_lc.o(.ARM.Collect$$_printf_percent$$00000015)
    _printf_ls                               0x0800022b   Thumb Code     0  _printf_ls.o(.ARM.Collect$$_printf_percent$$00000016)
    _printf_percent_end                      0x08000231   Thumb Code     0  _printf_percent_end.o(.ARM.Collect$$_printf_percent$$00000017)
    __rt_lib_init                            0x08000235   Thumb Code     0  libinit.o(.ARM.Collect$$libinit$$00000000)
    __rt_lib_init_fp_1                       0x08000237   Thumb Code     0  libinit2.o(.ARM.Collect$$libinit$$00000002)
    __rt_lib_init_heap_1                     0x08000237   Thumb Code     0  libinit2.o(.ARM.Collect$$libinit$$0000000A)
    __rt_lib_init_lc_common                  0x08000237   Thumb Code     0  libinit2.o(.ARM.Collect$$libinit$$0000000F)
    __rt_lib_init_preinit_1                  0x08000237   Thumb Code     0  libinit2.o(.ARM.Collect$$libinit$$00000004)
    __rt_lib_init_rand_1                     0x08000237   Thumb Code     0  libinit2.o(.ARM.Collect$$libinit$$0000000E)
    __rt_lib_init_user_alloc_1               0x08000237   Thumb Code     0  libinit2.o(.ARM.Collect$$libinit$$0000000C)
    __rt_lib_init_lc_collate_1               0x0800023d   Thumb Code     0  libinit2.o(.ARM.Collect$$libinit$$00000011)
    __rt_lib_init_lc_ctype_2                 0x0800023d   Thumb Code     0  libinit2.o(.ARM.Collect$$libinit$$00000012)
    __rt_lib_init_lc_ctype_1                 0x08000249   Thumb Code     0  libinit2.o(.ARM.Collect$$libinit$$00000013)
    __rt_lib_init_lc_monetary_1              0x08000249   Thumb Code     0  libinit2.o(.ARM.Collect$$libinit$$00000015)
    __rt_lib_init_lc_numeric_2               0x08000249   Thumb Code     0  libinit2.o(.ARM.Collect$$libinit$$00000016)
    __rt_lib_init_alloca_1                   0x08000253   Thumb Code     0  libinit2.o(.ARM.Collect$$libinit$$0000002E)
    __rt_lib_init_argv_1                     0x08000253   Thumb Code     0  libinit2.o(.ARM.Collect$$libinit$$0000002C)
    __rt_lib_init_atexit_1                   0x08000253   Thumb Code     0  libinit2.o(.ARM.Collect$$libinit$$0000001B)
    __rt_lib_init_clock_1                    0x08000253   Thumb Code     0  libinit2.o(.ARM.Collect$$libinit$$00000021)
    __rt_lib_init_cpp_1                      0x08000253   Thumb Code     0  libinit2.o(.ARM.Collect$$libinit$$00000032)
    __rt_lib_init_exceptions_1               0x08000253   Thumb Code     0  libinit2.o(.ARM.Collect$$libinit$$00000030)
    __rt_lib_init_fp_trap_1                  0x08000253   Thumb Code     0  libinit2.o(.ARM.Collect$$libinit$$0000001F)
    __rt_lib_init_getenv_1                   0x08000253   Thumb Code     0  libinit2.o(.ARM.Collect$$libinit$$00000023)
    __rt_lib_init_lc_numeric_1               0x08000253   Thumb Code     0  libinit2.o(.ARM.Collect$$libinit$$00000017)
    __rt_lib_init_lc_time_1                  0x08000253   Thumb Code     0  libinit2.o(.ARM.Collect$$libinit$$00000019)
    __rt_lib_init_return                     0x08000253   Thumb Code     0  libinit2.o(.ARM.Collect$$libinit$$00000033)
    __rt_lib_init_signal_1                   0x08000253   Thumb Code     0  libinit2.o(.ARM.Collect$$libinit$$0000001D)
    __rt_lib_init_stdio_1                    0x08000253   Thumb Code     0  libinit2.o(.ARM.Collect$$libinit$$00000025)
    __rt_lib_shutdown                        0x08000255   Thumb Code     0  libshutdown.o(.ARM.Collect$$libshutdown$$00000000)
    __rt_lib_shutdown_cpp_1                  0x08000257   Thumb Code     0  libshutdown2.o(.ARM.Collect$$libshutdown$$00000002)
    __rt_lib_shutdown_fp_trap_1              0x08000257   Thumb Code     0  libshutdown2.o(.ARM.Collect$$libshutdown$$00000007)
    __rt_lib_shutdown_heap_1                 0x08000257   Thumb Code     0  libshutdown2.o(.ARM.Collect$$libshutdown$$0000000F)
    __rt_lib_shutdown_return                 0x08000257   Thumb Code     0  libshutdown2.o(.ARM.Collect$$libshutdown$$00000010)
    __rt_lib_shutdown_signal_1               0x08000257   Thumb Code     0  libshutdown2.o(.ARM.Collect$$libshutdown$$0000000A)
    __rt_lib_shutdown_stdio_1                0x08000257   Thumb Code     0  libshutdown2.o(.ARM.Collect$$libshutdown$$00000004)
    __rt_lib_shutdown_user_alloc_1           0x08000257   Thumb Code     0  libshutdown2.o(.ARM.Collect$$libshutdown$$0000000C)
    __rt_entry                               0x08000259   Thumb Code     0  __rtentry.o(.ARM.Collect$$rtentry$$00000000)
    __rt_entry_presh_1                       0x08000259   Thumb Code     0  __rtentry2.o(.ARM.Collect$$rtentry$$00000002)
    __rt_entry_sh                            0x08000259   Thumb Code     0  __rtentry4.o(.ARM.Collect$$rtentry$$00000004)
    __rt_entry_li                            0x0800025f   Thumb Code     0  __rtentry2.o(.ARM.Collect$$rtentry$$0000000A)
    __rt_entry_postsh_1                      0x0800025f   Thumb Code     0  __rtentry2.o(.ARM.Collect$$rtentry$$00000009)
    __rt_entry_main                          0x08000263   Thumb Code     0  __rtentry2.o(.ARM.Collect$$rtentry$$0000000D)
    __rt_entry_postli_1                      0x08000263   Thumb Code     0  __rtentry2.o(.ARM.Collect$$rtentry$$0000000C)
    __rt_exit                                0x0800026b   Thumb Code     0  rtexit.o(.ARM.Collect$$rtexit$$00000000)
    __rt_exit_ls                             0x0800026d   Thumb Code     0  rtexit2.o(.ARM.Collect$$rtexit$$00000003)
    __rt_exit_prels_1                        0x0800026d   Thumb Code     0  rtexit2.o(.ARM.Collect$$rtexit$$00000002)
    __rt_exit_exit                           0x08000271   Thumb Code     0  rtexit2.o(.ARM.Collect$$rtexit$$00000004)
    Reset_Handler                            0x08000279   Thumb Code     8  startup_stm32f10x_hd.o(.text)
    ADC1_2_IRQHandler                        0x08000293   Thumb Code     0  startup_stm32f10x_hd.o(.text)
    ADC3_IRQHandler                          0x08000293   Thumb Code     0  startup_stm32f10x_hd.o(.text)
    CAN1_RX1_IRQHandler                      0x08000293   Thumb Code     0  startup_stm32f10x_hd.o(.text)
    CAN1_SCE_IRQHandler                      0x08000293   Thumb Code     0  startup_stm32f10x_hd.o(.text)
    DMA1_Channel1_IRQHandler                 0x08000293   Thumb Code     0  startup_stm32f10x_hd.o(.text)
    DMA1_Channel2_IRQHandler                 0x08000293   Thumb Code     0  startup_stm32f10x_hd.o(.text)
    DMA1_Channel3_IRQHandler                 0x08000293   Thumb Code     0  startup_stm32f10x_hd.o(.text)
    DMA1_Channel4_IRQHandler                 0x08000293   Thumb Code     0  startup_stm32f10x_hd.o(.text)
    DMA1_Channel5_IRQHandler                 0x08000293   Thumb Code     0  startup_stm32f10x_hd.o(.text)
    DMA1_Channel6_IRQHandler                 0x08000293   Thumb Code     0  startup_stm32f10x_hd.o(.text)
    DMA1_Channel7_IRQHandler                 0x08000293   Thumb Code     0  startup_stm32f10x_hd.o(.text)
    DMA2_Channel1_IRQHandler                 0x08000293   Thumb Code     0  startup_stm32f10x_hd.o(.text)
    DMA2_Channel2_IRQHandler                 0x08000293   Thumb Code     0  startup_stm32f10x_hd.o(.text)
    DMA2_Channel3_IRQHandler                 0x08000293   Thumb Code     0  startup_stm32f10x_hd.o(.text)
    DMA2_Channel4_5_IRQHandler               0x08000293   Thumb Code     0  startup_stm32f10x_hd.o(.text)
    EXTI0_IRQHandler                         0x08000293   Thumb Code     0  startup_stm32f10x_hd.o(.text)
    EXTI15_10_IRQHandler                     0x08000293   Thumb Code     0  startup_stm32f10x_hd.o(.text)
    EXTI1_IRQHandler                         0x08000293   Thumb Code     0  startup_stm32f10x_hd.o(.text)
    EXTI2_IRQHandler                         0x08000293   Thumb Code     0  startup_stm32f10x_hd.o(.text)
    EXTI3_IRQHandler                         0x08000293   Thumb Code     0  startup_stm32f10x_hd.o(.text)
    EXTI4_IRQHandler                         0x08000293   Thumb Code     0  startup_stm32f10x_hd.o(.text)
    EXTI9_5_IRQHandler                       0x08000293   Thumb Code     0  startup_stm32f10x_hd.o(.text)
    FLASH_IRQHandler                         0x08000293   Thumb Code     0  startup_stm32f10x_hd.o(.text)
    FSMC_IRQHandler                          0x08000293   Thumb Code     0  startup_stm32f10x_hd.o(.text)
    I2C1_ER_IRQHandler                       0x08000293   Thumb Code     0  startup_stm32f10x_hd.o(.text)
    I2C1_EV_IRQHandler                       0x08000293   Thumb Code     0  startup_stm32f10x_hd.o(.text)
    I2C2_ER_IRQHandler                       0x08000293   Thumb Code     0  startup_stm32f10x_hd.o(.text)
    I2C2_EV_IRQHandler                       0x08000293   Thumb Code     0  startup_stm32f10x_hd.o(.text)
    PVD_IRQHandler                           0x08000293   Thumb Code     0  startup_stm32f10x_hd.o(.text)
    RCC_IRQHandler                           0x08000293   Thumb Code     0  startup_stm32f10x_hd.o(.text)
    RTCAlarm_IRQHandler                      0x08000293   Thumb Code     0  startup_stm32f10x_hd.o(.text)
    RTC_IRQHandler                           0x08000293   Thumb Code     0  startup_stm32f10x_hd.o(.text)
    SDIO_IRQHandler                          0x08000293   Thumb Code     0  startup_stm32f10x_hd.o(.text)
    SPI1_IRQHandler                          0x08000293   Thumb Code     0  startup_stm32f10x_hd.o(.text)
    SPI2_IRQHandler                          0x08000293   Thumb Code     0  startup_stm32f10x_hd.o(.text)
    SPI3_IRQHandler                          0x08000293   Thumb Code     0  startup_stm32f10x_hd.o(.text)
    TAMPER_IRQHandler                        0x08000293   Thumb Code     0  startup_stm32f10x_hd.o(.text)
    TIM1_BRK_IRQHandler                      0x08000293   Thumb Code     0  startup_stm32f10x_hd.o(.text)
    TIM1_CC_IRQHandler                       0x08000293   Thumb Code     0  startup_stm32f10x_hd.o(.text)
    TIM1_TRG_COM_IRQHandler                  0x08000293   Thumb Code     0  startup_stm32f10x_hd.o(.text)
    TIM1_UP_IRQHandler                       0x08000293   Thumb Code     0  startup_stm32f10x_hd.o(.text)
    TIM2_IRQHandler                          0x08000293   Thumb Code     0  startup_stm32f10x_hd.o(.text)
    TIM4_IRQHandler                          0x08000293   Thumb Code     0  startup_stm32f10x_hd.o(.text)
    TIM5_IRQHandler                          0x08000293   Thumb Code     0  startup_stm32f10x_hd.o(.text)
    TIM6_IRQHandler                          0x08000293   Thumb Code     0  startup_stm32f10x_hd.o(.text)
    TIM7_IRQHandler                          0x08000293   Thumb Code     0  startup_stm32f10x_hd.o(.text)
    TIM8_BRK_IRQHandler                      0x08000293   Thumb Code     0  startup_stm32f10x_hd.o(.text)
    TIM8_CC_IRQHandler                       0x08000293   Thumb Code     0  startup_stm32f10x_hd.o(.text)
    TIM8_TRG_COM_IRQHandler                  0x08000293   Thumb Code     0  startup_stm32f10x_hd.o(.text)
    TIM8_UP_IRQHandler                       0x08000293   Thumb Code     0  startup_stm32f10x_hd.o(.text)
    UART4_IRQHandler                         0x08000293   Thumb Code     0  startup_stm32f10x_hd.o(.text)
    UART5_IRQHandler                         0x08000293   Thumb Code     0  startup_stm32f10x_hd.o(.text)
    USART2_IRQHandler                        0x08000293   Thumb Code     0  startup_stm32f10x_hd.o(.text)
    USART3_IRQHandler                        0x08000293   Thumb Code     0  startup_stm32f10x_hd.o(.text)
    USBWakeUp_IRQHandler                     0x08000293   Thumb Code     0  startup_stm32f10x_hd.o(.text)
    USB_HP_CAN1_TX_IRQHandler                0x08000293   Thumb Code     0  startup_stm32f10x_hd.o(.text)
    USB_LP_CAN1_RX0_IRQHandler               0x08000293   Thumb Code     0  startup_stm32f10x_hd.o(.text)
    WWDG_IRQHandler                          0x08000293   Thumb Code     0  startup_stm32f10x_hd.o(.text)
    __user_initial_stackheap                 0x08000295   Thumb Code     0  startup_stm32f10x_hd.o(.text)
    __use_no_semihosting                     0x080002b9   Thumb Code     2  use_no_semi_2.o(.text)
    __aeabi_ldivmod                          0x080002bb   Thumb Code     0  llsdiv.o(.text)
    _ll_sdiv                                 0x080002bb   Thumb Code    72  llsdiv.o(.text)
    __c89vsnprintf                           0x08000305   Thumb Code    48  c89vsnprintf.o(.text)
    __2printf                                0x08000339   Thumb Code    20  __2printf.o(.text)
    _printf_pre_padding                      0x08000351   Thumb Code    44  _printf_pad.o(.text)
    _printf_post_padding                     0x0800037d   Thumb Code    34  _printf_pad.o(.text)
    _printf_int_dec                          0x080003a1   Thumb Code   104  _printf_dec.o(.text)
    _printf_longlong_hex                     0x08000419   Thumb Code    86  _printf_hex_int_ll_ptr.o(.text)
    _printf_int_hex                          0x0800046f   Thumb Code    28  _printf_hex_int_ll_ptr.o(.text)
    _printf_ll_hex                           0x0800048b   Thumb Code    12  _printf_hex_int_ll_ptr.o(.text)
    _printf_hex_ptr                          0x08000497   Thumb Code    18  _printf_hex_int_ll_ptr.o(.text)
    __printf                                 0x080004ad   Thumb Code   388  __printf_flags_ss_wp.o(.text)
    memcmp                                   0x08000635   Thumb Code    88  memcmp.o(.text)
    __aeabi_memset                           0x0800068d   Thumb Code    16  aeabi_memset.o(.text)
    __use_two_region_memory                  0x0800069d   Thumb Code     2  heapauxi.o(.text)
    __rt_heap_escrow$2region                 0x0800069f   Thumb Code     2  heapauxi.o(.text)
    __rt_heap_expand$2region                 0x080006a1   Thumb Code     2  heapauxi.o(.text)
    __I$use$semihosting                      0x080006a3   Thumb Code     0  use_no_semi.o(.text)
    __use_no_semihosting_swi                 0x080006a3   Thumb Code     2  use_no_semi.o(.text)
    __aeabi_uldivmod                         0x080006a5   Thumb Code     0  lludivv7m.o(.text)
    _ll_udiv                                 0x080006a5   Thumb Code   238  lludivv7m.o(.text)
    __read_errno                             0x08000793   Thumb Code    10  _rserrno.o(.text)
    __set_errno                              0x0800079d   Thumb Code    12  _rserrno.o(.text)
    _printf_truncate_signed                  0x080007a9   Thumb Code    18  _printf_truncate.o(.text)
    _printf_truncate_unsigned                0x080007bb   Thumb Code    18  _printf_truncate.o(.text)
    _printf_str                              0x080007cd   Thumb Code    82  _printf_str.o(.text)
    _printf_int_common                       0x0800081f   Thumb Code   178  _printf_intcommon.o(.text)
    _printf_charcount                        0x080008d1   Thumb Code    40  _printf_charcount.o(.text)
    _printf_char_common                      0x08000903   Thumb Code    32  _printf_char_common.o(.text)
    _sputc                                   0x08000929   Thumb Code    10  _sputc.o(.text)
    _snputc                                  0x08000933   Thumb Code    16  _snputc.o(.text)
    _printf_char_file                        0x08000945   Thumb Code    32  _printf_char_file.o(.text)
    _printf_wctomb                           0x08000969   Thumb Code   182  _printf_wctomb.o(.text)
    _printf_longlong_dec                     0x08000a25   Thumb Code   108  _printf_longlong_dec.o(.text)
    _printf_longlong_oct                     0x08000aa1   Thumb Code    68  _printf_oct_int_ll.o(.text)
    _printf_int_oct                          0x08000ae5   Thumb Code    24  _printf_oct_int_ll.o(.text)
    _printf_ll_oct                           0x08000afd   Thumb Code    12  _printf_oct_int_ll.o(.text)
    __aeabi_memclr                           0x08000b11   Thumb Code     0  rt_memclr.o(.text)
    __rt_memclr                              0x08000b11   Thumb Code    68  rt_memclr.o(.text)
    _memset                                  0x08000b15   Thumb Code     0  rt_memclr.o(.text)
    __aeabi_errno_addr                       0x08000b55   Thumb Code     8  rt_errno_addr_intlibspace.o(.text)
    __errno$intlibspace                      0x08000b55   Thumb Code     0  rt_errno_addr_intlibspace.o(.text)
    __rt_errno_addr$intlibspace              0x08000b55   Thumb Code     0  rt_errno_addr_intlibspace.o(.text)
    _ll_udiv10                               0x08000b5d   Thumb Code   138  lludiv10.o(.text)
    __lib_sel_fp_printf                      0x08000be7   Thumb Code     2  _printf_fp_dec.o(.text)
    _printf_fp_dec_real                      0x08000d95   Thumb Code   620  _printf_fp_dec.o(.text)
    _printf_cs_common                        0x08001001   Thumb Code    20  _printf_char.o(.text)
    _printf_char                             0x08001015   Thumb Code    16  _printf_char.o(.text)
    _printf_string                           0x08001025   Thumb Code     8  _printf_char.o(.text)
    _printf_lcs_common                       0x0800102d   Thumb Code    20  _printf_wchar.o(.text)
    _printf_wchar                            0x08001041   Thumb Code    16  _printf_wchar.o(.text)
    _printf_wstring                          0x08001051   Thumb Code     8  _printf_wchar.o(.text)
    ferror                                   0x08001059   Thumb Code     8  ferror.o(.text)
    _wcrtomb                                 0x08001061   Thumb Code    64  _wcrtomb.o(.text)
    __aeabi_memclr4                          0x080010a1   Thumb Code     0  rt_memclr_w.o(.text)
    __aeabi_memclr8                          0x080010a1   Thumb Code     0  rt_memclr_w.o(.text)
    __rt_memclr_w                            0x080010a1   Thumb Code    78  rt_memclr_w.o(.text)
    _memset_w                                0x080010a5   Thumb Code     0  rt_memclr_w.o(.text)
    __user_libspace                          0x080010f1   Thumb Code     8  libspace.o(.text)
    __user_perproc_libspace                  0x080010f1   Thumb Code     0  libspace.o(.text)
    __user_perthread_libspace                0x080010f1   Thumb Code     0  libspace.o(.text)
    __user_setup_stackheap                   0x080010f9   Thumb Code    74  sys_stackheap_outer.o(.text)
    __rt_ctype_table                         0x08001145   Thumb Code    16  rt_ctype_table.o(.text)
    __rt_locale                              0x08001155   Thumb Code     8  rt_locale_intlibspace.o(.text)
    _printf_fp_infnan                        0x0800115d   Thumb Code   112  _printf_fp_infnan.o(.text)
    _btod_etento                             0x080011dd   Thumb Code   216  bigflt0.o(.text)
    exit                                     0x080012b9   Thumb Code    18  exit.o(.text)
    strcmp                                   0x080012cd   Thumb Code   128  strcmpv7m.o(.text)
    _btod_d2e                                0x0800134d   Thumb Code    62  btod.o(CL$$btod_d2e)
    _d2e_denorm_low                          0x0800138b   Thumb Code    70  btod.o(CL$$btod_d2e_denorm_low)
    _d2e_norm_op1                            0x080013d1   Thumb Code    96  btod.o(CL$$btod_d2e_norm_op1)
    __btod_div_common                        0x08001431   Thumb Code   696  btod.o(CL$$btod_div_common)
    _e2e                                     0x08001769   Thumb Code   198  btod.o(CL$$btod_e2e)
    _btod_ediv                               0x0800182f   Thumb Code    40  btod.o(CL$$btod_ediv)
    _btod_emul                               0x08001857   Thumb Code    40  btod.o(CL$$btod_emul)
    __btod_mult_common                       0x0800187f   Thumb Code   580  btod.o(CL$$btod_mult_common)
    BEEP_Init                                0x08001ac5   Thumb Code    50  beep.o(i.BEEP_Init)
    BusFault_Handler                         0x08001afd   Thumb Code     4  stm32f10x_it.o(i.BusFault_Handler)
    DebugMon_Handler                         0x08001b01   Thumb Code     2  stm32f10x_it.o(i.DebugMon_Handler)
    GPIO_Init                                0x08001b03   Thumb Code   278  stm32f10x_gpio.o(i.GPIO_Init)
    GPIO_PinRemapConfig                      0x08001c19   Thumb Code   138  stm32f10x_gpio.o(i.GPIO_PinRemapConfig)
    GPIO_ResetBits                           0x08001ca9   Thumb Code     4  stm32f10x_gpio.o(i.GPIO_ResetBits)
    GPIO_SetBits                             0x08001cad   Thumb Code     4  stm32f10x_gpio.o(i.GPIO_SetBits)
    HardFault_Handler                        0x08001cb1   Thumb Code     4  stm32f10x_it.o(i.HardFault_Handler)
    I2C_Start                                0x08001cb5   Thumb Code    48  olediic.o(i.I2C_Start)
    I2C_Stop                                 0x08001ce9   Thumb Code    32  olediic.o(i.I2C_Stop)
    I2C_WaitAck                              0x08001d0d   Thumb Code    40  olediic.o(i.I2C_WaitAck)
    IIC_delay                                0x08001d39   Thumb Code    16  olediic.o(i.IIC_delay)
    LED_Init                                 0x08001d49   Thumb Code    38  led.o(i.LED_Init)
    MPU_Get_Accelerometer                    0x08001d75   Thumb Code    80  mpu6050.o(i.MPU_Get_Accelerometer)
    MPU_Get_Gyroscope                        0x08001dc5   Thumb Code    80  mpu6050.o(i.MPU_Get_Gyroscope)
    MPU_IIC_Ack                              0x08001e15   Thumb Code    62  mpuiic.o(i.MPU_IIC_Ack)
    MPU_IIC_Delay                            0x08001e61   Thumb Code    10  mpuiic.o(i.MPU_IIC_Delay)
    MPU_IIC_Init                             0x08001e6d   Thumb Code    50  mpuiic.o(i.MPU_IIC_Init)
    MPU_IIC_NAck                             0x08001ea5   Thumb Code    62  mpuiic.o(i.MPU_IIC_NAck)
    MPU_IIC_Read_Byte                        0x08001ef1   Thumb Code    94  mpuiic.o(i.MPU_IIC_Read_Byte)
    MPU_IIC_Send_Byte                        0x08001f5d   Thumb Code    80  mpuiic.o(i.MPU_IIC_Send_Byte)
    MPU_IIC_Start                            0x08001fb9   Thumb Code    60  mpuiic.o(i.MPU_IIC_Start)
    MPU_IIC_Stop                             0x08002001   Thumb Code    58  mpuiic.o(i.MPU_IIC_Stop)
    MPU_IIC_Wait_Ack                         0x08002049   Thumb Code    86  mpuiic.o(i.MPU_IIC_Wait_Ack)
    MPU_Init                                 0x080020ad   Thumb Code   180  mpu6050.o(i.MPU_Init)
    MPU_Read_Byte                            0x0800216d   Thumb Code    58  mpu6050.o(i.MPU_Read_Byte)
    MPU_Read_Len                             0x080021a7   Thumb Code   116  mpu6050.o(i.MPU_Read_Len)
    MPU_Set_Accel_Fsr                        0x0800221b   Thumb Code    16  mpu6050.o(i.MPU_Set_Accel_Fsr)
    MPU_Set_Gyro_Fsr                         0x0800222b   Thumb Code    16  mpu6050.o(i.MPU_Set_Gyro_Fsr)
    MPU_Set_LPF                              0x0800223b   Thumb Code    58  mpu6050.o(i.MPU_Set_LPF)
    MPU_Set_Rate                             0x08002275   Thumb Code    58  mpu6050.o(i.MPU_Set_Rate)
    MPU_Write_Byte                           0x080022af   Thumb Code    68  mpu6050.o(i.MPU_Write_Byte)
    MPU_Write_Len                            0x080022f3   Thumb Code    96  mpu6050.o(i.MPU_Write_Len)
    MemManage_Handler                        0x08002353   Thumb Code     4  stm32f10x_it.o(i.MemManage_Handler)
    My_abs                                   0x08002357   Thumb Code    24  oled.o(i.My_abs)
    NMI_Handler                              0x0800236f   Thumb Code     2  stm32f10x_it.o(i.NMI_Handler)
    NVIC_Init                                0x08002371   Thumb Code   100  misc.o(i.NVIC_Init)
    NVIC_PriorityGroupConfig                 0x080023e1   Thumb Code    10  misc.o(i.NVIC_PriorityGroupConfig)
    OLED_Clear                               0x080023f5   Thumb Code    42  oled.o(i.OLED_Clear)
    OLED_ColorTurn                           0x08002425   Thumb Code    28  oled.o(i.OLED_ColorTurn)
    OLED_DisplayTurn                         0x08002441   Thumb Code    44  oled.o(i.OLED_DisplayTurn)
    OLED_DrawPoint                           0x0800246d   Thumb Code   114  oled.o(i.OLED_DrawPoint)
    OLED_Init                                0x080024e5   Thumb Code   258  oled.o(i.OLED_Init)
    OLED_Pow                                 0x080025ed   Thumb Code    22  oled.o(i.OLED_Pow)
    OLED_Refresh                             0x08002605   Thumb Code   100  oled.o(i.OLED_Refresh)
    OLED_ShowChar                            0x0800266d   Thumb Code   300  oled.o(i.OLED_ShowChar)
    OLED_ShowFloat                           0x080027a9   Thumb Code   482  oled.o(i.OLED_ShowFloat)
    OLED_ShowNum                             0x08002995   Thumb Code   140  oled.o(i.OLED_ShowNum)
    OLED_ShowString                          0x08002a21   Thumb Code    74  oled.o(i.OLED_ShowString)
    OLED_WR_Byte                             0x08002a6b   Thumb Code    56  oled.o(i.OLED_WR_Byte)
    PendSV_Handler                           0x08002aa3   Thumb Code     2  stm32f10x_it.o(i.PendSV_Handler)
    RCC_APB1PeriphClockCmd                   0x08002aa5   Thumb Code    26  stm32f10x_rcc.o(i.RCC_APB1PeriphClockCmd)
    RCC_APB2PeriphClockCmd                   0x08002ac5   Thumb Code    26  stm32f10x_rcc.o(i.RCC_APB2PeriphClockCmd)
    RCC_GetClocksFreq                        0x08002ae5   Thumb Code   192  stm32f10x_rcc.o(i.RCC_GetClocksFreq)
    SVC_Handler                              0x08002bb9   Thumb Code     2  stm32f10x_it.o(i.SVC_Handler)
    Send_Byte                                0x08002bbd   Thumb Code    70  olediic.o(i.Send_Byte)
    SysTick_CLKSourceConfig                  0x08002cf1   Thumb Code    40  misc.o(i.SysTick_CLKSourceConfig)
    SysTick_Handler                          0x08002d19   Thumb Code     2  stm32f10x_it.o(i.SysTick_Handler)
    SystemInit                               0x08002d1d   Thumb Code    78  system_stm32f10x.o(i.SystemInit)
    TIM1_PWM_Init                            0x08002d7d   Thumb Code   144  timer.o(i.TIM1_PWM_Init)
    TIM3_IRQHandler                          0x08002e15   Thumb Code    38  timer.o(i.TIM3_IRQHandler)
    TIM3_PWM_Init                            0x08002e45   Thumb Code   130  timer.o(i.TIM3_PWM_Init)
    TIM_ARRPreloadConfig                     0x08002ed5   Thumb Code    24  stm32f10x_tim.o(i.TIM_ARRPreloadConfig)
    TIM_ClearITPendingBit                    0x08002eed   Thumb Code     6  stm32f10x_tim.o(i.TIM_ClearITPendingBit)
    TIM_Cmd                                  0x08002ef3   Thumb Code    24  stm32f10x_tim.o(i.TIM_Cmd)
    TIM_CtrlPWMOutputs                       0x08002f0b   Thumb Code    30  stm32f10x_tim.o(i.TIM_CtrlPWMOutputs)
    TIM_GetITStatus                          0x08002f29   Thumb Code    34  stm32f10x_tim.o(i.TIM_GetITStatus)
    TIM_OC1Init                              0x08002f4d   Thumb Code   132  stm32f10x_tim.o(i.TIM_OC1Init)
    TIM_OC1PreloadConfig                     0x08002fe5   Thumb Code    18  stm32f10x_tim.o(i.TIM_OC1PreloadConfig)
    TIM_OC2Init                              0x08002ff9   Thumb Code   154  stm32f10x_tim.o(i.TIM_OC2Init)
    TIM_OC2PreloadConfig                     0x0800309d   Thumb Code    26  stm32f10x_tim.o(i.TIM_OC2PreloadConfig)
    TIM_SetCompare1                          0x080030b7   Thumb Code     4  stm32f10x_tim.o(i.TIM_SetCompare1)
    TIM_SetCompare2                          0x080030bb   Thumb Code     4  stm32f10x_tim.o(i.TIM_SetCompare2)
    TIM_TimeBaseInit                         0x080030c1   Thumb Code   122  stm32f10x_tim.o(i.TIM_TimeBaseInit)
    USART1_IRQHandler                        0x08003165   Thumb Code    24  usart.o(i.USART1_IRQHandler)
    USART_ClearFlag                          0x08003181   Thumb Code    18  stm32f10x_usart.o(i.USART_ClearFlag)
    USART_Cmd                                0x08003193   Thumb Code    24  stm32f10x_usart.o(i.USART_Cmd)
    USART_GetFlagStatus                      0x080031ab   Thumb Code    26  stm32f10x_usart.o(i.USART_GetFlagStatus)
    USART_GetITStatus                        0x080031c5   Thumb Code    84  stm32f10x_usart.o(i.USART_GetITStatus)
    USART_ITConfig                           0x08003219   Thumb Code    74  stm32f10x_usart.o(i.USART_ITConfig)
    USART_Init                               0x08003265   Thumb Code   210  stm32f10x_usart.o(i.USART_Init)
    USART_SendData                           0x0800333d   Thumb Code     8  stm32f10x_usart.o(i.USART_SendData)
    UsageFault_Handler                       0x08003345   Thumb Code     4  stm32f10x_it.o(i.UsageFault_Handler)
    Usart1_Init                              0x08003349   Thumb Code   166  usart.o(i.Usart1_Init)
    UsartPrintf                              0x080033f9   Thumb Code    72  usart.o(i.UsartPrintf)
    __ARM_fpclassify                         0x08003441   Thumb Code    40  fpclassify.o(i.__ARM_fpclassify)
    __kernel_poly                            0x08003469   Thumb Code   170  poly.o(i.__kernel_poly)
    __mathlib_dbl_infnan                     0x08003513   Thumb Code     6  dunder.o(i.__mathlib_dbl_infnan)
    __mathlib_dbl_infnan2                    0x08003519   Thumb Code     4  dunder.o(i.__mathlib_dbl_infnan2)
    __mathlib_dbl_invalid                    0x0800351d   Thumb Code    12  dunder.o(i.__mathlib_dbl_invalid)
    __mathlib_dbl_underflow                  0x08003529   Thumb Code    10  dunder.o(i.__mathlib_dbl_underflow)
    _is_digit                                0x08003539   Thumb Code    14  __printf_wp.o(i._is_digit)
    _sys_exit                                0x08003547   Thumb Code     4  uart.o(i._sys_exit)
    asin                                     0x080035f5   Thumb Code   572  asin.o(i.asin)
    atan                                     0x08003865   Thumb Code   474  atan.o(i.atan)
    atan2                                    0x08003a85   Thumb Code   346  atan2.o(i.atan2)
    delay_init                               0x08003c69   Thumb Code    50  delay.o(i.delay_init)
    delay_ms                                 0x08003cad   Thumb Code    72  delay.o(i.delay_ms)
    delay_us                                 0x08003cf9   Thumb Code    72  delay.o(i.delay_us)
    dmp_enable_6x_lp_quat                    0x08003d45   Thumb Code    60  inv_mpu_dmp_motion_driver.o(i.dmp_enable_6x_lp_quat)
    dmp_enable_feature                       0x08003d81   Thumb Code   530  inv_mpu_dmp_motion_driver.o(i.dmp_enable_feature)
    dmp_enable_gyro_cal                      0x08003f9d   Thumb Code    62  inv_mpu_dmp_motion_driver.o(i.dmp_enable_gyro_cal)
    dmp_enable_lp_quat                       0x08003ff5   Thumb Code    60  inv_mpu_dmp_motion_driver.o(i.dmp_enable_lp_quat)
    dmp_load_motion_driver_firmware          0x08004031   Thumb Code    20  inv_mpu_dmp_motion_driver.o(i.dmp_load_motion_driver_firmware)
    dmp_read_fifo                            0x08004049   Thumb Code   456  inv_mpu_dmp_motion_driver.o(i.dmp_read_fifo)
    dmp_set_accel_bias                       0x08004215   Thumb Code   300  inv_mpu_dmp_motion_driver.o(i.dmp_set_accel_bias)
    dmp_set_fifo_rate                        0x08004345   Thumb Code    96  inv_mpu_dmp_motion_driver.o(i.dmp_set_fifo_rate)
    dmp_set_gyro_bias                        0x080043b5   Thumb Code   294  inv_mpu_dmp_motion_driver.o(i.dmp_set_gyro_bias)
    dmp_set_orientation                      0x080044e5   Thumb Code   290  inv_mpu_dmp_motion_driver.o(i.dmp_set_orientation)
    dmp_set_shake_reject_thresh              0x0800461d   Thumb Code    56  inv_mpu_dmp_motion_driver.o(i.dmp_set_shake_reject_thresh)
    dmp_set_shake_reject_time                0x08004655   Thumb Code    38  inv_mpu_dmp_motion_driver.o(i.dmp_set_shake_reject_time)
    dmp_set_shake_reject_timeout             0x0800467b   Thumb Code    38  inv_mpu_dmp_motion_driver.o(i.dmp_set_shake_reject_timeout)
    dmp_set_tap_axes                         0x080046a1   Thumb Code    70  inv_mpu_dmp_motion_driver.o(i.dmp_set_tap_axes)
    dmp_set_tap_count                        0x080046e7   Thumb Code    38  inv_mpu_dmp_motion_driver.o(i.dmp_set_tap_count)
    dmp_set_tap_thresh                       0x0800470d   Thumb Code   396  inv_mpu_dmp_motion_driver.o(i.dmp_set_tap_thresh)
    dmp_set_tap_time                         0x080048ad   Thumb Code    38  inv_mpu_dmp_motion_driver.o(i.dmp_set_tap_time)
    dmp_set_tap_time_multi                   0x080048d3   Thumb Code    38  inv_mpu_dmp_motion_driver.o(i.dmp_set_tap_time_multi)
    fputc                                    0x080048f9   Thumb Code    24  uart.o(i.fputc)
    inv_orientation_matrix_to_scalar         0x08004f49   Thumb Code    40  inv_mpu.o(i.inv_orientation_matrix_to_scalar)
    inv_row_2_scale                          0x08004f71   Thumb Code    78  inv_mpu.o(i.inv_row_2_scale)
    main                                     0x08004fc1   Thumb Code   364  main.o(i.main)
    mget_ms                                  0x08005181   Thumb Code     2  inv_mpu.o(i.mget_ms)
    mpu_configure_fifo                       0x08005185   Thumb Code   106  inv_mpu.o(i.mpu_configure_fifo)
    mpu_dmp_get_data                         0x080051f5   Thumb Code   544  inv_mpu.o(i.mpu_dmp_get_data)
    mpu_dmp_init                             0x08005419   Thumb Code   154  inv_mpu.o(i.mpu_dmp_init)
    mpu_get_accel_fsr                        0x080054b9   Thumb Code    72  inv_mpu.o(i.mpu_get_accel_fsr)
    mpu_get_accel_sens                       0x08005505   Thumb Code    78  inv_mpu.o(i.mpu_get_accel_sens)
    mpu_get_fifo_config                      0x08005559   Thumb Code    12  inv_mpu.o(i.mpu_get_fifo_config)
    mpu_get_gyro_fsr                         0x08005569   Thumb Code    64  inv_mpu.o(i.mpu_get_gyro_fsr)
    mpu_get_gyro_sens                        0x080055ad   Thumb Code    58  inv_mpu.o(i.mpu_get_gyro_sens)
    mpu_get_lpf                              0x080055fd   Thumb Code    74  inv_mpu.o(i.mpu_get_lpf)
    mpu_get_sample_rate                      0x0800564d   Thumb Code    26  inv_mpu.o(i.mpu_get_sample_rate)
    mpu_init                                 0x0800566d   Thumb Code   416  inv_mpu.o(i.mpu_init)
    mpu_load_firmware                        0x0800585d   Thumb Code   180  inv_mpu.o(i.mpu_load_firmware)
    mpu_lp_accel_mode                        0x08005915   Thumb Code   218  inv_mpu.o(i.mpu_lp_accel_mode)
    mpu_read_fifo_stream                     0x080059f5   Thumb Code   186  inv_mpu.o(i.mpu_read_fifo_stream)
    mpu_read_mem                             0x08005ab5   Thumb Code   122  inv_mpu.o(i.mpu_read_mem)
    mpu_reset_fifo                           0x08005b35   Thumb Code   450  inv_mpu.o(i.mpu_reset_fifo)
    mpu_run_self_test                        0x08005cfd   Thumb Code   278  inv_mpu.o(i.mpu_run_self_test)
    mpu_set_accel_fsr                        0x08005e19   Thumb Code   126  inv_mpu.o(i.mpu_set_accel_fsr)
    mpu_set_bypass                           0x08005e9d   Thumb Code   328  inv_mpu.o(i.mpu_set_bypass)
    mpu_set_dmp_state                        0x08005fe9   Thumb Code   138  inv_mpu.o(i.mpu_set_dmp_state)
    mpu_set_gyro_fsr                         0x08006079   Thumb Code   132  inv_mpu.o(i.mpu_set_gyro_fsr)
    mpu_set_int_latched                      0x08006101   Thumb Code   102  inv_mpu.o(i.mpu_set_int_latched)
    mpu_set_lpf                              0x0800616d   Thumb Code   126  inv_mpu.o(i.mpu_set_lpf)
    mpu_set_sample_rate                      0x080061f1   Thumb Code   152  inv_mpu.o(i.mpu_set_sample_rate)
    mpu_set_sensors                          0x0800628d   Thumb Code   202  inv_mpu.o(i.mpu_set_sensors)
    mpu_write_mem                            0x0800635d   Thumb Code   122  inv_mpu.o(i.mpu_write_mem)
    run_self_test                            0x080063dd   Thumb Code   148  inv_mpu.o(i.run_self_test)
    sqrt                                     0x08006501   Thumb Code    76  sqrt.o(i.sqrt)
    _get_lc_numeric                          0x0800654d   Thumb Code    44  lc_numeric_c.o(locale$$code)
    _get_lc_ctype                            0x08006579   Thumb Code    44  lc_ctype_c.o(locale$$code)
    __aeabi_d2f                              0x080065a5   Thumb Code     0  d2f.o(x$fpl$d2f)
    _d2f                                     0x080065a5   Thumb Code    98  d2f.o(x$fpl$d2f)
    __aeabi_dadd                             0x08006609   Thumb Code     0  daddsub_clz.o(x$fpl$dadd)
    _dadd                                    0x08006609   Thumb Code   332  daddsub_clz.o(x$fpl$dadd)
    __fpl_dcheck_NaN1                        0x08006759   Thumb Code    10  dcheck1.o(x$fpl$dcheck1)
    __aeabi_ddiv                             0x08006769   Thumb Code     0  ddiv.o(x$fpl$ddiv)
    _ddiv                                    0x08006769   Thumb Code   552  ddiv.o(x$fpl$ddiv)
    __aeabi_dmul                             0x08006a19   Thumb Code     0  dmul.o(x$fpl$dmul)
    _dmul                                    0x08006a19   Thumb Code   332  dmul.o(x$fpl$dmul)
    __fpl_dnaninf                            0x08006b6d   Thumb Code   156  dnaninf.o(x$fpl$dnaninf)
    __fpl_dretinf                            0x08006c09   Thumb Code    12  dretinf.o(x$fpl$dretinf)
    __aeabi_drsub                            0x08006c15   Thumb Code     0  daddsub_clz.o(x$fpl$drsb)
    _drsb                                    0x08006c15   Thumb Code    22  daddsub_clz.o(x$fpl$drsb)
    _dsqrt                                   0x08006c2d   Thumb Code   456  dsqrt_noumaal.o(x$fpl$dsqrt)
    __aeabi_dsub                             0x08006df9   Thumb Code     0  daddsub_clz.o(x$fpl$dsub)
    _dsub                                    0x08006df9   Thumb Code   464  daddsub_clz.o(x$fpl$dsub)
    __aeabi_f2d                              0x08006fcd   Thumb Code     0  f2d.o(x$fpl$f2d)
    _f2d                                     0x08006fcd   Thumb Code    86  f2d.o(x$fpl$f2d)
    __aeabi_fadd                             0x08007025   Thumb Code     0  faddsub_clz.o(x$fpl$fadd)
    _fadd                                    0x08007025   Thumb Code   196  faddsub_clz.o(x$fpl$fadd)
    __fpl_fcmp_Inf                           0x080070e9   Thumb Code    24  fcmpi.o(x$fpl$fcmpinf)
    __aeabi_fdiv                             0x08007101   Thumb Code     0  fdiv.o(x$fpl$fdiv)
    _fdiv                                    0x08007101   Thumb Code   384  fdiv.o(x$fpl$fdiv)
    __aeabi_cfcmpeq                          0x08007285   Thumb Code     0  feqf.o(x$fpl$feqf)
    _fcmpeq                                  0x08007285   Thumb Code   104  feqf.o(x$fpl$feqf)
    __aeabi_f2iz                             0x080072ed   Thumb Code     0  ffix.o(x$fpl$ffix)
    _ffix                                    0x080072ed   Thumb Code    54  ffix.o(x$fpl$ffix)
    __aeabi_f2uiz                            0x08007325   Thumb Code     0  ffixu.o(x$fpl$ffixu)
    _ffixu                                   0x08007325   Thumb Code    62  ffixu.o(x$fpl$ffixu)
    __aeabi_i2f                              0x08007365   Thumb Code     0  fflt_clz.o(x$fpl$fflt)
    _fflt                                    0x08007365   Thumb Code    48  fflt_clz.o(x$fpl$fflt)
    __aeabi_ui2f                             0x08007395   Thumb Code     0  fflt_clz.o(x$fpl$ffltu)
    _ffltu                                   0x08007395   Thumb Code    38  fflt_clz.o(x$fpl$ffltu)
    __aeabi_cfcmple                          0x080073bd   Thumb Code     0  fleqf.o(x$fpl$fleqf)
    _fcmple                                  0x080073bd   Thumb Code   104  fleqf.o(x$fpl$fleqf)
    __fpl_fcmple_InfNaN                      0x0800740f   Thumb Code     0  fleqf.o(x$fpl$fleqf)
    __aeabi_fmul                             0x08007425   Thumb Code     0  fmul.o(x$fpl$fmul)
    _fmul                                    0x08007425   Thumb Code   258  fmul.o(x$fpl$fmul)
    __fpl_fnaninf                            0x08007527   Thumb Code   140  fnaninf.o(x$fpl$fnaninf)
    __fpl_fretinf                            0x080075b3   Thumb Code    10  fretinf.o(x$fpl$fretinf)
    __aeabi_cfrcmple                         0x080075bd   Thumb Code     0  frleqf.o(x$fpl$frleqf)
    _frcmple                                 0x080075bd   Thumb Code    98  frleqf.o(x$fpl$frleqf)
    __aeabi_frsub                            0x0800761f   Thumb Code     0  faddsub_clz.o(x$fpl$frsb)
    _frsb                                    0x0800761f   Thumb Code    20  faddsub_clz.o(x$fpl$frsb)
    __aeabi_fsub                             0x08007635   Thumb Code     0  faddsub_clz.o(x$fpl$fsub)
    _fsub                                    0x08007635   Thumb Code   234  faddsub_clz.o(x$fpl$fsub)
    _printf_fp_dec                           0x0800771f   Thumb Code     4  printf1.o(x$fpl$printf1)
    __fpl_return_NaN                         0x08007723   Thumb Code   100  retnan.o(x$fpl$retnan)
    __ARM_scalbn                             0x08007787   Thumb Code    92  scalbn.o(x$fpl$scalbn)
    __fpl_cmpreturn                          0x080077e3   Thumb Code    48  trapv.o(x$fpl$trapveneer)
    __I$use$fp                               0x08007812   Number         0  usenofp.o(x$fpl$usenofp)
    reg                                      0x08008408   Data          27  inv_mpu.o(.constdata)
    hw                                       0x08008424   Data          12  inv_mpu.o(.constdata)
    test                                     0x08008430   Data          40  inv_mpu.o(.constdata)
    asc2_0806                                0x08008458   Data         552  oled.o(.constdata)
    asc2_1206                                0x08008680   Data        1140  oled.o(.constdata)
    asc2_1608                                0x08008af4   Data        1520  oled.o(.constdata)
    asc2_2412                                0x080090e4   Data        3420  oled.o(.constdata)
    Hzk1                                     0x08009e40   Data         352  oled.o(.constdata)
    Hzk2                                     0x08009fa0   Data          72  oled.o(.constdata)
    Hzk3                                     0x08009fe8   Data         128  oled.o(.constdata)
    Hzk4                                     0x0800a068   Data         512  oled.o(.constdata)
    __mathlib_zero                           0x0800a398   Data           8  qnan.o(.constdata)
    Region$$Table$$Base                      0x0800a484   Number         0  anon$$obj.o(Region$$Table)
    Region$$Table$$Limit                     0x0800a4a4   Number         0  anon$$obj.o(Region$$Table)
    __ctype                                  0x0800a4cd   Data           0  lc_ctype_c.o(locale$$data)
    SystemCoreClock                          0x20000000   Data           4  system_stm32f10x.o(.data)
    AHBPrescTable                            0x20000004   Data          16  system_stm32f10x.o(.data)
    __stdout                                 0x20000064   Data           4  uart.o(.data)
    USART_RX_STA                             0x20000068   Data           2  uart.o(.data)
    OLED_GRAM                                0x2000007c   Data        1152  oled.o(.bss)
    __libspace_start                         0x200004fc   Data          96  libspace.o(.bss)
    __temporary_stack_top$libspace           0x2000055c   Data           0  libspace.o(.bss)



==============================================================================

Memory Map of the image

  Image Entry point : 0x08000131

  Load Region LR_IROM1 (Base: 0x08000000, Size: 0x0000a63c, Max: 0x00010000, ABSOLUTE)

    Execution Region ER_IROM1 (Base: 0x08000000, Size: 0x0000a5d0, Max: 0x00010000, ABSOLUTE)

    Base Addr    Size         Type   Attr      Idx    E Section Name        Object

    0x08000000   0x00000130   Data   RO         1201    RESET               startup_stm32f10x_hd.o
    0x08000130   0x00000008   Code   RO         4341  * !!!main             c_w.l(__main.o)
    0x08000138   0x00000034   Code   RO         4763    !!!scatter          c_w.l(__scatter.o)
    0x0800016c   0x0000001a   Code   RO         4765    !!handler_copy      c_w.l(__scatter_copy.o)
    0x08000186   0x00000002   PAD
    0x08000188   0x0000001c   Code   RO         4767    !!handler_zi        c_w.l(__scatter_zi.o)
    0x080001a4   0x00000000   Code   RO         4334    .ARM.Collect$$_printf_percent$$00000000  c_w.l(_printf_percent.o)
    0x080001a4   0x00000006   Code   RO         4451    .ARM.Collect$$_printf_percent$$00000001  c_w.l(_printf_n.o)
    0x080001aa   0x00000006   Code   RO         4452    .ARM.Collect$$_printf_percent$$00000002  c_w.l(_printf_p.o)
    0x080001b0   0x00000006   Code   RO         4456    .ARM.Collect$$_printf_percent$$00000003  c_w.l(_printf_f.o)
    0x080001b6   0x00000006   Code   RO         4457    .ARM.Collect$$_printf_percent$$00000004  c_w.l(_printf_e.o)
    0x080001bc   0x00000006   Code   RO         4458    .ARM.Collect$$_printf_percent$$00000005  c_w.l(_printf_g.o)
    0x080001c2   0x00000006   Code   RO         4459    .ARM.Collect$$_printf_percent$$00000006  c_w.l(_printf_a.o)
    0x080001c8   0x0000000a   Code   RO         4464    .ARM.Collect$$_printf_percent$$00000007  c_w.l(_printf_ll.o)
    0x080001d2   0x00000006   Code   RO         4454    .ARM.Collect$$_printf_percent$$00000008  c_w.l(_printf_i.o)
    0x080001d8   0x00000006   Code   RO         4333    .ARM.Collect$$_printf_percent$$00000009  c_w.l(_printf_d.o)
    0x080001de   0x00000006   Code   RO         4455    .ARM.Collect$$_printf_percent$$0000000A  c_w.l(_printf_u.o)
    0x080001e4   0x00000006   Code   RO         4453    .ARM.Collect$$_printf_percent$$0000000B  c_w.l(_printf_o.o)
    0x080001ea   0x00000006   Code   RO         4332    .ARM.Collect$$_printf_percent$$0000000C  c_w.l(_printf_x.o)
    0x080001f0   0x00000006   Code   RO         4461    .ARM.Collect$$_printf_percent$$0000000D  c_w.l(_printf_lli.o)
    0x080001f6   0x00000006   Code   RO         4462    .ARM.Collect$$_printf_percent$$0000000E  c_w.l(_printf_lld.o)
    0x080001fc   0x00000006   Code   RO         4463    .ARM.Collect$$_printf_percent$$0000000F  c_w.l(_printf_llu.o)
    0x08000202   0x00000006   Code   RO         4468    .ARM.Collect$$_printf_percent$$00000010  c_w.l(_printf_llo.o)
    0x08000208   0x00000006   Code   RO         4469    .ARM.Collect$$_printf_percent$$00000011  c_w.l(_printf_llx.o)
    0x0800020e   0x0000000a   Code   RO         4465    .ARM.Collect$$_printf_percent$$00000012  c_w.l(_printf_l.o)
    0x08000218   0x00000006   Code   RO         4449    .ARM.Collect$$_printf_percent$$00000013  c_w.l(_printf_c.o)
    0x0800021e   0x00000006   Code   RO         4450    .ARM.Collect$$_printf_percent$$00000014  c_w.l(_printf_s.o)
    0x08000224   0x00000006   Code   RO         4466    .ARM.Collect$$_printf_percent$$00000015  c_w.l(_printf_lc.o)
    0x0800022a   0x00000006   Code   RO         4467    .ARM.Collect$$_printf_percent$$00000016  c_w.l(_printf_ls.o)
    0x08000230   0x00000004   Code   RO         4460    .ARM.Collect$$_printf_percent$$00000017  c_w.l(_printf_percent_end.o)
    0x08000234   0x00000002   Code   RO         4623    .ARM.Collect$$libinit$$00000000  c_w.l(libinit.o)
    0x08000236   0x00000000   Code   RO         4642    .ARM.Collect$$libinit$$00000002  c_w.l(libinit2.o)
    0x08000236   0x00000000   Code   RO         4644    .ARM.Collect$$libinit$$00000004  c_w.l(libinit2.o)
    0x08000236   0x00000000   Code   RO         4647    .ARM.Collect$$libinit$$0000000A  c_w.l(libinit2.o)
    0x08000236   0x00000000   Code   RO         4649    .ARM.Collect$$libinit$$0000000C  c_w.l(libinit2.o)
    0x08000236   0x00000000   Code   RO         4651    .ARM.Collect$$libinit$$0000000E  c_w.l(libinit2.o)
    0x08000236   0x00000006   Code   RO         4652    .ARM.Collect$$libinit$$0000000F  c_w.l(libinit2.o)
    0x0800023c   0x00000000   Code   RO         4654    .ARM.Collect$$libinit$$00000011  c_w.l(libinit2.o)
    0x0800023c   0x0000000c   Code   RO         4655    .ARM.Collect$$libinit$$00000012  c_w.l(libinit2.o)
    0x08000248   0x00000000   Code   RO         4656    .ARM.Collect$$libinit$$00000013  c_w.l(libinit2.o)
    0x08000248   0x00000000   Code   RO         4658    .ARM.Collect$$libinit$$00000015  c_w.l(libinit2.o)
    0x08000248   0x0000000a   Code   RO         4659    .ARM.Collect$$libinit$$00000016  c_w.l(libinit2.o)
    0x08000252   0x00000000   Code   RO         4660    .ARM.Collect$$libinit$$00000017  c_w.l(libinit2.o)
    0x08000252   0x00000000   Code   RO         4662    .ARM.Collect$$libinit$$00000019  c_w.l(libinit2.o)
    0x08000252   0x00000000   Code   RO         4664    .ARM.Collect$$libinit$$0000001B  c_w.l(libinit2.o)
    0x08000252   0x00000000   Code   RO         4666    .ARM.Collect$$libinit$$0000001D  c_w.l(libinit2.o)
    0x08000252   0x00000000   Code   RO         4668    .ARM.Collect$$libinit$$0000001F  c_w.l(libinit2.o)
    0x08000252   0x00000000   Code   RO         4670    .ARM.Collect$$libinit$$00000021  c_w.l(libinit2.o)
    0x08000252   0x00000000   Code   RO         4672    .ARM.Collect$$libinit$$00000023  c_w.l(libinit2.o)
    0x08000252   0x00000000   Code   RO         4674    .ARM.Collect$$libinit$$00000025  c_w.l(libinit2.o)
    0x08000252   0x00000000   Code   RO         4678    .ARM.Collect$$libinit$$0000002C  c_w.l(libinit2.o)
    0x08000252   0x00000000   Code   RO         4680    .ARM.Collect$$libinit$$0000002E  c_w.l(libinit2.o)
    0x08000252   0x00000000   Code   RO         4682    .ARM.Collect$$libinit$$00000030  c_w.l(libinit2.o)
    0x08000252   0x00000000   Code   RO         4684    .ARM.Collect$$libinit$$00000032  c_w.l(libinit2.o)
    0x08000252   0x00000002   Code   RO         4685    .ARM.Collect$$libinit$$00000033  c_w.l(libinit2.o)
    0x08000254   0x00000002   Code   RO         4715    .ARM.Collect$$libshutdown$$00000000  c_w.l(libshutdown.o)
    0x08000256   0x00000000   Code   RO         4729    .ARM.Collect$$libshutdown$$00000002  c_w.l(libshutdown2.o)
    0x08000256   0x00000000   Code   RO         4731    .ARM.Collect$$libshutdown$$00000004  c_w.l(libshutdown2.o)
    0x08000256   0x00000000   Code   RO         4734    .ARM.Collect$$libshutdown$$00000007  c_w.l(libshutdown2.o)
    0x08000256   0x00000000   Code   RO         4737    .ARM.Collect$$libshutdown$$0000000A  c_w.l(libshutdown2.o)
    0x08000256   0x00000000   Code   RO         4739    .ARM.Collect$$libshutdown$$0000000C  c_w.l(libshutdown2.o)
    0x08000256   0x00000000   Code   RO         4742    .ARM.Collect$$libshutdown$$0000000F  c_w.l(libshutdown2.o)
    0x08000256   0x00000002   Code   RO         4743    .ARM.Collect$$libshutdown$$00000010  c_w.l(libshutdown2.o)
    0x08000258   0x00000000   Code   RO         4417    .ARM.Collect$$rtentry$$00000000  c_w.l(__rtentry.o)
    0x08000258   0x00000000   Code   RO         4525    .ARM.Collect$$rtentry$$00000002  c_w.l(__rtentry2.o)
    0x08000258   0x00000006   Code   RO         4537    .ARM.Collect$$rtentry$$00000004  c_w.l(__rtentry4.o)
    0x0800025e   0x00000000   Code   RO         4527    .ARM.Collect$$rtentry$$00000009  c_w.l(__rtentry2.o)
    0x0800025e   0x00000004   Code   RO         4528    .ARM.Collect$$rtentry$$0000000A  c_w.l(__rtentry2.o)
    0x08000262   0x00000000   Code   RO         4530    .ARM.Collect$$rtentry$$0000000C  c_w.l(__rtentry2.o)
    0x08000262   0x00000008   Code   RO         4531    .ARM.Collect$$rtentry$$0000000D  c_w.l(__rtentry2.o)
    0x0800026a   0x00000002   Code   RO         4630    .ARM.Collect$$rtexit$$00000000  c_w.l(rtexit.o)
    0x0800026c   0x00000000   Code   RO         4689    .ARM.Collect$$rtexit$$00000002  c_w.l(rtexit2.o)
    0x0800026c   0x00000004   Code   RO         4690    .ARM.Collect$$rtexit$$00000003  c_w.l(rtexit2.o)
    0x08000270   0x00000006   Code   RO         4691    .ARM.Collect$$rtexit$$00000004  c_w.l(rtexit2.o)
    0x08000276   0x00000002   PAD
    0x08000278   0x00000040   Code   RO         1202    .text               startup_stm32f10x_hd.o
    0x080002b8   0x00000002   Code   RO         4275    .text               c_w.l(use_no_semi_2.o)
    0x080002ba   0x00000048   Code   RO         4277    .text               c_w.l(llsdiv.o)
    0x08000302   0x00000002   PAD
    0x08000304   0x00000034   Code   RO         4279    .text               c_w.l(c89vsnprintf.o)
    0x08000338   0x00000018   Code   RO         4281    .text               c_w.l(__2printf.o)
    0x08000350   0x0000004e   Code   RO         4287    .text               c_w.l(_printf_pad.o)
    0x0800039e   0x00000002   PAD
    0x080003a0   0x00000078   Code   RO         4289    .text               c_w.l(_printf_dec.o)
    0x08000418   0x00000094   Code   RO         4309    .text               c_w.l(_printf_hex_int_ll_ptr.o)
    0x080004ac   0x00000188   Code   RO         4329    .text               c_w.l(__printf_flags_ss_wp.o)
    0x08000634   0x00000058   Code   RO         4335    .text               c_w.l(memcmp.o)
    0x0800068c   0x00000010   Code   RO         4337    .text               c_w.l(aeabi_memset.o)
    0x0800069c   0x00000006   Code   RO         4339    .text               c_w.l(heapauxi.o)
    0x080006a2   0x00000002   Code   RO         4415    .text               c_w.l(use_no_semi.o)
    0x080006a4   0x000000ee   Code   RO         4418    .text               c_w.l(lludivv7m.o)
    0x08000792   0x00000016   Code   RO         4420    .text               c_w.l(_rserrno.o)
    0x080007a8   0x00000024   Code   RO         4422    .text               c_w.l(_printf_truncate.o)
    0x080007cc   0x00000052   Code   RO         4424    .text               c_w.l(_printf_str.o)
    0x0800081e   0x000000b2   Code   RO         4426    .text               c_w.l(_printf_intcommon.o)
    0x080008d0   0x00000028   Code   RO         4428    .text               c_w.l(_printf_charcount.o)
    0x080008f8   0x00000030   Code   RO         4430    .text               c_w.l(_printf_char_common.o)
    0x08000928   0x0000000a   Code   RO         4432    .text               c_w.l(_sputc.o)
    0x08000932   0x00000010   Code   RO         4434    .text               c_w.l(_snputc.o)
    0x08000942   0x00000002   PAD
    0x08000944   0x00000024   Code   RO         4436    .text               c_w.l(_printf_char_file.o)
    0x08000968   0x000000bc   Code   RO         4438    .text               c_w.l(_printf_wctomb.o)
    0x08000a24   0x0000007c   Code   RO         4441    .text               c_w.l(_printf_longlong_dec.o)
    0x08000aa0   0x00000070   Code   RO         4447    .text               c_w.l(_printf_oct_int_ll.o)
    0x08000b10   0x00000044   Code   RO         4470    .text               c_w.l(rt_memclr.o)
    0x08000b54   0x00000008   Code   RO         4546    .text               c_w.l(rt_errno_addr_intlibspace.o)
    0x08000b5c   0x0000008a   Code   RO         4548    .text               c_w.l(lludiv10.o)
    0x08000be6   0x0000041a   Code   RO         4550    .text               c_w.l(_printf_fp_dec.o)
    0x08001000   0x0000002c   Code   RO         4554    .text               c_w.l(_printf_char.o)
    0x0800102c   0x0000002c   Code   RO         4556    .text               c_w.l(_printf_wchar.o)
    0x08001058   0x00000008   Code   RO         4558    .text               c_w.l(ferror.o)
    0x08001060   0x00000040   Code   RO         4562    .text               c_w.l(_wcrtomb.o)
    0x080010a0   0x0000004e   Code   RO         4564    .text               c_w.l(rt_memclr_w.o)
    0x080010ee   0x00000002   PAD
    0x080010f0   0x00000008   Code   RO         4572    .text               c_w.l(libspace.o)
    0x080010f8   0x0000004a   Code   RO         4575    .text               c_w.l(sys_stackheap_outer.o)
    0x08001142   0x00000002   PAD
    0x08001144   0x00000010   Code   RO         4577    .text               c_w.l(rt_ctype_table.o)
    0x08001154   0x00000008   Code   RO         4584    .text               c_w.l(rt_locale_intlibspace.o)
    0x0800115c   0x00000080   Code   RO         4586    .text               c_w.l(_printf_fp_infnan.o)
    0x080011dc   0x000000dc   Code   RO         4588    .text               c_w.l(bigflt0.o)
    0x080012b8   0x00000012   Code   RO         4616    .text               c_w.l(exit.o)
    0x080012ca   0x00000002   PAD
    0x080012cc   0x00000080   Code   RO         4639    .text               c_w.l(strcmpv7m.o)
    0x0800134c   0x0000003e   Code   RO         4591    CL$$btod_d2e        c_w.l(btod.o)
    0x0800138a   0x00000046   Code   RO         4593    CL$$btod_d2e_denorm_low  c_w.l(btod.o)
    0x080013d0   0x00000060   Code   RO         4592    CL$$btod_d2e_norm_op1  c_w.l(btod.o)
    0x08001430   0x00000338   Code   RO         4601    CL$$btod_div_common  c_w.l(btod.o)
    0x08001768   0x000000c6   Code   RO         4598    CL$$btod_e2e        c_w.l(btod.o)
    0x0800182e   0x00000028   Code   RO         4595    CL$$btod_ediv       c_w.l(btod.o)
    0x08001856   0x00000028   Code   RO         4594    CL$$btod_emul       c_w.l(btod.o)
    0x0800187e   0x00000244   Code   RO         4600    CL$$btod_mult_common  c_w.l(btod.o)
    0x08001ac2   0x00000002   PAD
    0x08001ac4   0x00000038   Code   RO         1111    i.BEEP_Init         beep.o
    0x08001afc   0x00000004   Code   RO          145    i.BusFault_Handler  stm32f10x_it.o
    0x08001b00   0x00000002   Code   RO          146    i.DebugMon_Handler  stm32f10x_it.o
    0x08001b02   0x00000116   Code   RO         2368    i.GPIO_Init         stm32f10x_gpio.o
    0x08001c18   0x00000090   Code   RO         2370    i.GPIO_PinRemapConfig  stm32f10x_gpio.o
    0x08001ca8   0x00000004   Code   RO         2375    i.GPIO_ResetBits    stm32f10x_gpio.o
    0x08001cac   0x00000004   Code   RO         2376    i.GPIO_SetBits      stm32f10x_gpio.o
    0x08001cb0   0x00000004   Code   RO          147    i.HardFault_Handler  stm32f10x_it.o
    0x08001cb4   0x00000034   Code   RO         1063    i.I2C_Start         olediic.o
    0x08001ce8   0x00000024   Code   RO         1064    i.I2C_Stop          olediic.o
    0x08001d0c   0x0000002c   Code   RO         1065    i.I2C_WaitAck       olediic.o
    0x08001d38   0x00000010   Code   RO         1066    i.IIC_delay         olediic.o
    0x08001d48   0x0000002c   Code   RO         1099    i.LED_Init          led.o
    0x08001d74   0x00000050   Code   RO          268    i.MPU_Get_Accelerometer  mpu6050.o
    0x08001dc4   0x00000050   Code   RO          269    i.MPU_Get_Gyroscope  mpu6050.o
    0x08001e14   0x0000004c   Code   RO          350    i.MPU_IIC_Ack       mpuiic.o
    0x08001e60   0x0000000a   Code   RO          351    i.MPU_IIC_Delay     mpuiic.o
    0x08001e6a   0x00000002   PAD
    0x08001e6c   0x00000038   Code   RO          352    i.MPU_IIC_Init      mpuiic.o
    0x08001ea4   0x0000004c   Code   RO          353    i.MPU_IIC_NAck      mpuiic.o
    0x08001ef0   0x0000006c   Code   RO          354    i.MPU_IIC_Read_Byte  mpuiic.o
    0x08001f5c   0x0000005c   Code   RO          355    i.MPU_IIC_Send_Byte  mpuiic.o
    0x08001fb8   0x00000048   Code   RO          356    i.MPU_IIC_Start     mpuiic.o
    0x08002000   0x00000048   Code   RO          357    i.MPU_IIC_Stop      mpuiic.o
    0x08002048   0x00000064   Code   RO          358    i.MPU_IIC_Wait_Ack  mpuiic.o
    0x080020ac   0x000000c0   Code   RO          271    i.MPU_Init          mpu6050.o
    0x0800216c   0x0000003a   Code   RO          272    i.MPU_Read_Byte     mpu6050.o
    0x080021a6   0x00000074   Code   RO          273    i.MPU_Read_Len      mpu6050.o
    0x0800221a   0x00000010   Code   RO          274    i.MPU_Set_Accel_Fsr  mpu6050.o
    0x0800222a   0x00000010   Code   RO          275    i.MPU_Set_Gyro_Fsr  mpu6050.o
    0x0800223a   0x0000003a   Code   RO          276    i.MPU_Set_LPF       mpu6050.o
    0x08002274   0x0000003a   Code   RO          277    i.MPU_Set_Rate      mpu6050.o
    0x080022ae   0x00000044   Code   RO          278    i.MPU_Write_Byte    mpu6050.o
    0x080022f2   0x00000060   Code   RO          279    i.MPU_Write_Len     mpu6050.o
    0x08002352   0x00000004   Code   RO          148    i.MemManage_Handler  stm32f10x_it.o
    0x08002356   0x00000018   Code   RO          927    i.My_abs            oled.o
    0x0800236e   0x00000002   Code   RO          149    i.NMI_Handler       stm32f10x_it.o
    0x08002370   0x00000070   Code   RO         1217    i.NVIC_Init         misc.o
    0x080023e0   0x00000014   Code   RO         1218    i.NVIC_PriorityGroupConfig  misc.o
    0x080023f4   0x00000030   Code   RO          928    i.OLED_Clear        oled.o
    0x08002424   0x0000001c   Code   RO          929    i.OLED_ColorTurn    oled.o
    0x08002440   0x0000002c   Code   RO          932    i.OLED_DisplayTurn  oled.o
    0x0800246c   0x00000078   Code   RO          935    i.OLED_DrawPoint    oled.o
    0x080024e4   0x00000108   Code   RO          936    i.OLED_Init         oled.o
    0x080025ec   0x00000016   Code   RO          937    i.OLED_Pow          oled.o
    0x08002602   0x00000002   PAD
    0x08002604   0x00000068   Code   RO          938    i.OLED_Refresh      oled.o
    0x0800266c   0x0000013c   Code   RO          940    i.OLED_ShowChar     oled.o
    0x080027a8   0x000001ec   Code   RO          942    i.OLED_ShowFloat    oled.o
    0x08002994   0x0000008c   Code   RO          943    i.OLED_ShowNum      oled.o
    0x08002a20   0x0000004a   Code   RO          945    i.OLED_ShowString   oled.o
    0x08002a6a   0x00000038   Code   RO          946    i.OLED_WR_Byte      oled.o
    0x08002aa2   0x00000002   Code   RO          150    i.PendSV_Handler    stm32f10x_it.o
    0x08002aa4   0x00000020   Code   RO         2784    i.RCC_APB1PeriphClockCmd  stm32f10x_rcc.o
    0x08002ac4   0x00000020   Code   RO         2786    i.RCC_APB2PeriphClockCmd  stm32f10x_rcc.o
    0x08002ae4   0x000000d4   Code   RO         2794    i.RCC_GetClocksFreq  stm32f10x_rcc.o
    0x08002bb8   0x00000002   Code   RO          151    i.SVC_Handler       stm32f10x_it.o
    0x08002bba   0x00000002   PAD
    0x08002bbc   0x0000004c   Code   RO         1067    i.Send_Byte         olediic.o
    0x08002c08   0x00000008   Code   RO          234    i.SetSysClock       system_stm32f10x.o
    0x08002c10   0x000000e0   Code   RO          235    i.SetSysClockTo72   system_stm32f10x.o
    0x08002cf0   0x00000028   Code   RO         1221    i.SysTick_CLKSourceConfig  misc.o
    0x08002d18   0x00000002   Code   RO          152    i.SysTick_Handler   stm32f10x_it.o
    0x08002d1a   0x00000002   PAD
    0x08002d1c   0x00000060   Code   RO          237    i.SystemInit        system_stm32f10x.o
    0x08002d7c   0x00000098   Code   RO         1123    i.TIM1_PWM_Init     timer.o
    0x08002e14   0x00000030   Code   RO         1124    i.TIM3_IRQHandler   timer.o
    0x08002e44   0x00000090   Code   RO         1126    i.TIM3_PWM_Init     timer.o
    0x08002ed4   0x00000018   Code   RO         3406    i.TIM_ARRPreloadConfig  stm32f10x_tim.o
    0x08002eec   0x00000006   Code   RO         3413    i.TIM_ClearITPendingBit  stm32f10x_tim.o
    0x08002ef2   0x00000018   Code   RO         3418    i.TIM_Cmd           stm32f10x_tim.o
    0x08002f0a   0x0000001e   Code   RO         3420    i.TIM_CtrlPWMOutputs  stm32f10x_tim.o
    0x08002f28   0x00000022   Code   RO         3439    i.TIM_GetITStatus   stm32f10x_tim.o
    0x08002f4a   0x00000002   PAD
    0x08002f4c   0x00000098   Code   RO         3447    i.TIM_OC1Init       stm32f10x_tim.o
    0x08002fe4   0x00000012   Code   RO         3450    i.TIM_OC1PreloadConfig  stm32f10x_tim.o
    0x08002ff6   0x00000002   PAD
    0x08002ff8   0x000000a4   Code   RO         3452    i.TIM_OC2Init       stm32f10x_tim.o
    0x0800309c   0x0000001a   Code   RO         3455    i.TIM_OC2PreloadConfig  stm32f10x_tim.o
    0x080030b6   0x00000004   Code   RO         3479    i.TIM_SetCompare1   stm32f10x_tim.o
    0x080030ba   0x00000004   Code   RO         3480    i.TIM_SetCompare2   stm32f10x_tim.o
    0x080030be   0x00000002   PAD
    0x080030c0   0x000000a4   Code   RO         3489    i.TIM_TimeBaseInit  stm32f10x_tim.o
    0x08003164   0x0000001c   Code   RO         1153    i.USART1_IRQHandler  usart.o
    0x08003180   0x00000012   Code   RO         3950    i.USART_ClearFlag   stm32f10x_usart.o
    0x08003192   0x00000018   Code   RO         3954    i.USART_Cmd         stm32f10x_usart.o
    0x080031aa   0x0000001a   Code   RO         3957    i.USART_GetFlagStatus  stm32f10x_usart.o
    0x080031c4   0x00000054   Code   RO         3958    i.USART_GetITStatus  stm32f10x_usart.o
    0x08003218   0x0000004a   Code   RO         3960    i.USART_ITConfig    stm32f10x_usart.o
    0x08003262   0x00000002   PAD
    0x08003264   0x000000d8   Code   RO         3961    i.USART_Init        stm32f10x_usart.o
    0x0800333c   0x00000008   Code   RO         3971    i.USART_SendData    stm32f10x_usart.o
    0x08003344   0x00000004   Code   RO          153    i.UsageFault_Handler  stm32f10x_it.o
    0x08003348   0x000000b0   Code   RO         1154    i.Usart1_Init       usart.o
    0x080033f8   0x00000048   Code   RO         1156    i.UsartPrintf       usart.o
    0x08003440   0x00000028   Code   RO         4511    i.__ARM_fpclassify  m_ws.l(fpclassify.o)
    0x08003468   0x000000aa   Code   RO         4513    i.__kernel_poly     m_ws.l(poly.o)
    0x08003512   0x00000006   Code   RO         4498    i.__mathlib_dbl_infnan  m_ws.l(dunder.o)
    0x08003518   0x00000004   Code   RO         4499    i.__mathlib_dbl_infnan2  m_ws.l(dunder.o)
    0x0800351c   0x0000000c   Code   RO         4500    i.__mathlib_dbl_invalid  m_ws.l(dunder.o)
    0x08003528   0x00000010   Code   RO         4503    i.__mathlib_dbl_underflow  m_ws.l(dunder.o)
    0x08003538   0x0000000e   Code   RO         4322    i._is_digit         c_w.l(__printf_wp.o)
    0x08003546   0x00000004   Code   RO         4238    i._sys_exit         uart.o
    0x0800354a   0x00000002   PAD
    0x0800354c   0x000000a8   Code   RO          602    i.accel_self_test   inv_mpu.o
    0x080035f4   0x00000270   Code   RO         4398    i.asin              m_ws.l(asin.o)
    0x08003864   0x00000220   Code   RO         4488    i.atan              m_ws.l(atan.o)
    0x08003a84   0x00000180   Code   RO         4408    i.atan2             m_ws.l(atan2.o)
    0x08003c04   0x00000064   Code   RO          410    i.decode_gesture    inv_mpu_dmp_motion_driver.o
    0x08003c68   0x00000044   Code   RO         4184    i.delay_init        delay.o
    0x08003cac   0x0000004c   Code   RO         4185    i.delay_ms          delay.o
    0x08003cf8   0x0000004c   Code   RO         4186    i.delay_us          delay.o
    0x08003d44   0x0000003c   Code   RO          411    i.dmp_enable_6x_lp_quat  inv_mpu_dmp_motion_driver.o
    0x08003d80   0x0000021c   Code   RO          412    i.dmp_enable_feature  inv_mpu_dmp_motion_driver.o
    0x08003f9c   0x00000058   Code   RO          413    i.dmp_enable_gyro_cal  inv_mpu_dmp_motion_driver.o
    0x08003ff4   0x0000003c   Code   RO          414    i.dmp_enable_lp_quat  inv_mpu_dmp_motion_driver.o
    0x08004030   0x00000018   Code   RO          419    i.dmp_load_motion_driver_firmware  inv_mpu_dmp_motion_driver.o
    0x08004048   0x000001cc   Code   RO          420    i.dmp_read_fifo     inv_mpu_dmp_motion_driver.o
    0x08004214   0x00000130   Code   RO          423    i.dmp_set_accel_bias  inv_mpu_dmp_motion_driver.o
    0x08004344   0x00000070   Code   RO          424    i.dmp_set_fifo_rate  inv_mpu_dmp_motion_driver.o
    0x080043b4   0x00000130   Code   RO          425    i.dmp_set_gyro_bias  inv_mpu_dmp_motion_driver.o
    0x080044e4   0x00000138   Code   RO          427    i.dmp_set_orientation  inv_mpu_dmp_motion_driver.o
    0x0800461c   0x00000038   Code   RO          430    i.dmp_set_shake_reject_thresh  inv_mpu_dmp_motion_driver.o
    0x08004654   0x00000026   Code   RO          431    i.dmp_set_shake_reject_time  inv_mpu_dmp_motion_driver.o
    0x0800467a   0x00000026   Code   RO          432    i.dmp_set_shake_reject_timeout  inv_mpu_dmp_motion_driver.o
    0x080046a0   0x00000046   Code   RO          433    i.dmp_set_tap_axes  inv_mpu_dmp_motion_driver.o
    0x080046e6   0x00000026   Code   RO          434    i.dmp_set_tap_count  inv_mpu_dmp_motion_driver.o
    0x0800470c   0x000001a0   Code   RO          435    i.dmp_set_tap_thresh  inv_mpu_dmp_motion_driver.o
    0x080048ac   0x00000026   Code   RO          436    i.dmp_set_tap_time  inv_mpu_dmp_motion_driver.o
    0x080048d2   0x00000026   Code   RO          437    i.dmp_set_tap_time_multi  inv_mpu_dmp_motion_driver.o
    0x080048f8   0x0000001c   Code   RO         4239    i.fputc             uart.o
    0x08004914   0x000000b4   Code   RO          603    i.get_accel_prod_shift  inv_mpu.o
    0x080049c8   0x00000470   Code   RO          604    i.get_st_biases     inv_mpu.o
    0x08004e38   0x00000110   Code   RO          605    i.gyro_self_test    inv_mpu.o
    0x08004f48   0x00000028   Code   RO          606    i.inv_orientation_matrix_to_scalar  inv_mpu.o
    0x08004f70   0x0000004e   Code   RO          607    i.inv_row_2_scale   inv_mpu.o
    0x08004fbe   0x00000002   PAD
    0x08004fc0   0x000001c0   Code   RO            1    i.main              main.o
    0x08005180   0x00000002   Code   RO          608    i.mget_ms           inv_mpu.o
    0x08005182   0x00000002   PAD
    0x08005184   0x00000070   Code   RO          609    i.mpu_configure_fifo  inv_mpu.o
    0x080051f4   0x00000224   Code   RO          610    i.mpu_dmp_get_data  inv_mpu.o
    0x08005418   0x000000a0   Code   RO          611    i.mpu_dmp_init      inv_mpu.o
    0x080054b8   0x0000004c   Code   RO          612    i.mpu_get_accel_fsr  inv_mpu.o
    0x08005504   0x00000054   Code   RO          614    i.mpu_get_accel_sens  inv_mpu.o
    0x08005558   0x00000010   Code   RO          619    i.mpu_get_fifo_config  inv_mpu.o
    0x08005568   0x00000044   Code   RO          620    i.mpu_get_gyro_fsr  inv_mpu.o
    0x080055ac   0x00000050   Code   RO          622    i.mpu_get_gyro_sens  inv_mpu.o
    0x080055fc   0x00000050   Code   RO          624    i.mpu_get_lpf       inv_mpu.o
    0x0800564c   0x00000020   Code   RO          626    i.mpu_get_sample_rate  inv_mpu.o
    0x0800566c   0x000001f0   Code   RO          628    i.mpu_init          inv_mpu.o
    0x0800585c   0x000000b8   Code   RO          629    i.mpu_load_firmware  inv_mpu.o
    0x08005914   0x000000e0   Code   RO          630    i.mpu_lp_accel_mode  inv_mpu.o
    0x080059f4   0x000000c0   Code   RO          633    i.mpu_read_fifo_stream  inv_mpu.o
    0x08005ab4   0x00000080   Code   RO          634    i.mpu_read_mem      inv_mpu.o
    0x08005b34   0x000001c8   Code   RO          637    i.mpu_reset_fifo    inv_mpu.o
    0x08005cfc   0x0000011c   Code   RO          638    i.mpu_run_self_test  inv_mpu.o
    0x08005e18   0x00000084   Code   RO          640    i.mpu_set_accel_fsr  inv_mpu.o
    0x08005e9c   0x0000014c   Code   RO          641    i.mpu_set_bypass    inv_mpu.o
    0x08005fe8   0x00000090   Code   RO          643    i.mpu_set_dmp_state  inv_mpu.o
    0x08006078   0x00000088   Code   RO          644    i.mpu_set_gyro_fsr  inv_mpu.o
    0x08006100   0x0000006c   Code   RO          645    i.mpu_set_int_latched  inv_mpu.o
    0x0800616c   0x00000084   Code   RO          647    i.mpu_set_lpf       inv_mpu.o
    0x080061f0   0x0000009c   Code   RO          648    i.mpu_set_sample_rate  inv_mpu.o
    0x0800628c   0x000000d0   Code   RO          649    i.mpu_set_sensors   inv_mpu.o
    0x0800635c   0x00000080   Code   RO          650    i.mpu_write_mem     inv_mpu.o
    0x080063dc   0x00000094   Code   RO          651    i.run_self_test     inv_mpu.o
    0x08006470   0x00000090   Code   RO          652    i.set_int_enable    inv_mpu.o
    0x08006500   0x0000004c   Code   RO         4517    i.sqrt              m_ws.l(sqrt.o)
    0x0800654c   0x0000002c   Code   RO         4614    locale$$code        c_w.l(lc_numeric_c.o)
    0x08006578   0x0000002c   Code   RO         4633    locale$$code        c_w.l(lc_ctype_c.o)
    0x080065a4   0x00000062   Code   RO         4343    x$fpl$d2f           fz_ws.l(d2f.o)
    0x08006606   0x00000002   PAD
    0x08006608   0x00000150   Code   RO         4345    x$fpl$dadd          fz_ws.l(daddsub_clz.o)
    0x08006758   0x00000010   Code   RO         4566    x$fpl$dcheck1       fz_ws.l(dcheck1.o)
    0x08006768   0x000002b0   Code   RO         4352    x$fpl$ddiv          fz_ws.l(ddiv.o)
    0x08006a18   0x00000154   Code   RO         4361    x$fpl$dmul          fz_ws.l(dmul.o)
    0x08006b6c   0x0000009c   Code   RO         4472    x$fpl$dnaninf       fz_ws.l(dnaninf.o)
    0x08006c08   0x0000000c   Code   RO         4474    x$fpl$dretinf       fz_ws.l(dretinf.o)
    0x08006c14   0x00000016   Code   RO         4346    x$fpl$drsb          fz_ws.l(daddsub_clz.o)
    0x08006c2a   0x00000002   PAD
    0x08006c2c   0x000001cc   Code   RO         4570    x$fpl$dsqrt         fz_ws.l(dsqrt_noumaal.o)
    0x08006df8   0x000001d4   Code   RO         4347    x$fpl$dsub          fz_ws.l(daddsub_clz.o)
    0x08006fcc   0x00000056   Code   RO         4363    x$fpl$f2d           fz_ws.l(f2d.o)
    0x08007022   0x00000002   PAD
    0x08007024   0x000000c4   Code   RO         4365    x$fpl$fadd          fz_ws.l(faddsub_clz.o)
    0x080070e8   0x00000018   Code   RO         4476    x$fpl$fcmpinf       fz_ws.l(fcmpi.o)
    0x08007100   0x00000184   Code   RO         4372    x$fpl$fdiv          fz_ws.l(fdiv.o)
    0x08007284   0x00000068   Code   RO         4375    x$fpl$feqf          fz_ws.l(feqf.o)
    0x080072ec   0x00000036   Code   RO         4377    x$fpl$ffix          fz_ws.l(ffix.o)
    0x08007322   0x00000002   PAD
    0x08007324   0x0000003e   Code   RO         4381    x$fpl$ffixu         fz_ws.l(ffixu.o)
    0x08007362   0x00000002   PAD
    0x08007364   0x00000030   Code   RO         4386    x$fpl$fflt          fz_ws.l(fflt_clz.o)
    0x08007394   0x00000026   Code   RO         4385    x$fpl$ffltu         fz_ws.l(fflt_clz.o)
    0x080073ba   0x00000002   PAD
    0x080073bc   0x00000068   Code   RO         4391    x$fpl$fleqf         fz_ws.l(fleqf.o)
    0x08007424   0x00000102   Code   RO         4393    x$fpl$fmul          fz_ws.l(fmul.o)
    0x08007526   0x0000008c   Code   RO         4478    x$fpl$fnaninf       fz_ws.l(fnaninf.o)
    0x080075b2   0x0000000a   Code   RO         4480    x$fpl$fretinf       fz_ws.l(fretinf.o)
    0x080075bc   0x00000062   Code   RO         4395    x$fpl$frleqf        fz_ws.l(frleqf.o)
    0x0800761e   0x00000014   Code   RO         4366    x$fpl$frsb          fz_ws.l(faddsub_clz.o)
    0x08007632   0x00000002   PAD
    0x08007634   0x000000ea   Code   RO         4367    x$fpl$fsub          fz_ws.l(faddsub_clz.o)
    0x0800771e   0x00000004   Code   RO         4482    x$fpl$printf1       fz_ws.l(printf1.o)
    0x08007722   0x00000064   Code   RO         4628    x$fpl$retnan        fz_ws.l(retnan.o)
    0x08007786   0x0000005c   Code   RO         4484    x$fpl$scalbn        fz_ws.l(scalbn.o)
    0x080077e2   0x00000030   Code   RO         4686    x$fpl$trapveneer    fz_ws.l(trapv.o)
    0x08007812   0x00000000   Code   RO         4486    x$fpl$usenofp       fz_ws.l(usenofp.o)
    0x08007812   0x00000bf6   Data   RO          439    .constdata          inv_mpu_dmp_motion_driver.o
    0x08008408   0x00000050   Data   RO          654    .constdata          inv_mpu.o
    0x08008458   0x00001e10   Data   RO          948    .constdata          oled.o
    0x0800a268   0x00000028   Data   RO         4310    .constdata          c_w.l(_printf_hex_int_ll_ptr.o)
    0x0800a290   0x00000011   Data   RO         4330    .constdata          c_w.l(__printf_flags_ss_wp.o)
    0x0800a2a1   0x00000007   PAD
    0x0800a2a8   0x00000050   Data   RO         4399    .constdata          m_ws.l(asin.o)
    0x0800a2f8   0x00000008   Data   RO         4439    .constdata          c_w.l(_printf_wctomb.o)
    0x0800a300   0x00000098   Data   RO         4489    .constdata          m_ws.l(atan.o)
    0x0800a398   0x00000008   Data   RO         4515    .constdata          m_ws.l(qnan.o)
    0x0800a3a0   0x00000094   Data   RO         4589    .constdata          c_w.l(bigflt0.o)
    0x0800a434   0x0000004d   Data   RO          655    .conststring        inv_mpu.o
    0x0800a481   0x00000003   PAD
    0x0800a484   0x00000020   Data   RO         4761    Region$$Table       anon$$obj.o
    0x0800a4a4   0x0000001c   Data   RO         4613    locale$$data        c_w.l(lc_numeric_c.o)
    0x0800a4c0   0x00000110   Data   RO         4632    locale$$data        c_w.l(lc_ctype_c.o)


    Execution Region RW_IRAM1 (Base: 0x20000000, Size: 0x00000b60, Max: 0x00005000, ABSOLUTE)

    Base Addr    Size         Type   Attr      Idx    E Section Name        Object

    0x20000000   0x00000014   Data   RW          238    .data               system_stm32f10x.o
    0x20000014   0x00000035   Data   RW          656    .data               inv_mpu.o
    0x20000049   0x00000014   Data   RW         2814    .data               stm32f10x_rcc.o
    0x2000005d   0x00000001   PAD
    0x2000005e   0x00000004   Data   RW         4187    .data               delay.o
    0x20000062   0x00000002   PAD
    0x20000064   0x00000006   Data   RW         4242    .data               uart.o
    0x2000006a   0x00000002   PAD
    0x2000006c   0x00000010   Zero   RW          438    .bss                inv_mpu_dmp_motion_driver.o
    0x2000007c   0x00000480   Zero   RW          947    .bss                oled.o
    0x200004fc   0x00000060   Zero   RW         4573    .bss                c_w.l(libspace.o)
    0x2000055c   0x00000004   PAD
    0x20000560   0x00000200   Zero   RW         1200    HEAP                startup_stm32f10x_hd.o
    0x20000760   0x00000400   Zero   RW         1199    STACK               startup_stm32f10x_hd.o


==============================================================================

Image component sizes


      Code (inc. data)   RO Data    RW Data    ZI Data      Debug   Object Name

        56          6          0          0          0        500   beep.o
       220         26          0          4          0       1755   delay.o
      6864        290        157         53          0      31552   inv_mpu.o
      3096        122       3062          0         16      20958   inv_mpu_dmp_motion_driver.o
        44          6          0          0          0        491   led.o
       448         84          0          0          0     252235   main.o
       172         22          0          0          0       2089   misc.o
       838         12          0          0          0       7799   mpu6050.o
       662        100          0          0          0       4914   mpuiic.o
      1732         48       7696          0       1152      10322   oled.o
       224         18          0          0          0       2465   olediic.o
        64         26        304          0       1536        832   startup_stm32f10x_hd.o
       430          6          0          0          0       3914   stm32f10x_gpio.o
        26          0          0          0          0       3790   stm32f10x_it.o
       276         32          0         20          0       4470   stm32f10x_rcc.o
       650         72          0          0          0       7889   stm32f10x_tim.o
       450          6          0          0          0       6243   stm32f10x_usart.o
       328         28          0         20          0       2125   system_stm32f10x.o
       344         32          0          0          0       1990   timer.o
        32          4          0          6          0       2860   uart.o
       276         14          0          0          0       2976   usart.o

    ----------------------------------------------------------------------
     17254        954      11254        108       2704     372169   Object Totals
         0          0         32          0          0          0   (incl. Generated)
        22          0          3          5          0          0   (incl. Padding)

    ----------------------------------------------------------------------

      Code (inc. data)   RO Data    RW Data    ZI Data      Debug   Library Member Name

        24          4          0          0          0         84   __2printf.o
         8          0          0          0          0         68   __main.o
       392          4         17          0          0         92   __printf_flags_ss_wp.o
        14          0          0          0          0         68   __printf_wp.o
         0          0          0          0          0          0   __rtentry.o
        12          0          0          0          0          0   __rtentry2.o
         6          0          0          0          0          0   __rtentry4.o
        52          8          0          0          0          0   __scatter.o
        26          0          0          0          0          0   __scatter_copy.o
        28          0          0          0          0          0   __scatter_zi.o
         6          0          0          0          0          0   _printf_a.o
         6          0          0          0          0          0   _printf_c.o
        44          0          0          0          0        108   _printf_char.o
        48          6          0          0          0         96   _printf_char_common.o
        36          4          0          0          0         80   _printf_char_file.o
        40          0          0          0          0         68   _printf_charcount.o
         6          0          0          0          0          0   _printf_d.o
       120         16          0          0          0         92   _printf_dec.o
         6          0          0          0          0          0   _printf_e.o
         6          0          0          0          0          0   _printf_f.o
      1050          0          0          0          0        216   _printf_fp_dec.o
       128         16          0          0          0         84   _printf_fp_infnan.o
         6          0          0          0          0          0   _printf_g.o
       148          4         40          0          0        160   _printf_hex_int_ll_ptr.o
         6          0          0          0          0          0   _printf_i.o
       178          0          0          0          0         88   _printf_intcommon.o
        10          0          0          0          0          0   _printf_l.o
         6          0          0          0          0          0   _printf_lc.o
        10          0          0          0          0          0   _printf_ll.o
         6          0          0          0          0          0   _printf_lld.o
         6          0          0          0          0          0   _printf_lli.o
         6          0          0          0          0          0   _printf_llo.o
         6          0          0          0          0          0   _printf_llu.o
         6          0          0          0          0          0   _printf_llx.o
       124         16          0          0          0         92   _printf_longlong_dec.o
         6          0          0          0          0          0   _printf_ls.o
         6          0          0          0          0          0   _printf_n.o
         6          0          0          0          0          0   _printf_o.o
       112          8          0          0          0        124   _printf_oct_int_ll.o
         6          0          0          0          0          0   _printf_p.o
        78          0          0          0          0        108   _printf_pad.o
         0          0          0          0          0          0   _printf_percent.o
         4          0          0          0          0          0   _printf_percent_end.o
         6          0          0          0          0          0   _printf_s.o
        82          0          0          0          0         80   _printf_str.o
        36          0          0          0          0         84   _printf_truncate.o
         6          0          0          0          0          0   _printf_u.o
        44          0          0          0          0        108   _printf_wchar.o
       188          6          8          0          0         92   _printf_wctomb.o
         6          0          0          0          0          0   _printf_x.o
        22          0          0          0          0        100   _rserrno.o
        16          0          0          0          0         68   _snputc.o
        10          0          0          0          0         68   _sputc.o
        64          0          0          0          0         92   _wcrtomb.o
        16          0          0          0          0         68   aeabi_memset.o
       220          4        148          0          0         96   bigflt0.o
      1910        128          0          0          0        672   btod.o
        52          4          0          0          0         80   c89vsnprintf.o
        18          0          0          0          0         80   exit.o
         8          0          0          0          0         68   ferror.o
         6          0          0          0          0        152   heapauxi.o
        44         10        272          0          0         76   lc_ctype_c.o
        44         10         28          0          0         76   lc_numeric_c.o
         2          0          0          0          0          0   libinit.o
        30          0          0          0          0          0   libinit2.o
         2          0          0          0          0          0   libshutdown.o
         2          0          0          0          0          0   libshutdown2.o
         8          4          0          0         96         68   libspace.o
        72          0          0          0          0         76   llsdiv.o
       138          0          0          0          0         80   lludiv10.o
       238          0          0          0          0        100   lludivv7m.o
        88          0          0          0          0         76   memcmp.o
        16          4          0          0          0         76   rt_ctype_table.o
         8          4          0          0          0         68   rt_errno_addr_intlibspace.o
         8          4          0          0          0         68   rt_locale_intlibspace.o
        68          0          0          0          0         68   rt_memclr.o
        78          0          0          0          0         80   rt_memclr_w.o
         2          0          0          0          0          0   rtexit.o
        10          0          0          0          0          0   rtexit2.o
       128          0          0          0          0         68   strcmpv7m.o
        74          0          0          0          0         80   sys_stackheap_outer.o
         2          0          0          0          0         68   use_no_semi.o
         2          0          0          0          0         68   use_no_semi_2.o
        98          4          0          0          0         92   d2f.o
       826         16          0          0          0        348   daddsub_clz.o
        16          4          0          0          0         68   dcheck1.o
       688        140          0          0          0        208   ddiv.o
       340         12          0          0          0        104   dmul.o
       156          4          0          0          0         92   dnaninf.o
        12          0          0          0          0         68   dretinf.o
       460         56          0          0          0        120   dsqrt_noumaal.o
        86          4          0          0          0         84   f2d.o
       450          8          0          0          0        236   faddsub_clz.o
        24          0          0          0          0         68   fcmpi.o
       388         76          0          0          0         96   fdiv.o
       104          4          0          0          0         84   feqf.o
        54          4          0          0          0         84   ffix.o
        62          4          0          0          0         84   ffixu.o
        86          0          0          0          0        136   fflt_clz.o
       104          4          0          0          0         84   fleqf.o
       258          4          0          0          0         84   fmul.o
       140          4          0          0          0         84   fnaninf.o
        10          0          0          0          0         68   fretinf.o
        98          0          0          0          0         68   frleqf.o
         4          0          0          0          0         68   printf1.o
       100          0          0          0          0         68   retnan.o
        92          0          0          0          0         68   scalbn.o
        48          0          0          0          0         68   trapv.o
         0          0          0          0          0          0   usenofp.o
       624         52         80          0          0        168   asin.o
       544         70        152          0          0        124   atan.o
       384         38          0          0          0        144   atan2.o
        38          6          0          0          0        272   dunder.o
        40          0          0          0          0         68   fpclassify.o
       170          0          0          0          0         96   poly.o
         0          0          8          0          0          0   qnan.o
        76          0          0          0          0         84   sqrt.o

    ----------------------------------------------------------------------
     13180        778        760          0        100       8320   Library Totals
        32          0          7          0          4          0   (incl. Padding)

    ----------------------------------------------------------------------

      Code (inc. data)   RO Data    RW Data    ZI Data      Debug   Library Name

      6568        264        513          0         96       4732   c_w.l
      4704        348          0          0          0       2632   fz_ws.l
      1876        166        240          0          0        956   m_ws.l

    ----------------------------------------------------------------------
     13180        778        760          0        100       8320   Library Totals

    ----------------------------------------------------------------------

==============================================================================


      Code (inc. data)   RO Data    RW Data    ZI Data      Debug   

     30434       1732      12014        108       2804     368369   Grand Totals
     30434       1732      12014        108       2804     368369   ELF Image Totals
     30434       1732      12014        108          0          0   ROM Totals

==============================================================================

    Total RO  Size (Code + RO Data)                42448 (  41.45kB)
    Total RW  Size (RW Data + ZI Data)              2912 (   2.84kB)
    Total ROM Size (Code + RO Data + RW Data)      42556 (  41.56kB)

==============================================================================

