<html>
<body>
<pre>
<h1>礦ision Build Log</h1>
<h2>Tool Versions:</h2>
IDE-Version: μVision V5.18.0.0
Copyright (C) 2016 ARM Ltd and ARM Germany GmbH. All rights reserved.
License Information: bai 2396536, HP Inc., LIC=FQQBS-L3K00-ILBCB-2YTQF-A0NQ6-I4NQ8
 
Tool Versions:
Toolchain:       MDK-ARM Professional  Version: 5.18
Toolchain Path:  D:\KeilMDK5\ARM\ARMCC\Bin
C Compiler:      Armcc.exe V5.06 update 1 (build 61)
Assembler:       Armasm.exe V5.06 update 1 (build 61)
Linker/Locator:  ArmLink.exe V5.06 update 1 (build 61)
Library Manager: ArmAr.exe V5.06 update 1 (build 61)
Hex Converter:   FromElf.exe V5.06 update 1 (build 61)
CPU DLL:         SARMCM3.DLL V5.18
Dialog DLL:      DCM.DLL V1.13.6.0
Target DLL:      STLink\ST-LINKIII-KEIL_SWO.dll V2.0.18.0
Dialog DLL:      TCM.DLL V1.14.8.0
 
<h2>Project:</h2>
F:\电子设计竞赛\21-8-4国赛\训练项目\code\dcp\Project_Code\USER\Electromagnetic-gun.uvprojx
Project File Date:  07/29/2021

<h2>Output:</h2>
*** Using Compiler 'V5.06 update 1 (build 61)', folder: 'D:\KeilMDK5\ARM\ARMCC\Bin'
Rebuild target 'Electromagnetic-gun'
compiling stm32f10x_it.c...
compiling mpuiic.c...
compiling main.c...
compiling inv_mpu.c...
compiling system_stm32f10x.c...
compiling inv_mpu_dmp_motion_driver.c...
compiling mpu6050.c...
compiling led.c...
compiling oled.c...
compiling olediic.c...
assembling startup_stm32f10x_hd.s...
compiling usart.c...
compiling beep.c...
compiling timer.c...
compiling hmi.c...
compiling openmv.c...
compiling key.c...
compiling core_cm3.c...
compiling misc.c...
compiling stm32f10x_dac.c...
compiling stm32f10x_bkp.c...
compiling stm32f10x_crc.c...
compiling stm32f10x_cec.c...
compiling stm32f10x_adc.c...
compiling stm32f10x_can.c...
compiling stm32f10x_dbgmcu.c...
compiling stm32f10x_exti.c...
compiling stm32f10x_gpio.c...
compiling stm32f10x_dma.c...
compiling stm32f10x_iwdg.c...
compiling stm32f10x_fsmc.c...
compiling stm32f10x_i2c.c...
compiling stm32f10x_flash.c...
compiling stm32f10x_pwr.c...
compiling stm32f10x_rtc.c...
compiling stm32f10x_rcc.c...
compiling stm32f10x_spi.c...
compiling stm32f10x_sdio.c...
compiling stm32f10x_tim.c...
compiling stm32f10x_usart.c...
compiling stm32f10x_wwdg.c...
compiling delay.c...
compiling uart.c...
compiling sys.c...
linking...
Program Size: Code=31886 RO-data=12010 RW-data=112 ZI-data=3024  
FromELF: creating hex file...
"..\OBJ\Electromagnetic-gun.axf" - 0 Error(s), 0 Warning(s).

<h2>Collection of Component include folders:</h2>
  F:\电子设计竞赛\21-8-4国赛\训练项目\code\dcp\Project_Code\USER\RTE
  D:\KeilMDK5\ARM\PACK\Keil\STM32F1xx_DFP\1.0.5\Device\Include

<h2>Collection of Component Files used:</h2>
Build Time Elapsed:  00:00:23
</pre>
</body>
</html>
