<html>
<body>
<pre>
<h1>礦ision Build Log</h1>
<h2>Project:</h2>
F:\code\TEST\STM32串口UART5\USER\USART.uvproj
Project File Date:  12/03/2015

<h2>Output:</h2>
Load "..\\OBJ\\USART.AXF" 
* JLink Info: Device "STM32F103ZE" selected.
Set JLink Project File to "F:\code\TEST\STM32串口UART5\USER\JLinkSettings.ini"
 
JLink info:
------------
DLL: V4.98b, compiled Apr 10 2015 20:15:52
Firmware: J-Link V9 compiled Apr 10 2015 10:51:08
Hardware: V9.20
S/N : 29999997 
Feature(s) : GDB, RDI, FlashBP, FlashDL, JFlash, RDDI 
 
* JLink Info: Found SWD-DP with ID 0x1BA01477
* JLink Info: Found SWD-DP with ID 0x1BA01477
* JLink Info: Found Cortex-M3 r1p1, Little endian.
* JLink Info: FPUnit: 6 code (BP) slots and 2 literal slots
* JLink Info: CoreSight components:
* JLink Info: ROMTbl 0 @ E00FF000
* JLink Info: ROMTbl 0 [0]: FFF0F000, CID: B105E00D, PID: 001BB000 SCS
* JLink Info: ROMTbl 0 [1]: FFF02000, CID: B105E00D, PID: 001BB002 DWT
* JLink Info: ROMTbl 0 [2]: FFF03000, CID: B105E00D, PID: 000BB003 FPB
* JLink Info: ROMTbl 0 [3]: FFF01000, CID: B105E00D, PID: 001BB001 ITM
* JLink Info: ROMTbl 0 [4]: FFF41000, CID: B105900D, PID: 001BB923 TPIU-Lite
* JLink Info: ROMTbl 0 [5]: FFF42000, CID: B105900D, PID: 101BB924 ETM-M3
ROMTableAddr = 0xE00FF003
 
Target info:
------------
Device: STM32F103ZE
VTarget = 3.274V
State of Pins: 
TCK: 0, TDI: 1, TDO: 0, TMS: 1, TRES: 1, TRST: 1
Hardware-Breakpoints: 6
Software-Breakpoints: 8192
Watchpoints:          4
JTAG speed: 4000 kHz
 
Erase Done.
Programming Done.
Verify OK.
Application running ...
Build target 'Target 1'
linking...
Program Size: Code=5684 RO-data=336 RW-data=56 ZI-data=1696  
FromELF: creating hex file...
"..\OBJ\USART.axf" - 0 Error(s), 0 Warning(s).
Load "..\\OBJ\\USART.AXF" 
* JLink Info: Device "STM32F103ZE" selected.
Set JLink Project File to "F:\code\TEST\STM32串口UART5\USER\JLinkSettings.ini"
 
JLink info:
------------
DLL: V4.98b, compiled Apr 10 2015 20:15:52
Firmware: J-Link V9 compiled Apr 10 2015 10:51:08
Hardware: V9.20
S/N : 29999997 
Feature(s) : GDB, RDI, FlashBP, FlashDL, JFlash, RDDI 
 
Load "..\\OBJ\\USART.AXF" 
* JLink Info: Device "STM32F103ZE" selected.
Set JLink Project File to "F:\code\TEST\STM32串口UART5\USER\JLinkSettings.ini"
 
JLink info:
------------
DLL: V4.98b, compiled Apr 10 2015 20:15:52
Firmware: J-Link V9 compiled Apr 10 2015 10:51:08
Hardware: V9.20
S/N : 29999997 
Feature(s) : GDB, RDI, FlashBP, FlashDL, JFlash, RDDI 
 
* JLink Info: Found SWD-DP with ID 0x1BA01477
* JLink Info: Found SWD-DP with ID 0x1BA01477
* JLink Info: Found Cortex-M3 r1p1, Little endian.
* JLink Info: FPUnit: 6 code (BP) slots and 2 literal slots
* JLink Info: CoreSight components:
* JLink Info: ROMTbl 0 @ E00FF000
* JLink Info: ROMTbl 0 [0]: FFF0F000, CID: B105E00D, PID: 001BB000 SCS
* JLink Info: ROMTbl 0 [1]: FFF02000, CID: B105E00D, PID: 001BB002 DWT
* JLink Info: ROMTbl 0 [2]: FFF03000, CID: B105E00D, PID: 000BB003 FPB
* JLink Info: ROMTbl 0 [3]: FFF01000, CID: B105E00D, PID: 001BB001 ITM
* JLink Info: ROMTbl 0 [4]: FFF41000, CID: B105900D, PID: 001BB923 TPIU-Lite
* JLink Info: ROMTbl 0 [5]: FFF42000, CID: B105900D, PID: 101BB924 ETM-M3
ROMTableAddr = 0xE00FF003
 
Target info:
------------
Device: STM32F103ZE
VTarget = 3.275V
State of Pins: 
TCK: 0, TDI: 1, TDO: 0, TMS: 1, TRES: 1, TRST: 1
Hardware-Breakpoints: 6
Software-Breakpoints: 8192
Watchpoints:          4
JTAG speed: 4000 kHz
 
Erase Done.
Programming Done.
Verify OK.
Application running ...
